Archive member included because of file (symbol)

/home/jmherruzo/LEGO/nxtOSEK/ecrobot/../ecrobot/libecrobot.a(ecrobot_interface.o)
                              build/ecrobot_base.o (ecrobot_get_battery_voltage)
/home/jmherruzo/LEGO/nxtOSEK/ecrobot/../ecrobot/libecrobot.a(colorsensor.o)
                              /home/jmherruzo/LEGO/nxtOSEK/ecrobot/../ecrobot/libecrobot.a(ecrobot_interface.o) (colorsensor_light_get)
/home/jmherruzo/LEGO/nxtOSEK/ecrobot/../ecrobot/libecrobot.a(osek_hook.o)
                              build/kernel/osctl.o (StartupHook)
/home/jmherruzo/LEGO/nxtOSEK/ecrobot/../ecrobot/libecrobot.a(uart.oram)
                              build/config/at91sam7s-gnu/irq.oram (uart_isr_C_1)
/home/jmherruzo/LEGO/nxtOSEK/ecrobot/../ecrobot/libecrobot.a(systick.oram)
                              build/config/at91sam7s-gnu/irq.oram (systick_isr_C)
/home/jmherruzo/LEGO/nxtOSEK/ecrobot/../ecrobot/libecrobot.a(byte_fifo.oram)
                              /home/jmherruzo/LEGO/nxtOSEK/ecrobot/../ecrobot/libecrobot.a(uart.oram) (byte_fifo_init)
/home/jmherruzo/LEGO/nxtOSEK/ecrobot/../ecrobot/libecrobot.a(aic.oram)
                              /home/jmherruzo/LEGO/nxtOSEK/ecrobot/../ecrobot/libecrobot.a(uart.oram) (aic_mask_off)
/home/jmherruzo/LEGO/nxtOSEK/ecrobot/../ecrobot/libecrobot.a(udp.oram)
                              build/config/at91sam7s-gnu/irq.oram (udp_isr_C)
/home/jmherruzo/LEGO/nxtOSEK/ecrobot/../ecrobot/libecrobot.a(twi.oram)
                              build/config/at91sam7s-gnu/irq.oram (twi_isr_C)
/home/jmherruzo/LEGO/nxtOSEK/ecrobot/../ecrobot/libecrobot.a(nxt_spi.oram)
                              build/config/at91sam7s-gnu/irq.oram (spi_isr_C)
/home/jmherruzo/LEGO/nxtOSEK/ecrobot/../ecrobot/libecrobot.a(nxt_motors.oram)
                              build/practica_1c.o (nxt_motor_get_count)
/home/jmherruzo/LEGO/nxtOSEK/ecrobot/../ecrobot/libecrobot.a(data_abort.oram)
                              build/ecrobot_init.o (data_abort_C)
/home/jmherruzo/LEGO/nxtOSEK/ecrobot/../ecrobot/libecrobot.a(display.oram)
                              build/ecrobot_base.o (display_goto_xy)
/home/jmherruzo/LEGO/nxtOSEK/ecrobot/../ecrobot/libecrobot.a(i2c.oram)
                              build/config/at91sam7s-gnu/irq.oram (i2c_timer_isr_C)
/home/jmherruzo/LEGO/nxtOSEK/ecrobot/../ecrobot/libecrobot.a(sound.oram)
                              /home/jmherruzo/LEGO/nxtOSEK/ecrobot/../ecrobot/libecrobot.a(ecrobot_interface.o) (sound_freq_vol)
/home/jmherruzo/LEGO/nxtOSEK/ecrobot/../ecrobot/libecrobot.a(bt.oram)
                              build/ecrobot_bluetooth.o (bt_pending)
/home/jmherruzo/LEGO/nxtOSEK/ecrobot/../ecrobot/libecrobot.a(nxt_avr.oram)
                              build/ecrobot_base.o (nxt_avr_power_down)
/home/jmherruzo/LEGO/nxtOSEK/ecrobot/../ecrobot/libecrobot.a(sensors.oram)
                              /home/jmherruzo/LEGO/nxtOSEK/ecrobot/../ecrobot/libecrobot.a(ecrobot_interface.o) (set_digi0)
/home/jmherruzo/LEGO/nxtOSEK/ecrobot/../ecrobot/libecrobot.a(sensors1.oram)
                              /home/jmherruzo/LEGO/nxtOSEK/ecrobot/../ecrobot/libecrobot.a(colorsensor.o) (sp_set_mode)
/home/jmherruzo/LEGO/nxtOSEK/ecrobot/../ecrobot/libecrobot.a(nxt_lcd.oram)
                              /home/jmherruzo/LEGO/nxtOSEK/ecrobot/../ecrobot/libecrobot.a(display.oram) (nxt_lcd_update)
/home/jmherruzo/LEGO/nxtOSEK/ecrobot/../ecrobot/libecrobot.a(flash_loader.oram)
                              build/ecrobot.o (nxt_device_init)
/home/jmherruzo/LEGO/nxtOSEK/ecrobot/../ecrobot/libecrobot.a(interrupts.oram)
                              /home/jmherruzo/LEGO/nxtOSEK/ecrobot/../ecrobot/libecrobot.a(uart.oram) (interrupts_get_and_disable)
/home/jmherruzo/LEGO/nxtOSEK/ecrobot/../ecrobot/libecrobot.a(nxtosek_splash.obmp)
                              build/ecrobot_base.o (nxtosek_splash_bmp_start)
/home/jmherruzo/LEGO/nxtOSEK/ecrobot/../ecrobot/libecrobot.a(ecrobot_usb.o)
                              /home/jmherruzo/LEGO/nxtOSEK/ecrobot/../ecrobot/libecrobot.a(flash_loader.oram) (ecrobot_term_usb)
/home/jmherruzo/LEGO/nxtOSEK/ecrobot/../ecrobot/libecrobot.a(flashprog.oram)
                              /home/jmherruzo/LEGO/nxtOSEK/ecrobot/../ecrobot/libecrobot.a(flash_loader.oram) (flash_write_page)
/home/jmherruzo/LEGO/gnuarm/lib/gcc/arm-elf/4.4.2/thumb/interwork/libgcc.a(_udivsi3.o)
                              build/ecrobot_base.o (__udivsi3)
/home/jmherruzo/LEGO/gnuarm/lib/gcc/arm-elf/4.4.2/thumb/interwork/libgcc.a(_divsi3.o)
                              /home/jmherruzo/LEGO/nxtOSEK/ecrobot/../ecrobot/libecrobot.a(uart.oram) (__divsi3)
/home/jmherruzo/LEGO/gnuarm/lib/gcc/arm-elf/4.4.2/thumb/interwork/libgcc.a(_umodsi3.o)
                              /home/jmherruzo/LEGO/nxtOSEK/ecrobot/../ecrobot/libecrobot.a(display.oram) (__umodsi3)
/home/jmherruzo/LEGO/gnuarm/lib/gcc/arm-elf/4.4.2/thumb/interwork/libgcc.a(_modsi3.o)
[...]
Memory Configuration

Name             Origin             Length             Attributes
rom              0x0000000000108000 0x0000000000038000
vector_ram       0x0000000000200000 0x0000000000000040
ram              0x0000000000200040 0x000000000000ffc0
*default*        0x0000000000000000 0xffffffffffffffff

Linker script and memory map

LOAD build/kernel/alarm.o
LOAD build/kernel/event.o
LOAD build/kernel/interrupt.o
LOAD build/kernel/osctl.o
LOAD build/kernel/resource.o
LOAD build/kernel/task.o
LOAD build/kernel/task_manage.o
LOAD build/config/at91sam7s-gnu/cpu_config.o
LOAD build/config/at91sam7s-gnu/lego_nxt/sys_config.o
LOAD build/./kernel_cfg.o
LOAD build/syscalls.o
LOAD build/ecrobot_bluetooth.o
LOAD build/ecrobot_base.o
LOAD build/ecrobot.o
LOAD build/practica_1c.o
LOAD build/syslib/at91sam7s-gnu/lego_nxt/hw_sys_timer.oram
LOAD build/nxtvm/platform/nxt/vectors.o
LOAD build/config/at91sam7s-gnu/debug.o
LOAD build/config/at91sam7s-gnu/lego_nxt/sys_support.o
LOAD build/nxt_binary_header.o
LOAD build/nxt_entry_point.o
LOAD build/ecrobot_init.o
LOAD build/config/at91sam7s-gnu/cpu_support.oram
LOAD build/config/at91sam7s-gnu/irq.oram
LOAD /home/jmherruzo/LEGO/nxtOSEK/ecrobot/../c++/liblejososek.a
LOAD /home/jmherruzo/LEGO/nxtOSEK/ecrobot/../ecrobot/libecrobot.a
LOAD /home/jmherruzo/LEGO/gnuarm/lib/gcc/arm-elf/4.4.2/../../../../arm-elf/lib/thumb/interwork/libstdc++.a
LOAD /home/jmherruzo/LEGO/gnuarm/lib/gcc/arm-elf/4.4.2/../../../../arm-elf/lib/thumb/interwork/libm.a
START GROUP
LOAD /home/jmherruzo/LEGO/gnuarm/lib/gcc/arm-elf/4.4.2/thumb/interwork/libgcc.a
LOAD /home/jmherruzo/LEGO/gnuarm/lib/gcc/arm-elf/4.4.2/../../../../arm-elf/lib/thumb/interwork/libc.a
END GROUP
                0x0000000000108000                ROM_BASE = 0x108000
                0x0000000000038000                ROM_SIZE = 0x38000
                0x0000000000200000                RAM_BASE = 0x200000
                0x0000000000010000                RAM_SIZE = 0x10000

.vectors        0x0000000000200000       0x40 load address 0x0000000000108000
 vectors.o(*.text *.text.*)
 .text          0x0000000000200000       0x38 build/nxtvm/platform/nxt/vectors.o
                0x0000000000200040                . = ALIGN (0x10)
 *fill*         0x0000000000200038        0x8 00
                0x0000000000200000                __vectors_ram_start__ = ADDR (.vectors)
                0x0000000000200040                __vectors_ram_end__ = (ADDR (.vectors) + SIZEOF (.vectors))
                0x0000000000108000                __vectors_load_start__ = LOADADDR (.vectors)
                0x0000000000108040                __vectors_load_end__ = (LOADADDR (.vectors) + SIZEOF (.vectors))

.init           0x0000000000108040      0x280
 *ecrobot_init.o(*.text *.text.*)
 .text          0x0000000000108040      0x280 build/ecrobot_init.o
                0x0000000000108040                start
                0x00000000001081ac                undef_handler
                0x00000000001081b0                swi_handler
                0x00000000001081b4                prefetch_abort_handler
                0x00000000001081b8                data_abort_handler
                0x00000000001081d4                reserved_handler
                0x00000000001082c0                . = ALIGN (0x10)

.ram_text       0x0000000000200040     0x33e0 load address 0x00000000001082c0
                0x0000000000200040                . = ALIGN (0x10)
 *.oram(*.text *.text.* *.glue*)
 .text.systick_isr_C1
                0x0000000000200040       0x28 build/syslib/at91sam7s-gnu/lego_nxt/hw_sys_timer.oram
                0x0000000000200040                systick_isr_C1
 *fill*         0x0000000000200068        0x8 00
 .text          0x0000000000200070      0x230 build/config/at91sam7s-gnu/cpu_support.oram
                0x0000000000200070                dispatch
                0x00000000002000b0                activate_r
                0x00000000002000e0                exit_and_dispatch
                0x00000000002000f0                start_dispatch
                0x00000000002001ac                _interrupt
                0x000000000020021c                int_return
                0x0000000000200248                disable_int
                0x0000000000200250                enable_int
                0x0000000000200258                nop
 .text          0x00000000002002a0      0x2c0 build/config/at91sam7s-gnu/irq.oram
                0x00000000002002a0                default_isr
                0x00000000002002a0                default_fiq
                0x00000000002002a0                spurious_isr
                0x00000000002002a4                systick_isr_entry
                0x00000000002002ec                systick_low_priority_entry
                0x000000000020032c                udp_isr_entry
                0x000000000020036c                spi_isr_entry
                0x00000000002003ac                twi_isr_entry
                0x00000000002003ec                sound_isr_entry
                0x000000000020042c                uart_isr_entry_0
                0x000000000020046c                uart_isr_entry_1
                0x00000000002004ac                nxt_motor_isr_entry
                0x00000000002004ec                i2c_timer_isr_entry
 .text.uart_process_isr
                0x0000000000200560       0x88 /home/jmherruzo/LEGO/nxtOSEK/ecrobot/../ecrobot/libecrobot.a(uart.oram)
 .text.uart_isr_C_1
                0x00000000002005e8        0xc /home/jmherruzo/LEGO/nxtOSEK/ecrobot/../ecrobot/libecrobot.a(uart.oram)
                0x00000000002005e8                uart_isr_C_1
 .text.uart_isr_C_0
                0x00000000002005f4        0xc /home/jmherruzo/LEGO/nxtOSEK/ecrobot/../ecrobot/libecrobot.a(uart.oram)
                0x00000000002005f4                uart_isr_C_0
 .text.systick_isr_C
                0x0000000000200600       0x24 /home/jmherruzo/LEGO/nxtOSEK/ecrobot/../ecrobot/libecrobot.a(systick.oram)
                0x0000000000200600                systick_isr_C
 .text.systick_get_ms
                0x0000000000200624        0xc /home/jmherruzo/LEGO/nxtOSEK/ecrobot/../ecrobot/libecrobot.a(systick.oram)
                0x0000000000200624                systick_get_ms
 .text.systick_wait_ms
                0x0000000000200630       0x1c /home/jmherruzo/LEGO/nxtOSEK/ecrobot/../ecrobot/libecrobot.a(systick.oram)
                0x0000000000200630                systick_wait_ms
 .text.systick_wait_ns
                0x000000000020064c       0x1c /home/jmherruzo/LEGO/nxtOSEK/ecrobot/../ecrobot/libecrobot.a(systick.oram)
                0x000000000020064c                systick_wait_ns
 .text.systick_resume
                0x0000000000200668        0xc /home/jmherruzo/LEGO/nxtOSEK/ecrobot/../ecrobot/libecrobot.a(systick.oram)
                0x0000000000200668                systick_resume
 .text.systick_suspend
                0x0000000000200674        0xc /home/jmherruzo/LEGO/nxtOSEK/ecrobot/../ecrobot/libecrobot.a(systick.oram)
                0x0000000000200674                systick_suspend
 .text.systick_init
                0x0000000000200680       0x58 /home/jmherruzo/LEGO/nxtOSEK/ecrobot/../ecrobot/libecrobot.a(systick.oram)
                0x0000000000200680                systick_init
 .text.systick_low_priority_C
                0x00000000002006d8       0x1c /home/jmherruzo/LEGO/nxtOSEK/ecrobot/../ecrobot/libecrobot.a(systick.oram)
                0x00000000002006d8                systick_low_priority_C
 .text.byte_fifo_put
                0x00000000002006f4       0x50 /home/jmherruzo/LEGO/nxtOSEK/ecrobot/../ecrobot/libecrobot.a(byte_fifo.oram)
                0x00000000002006f4                byte_fifo_put
 .text.byte_fifo_get
                0x0000000000200744       0x2c /home/jmherruzo/LEGO/nxtOSEK/ecrobot/../ecrobot/libecrobot.a(byte_fifo.oram)
                0x0000000000200744                byte_fifo_get
 .text.aic_initialise
                0x0000000000200770       0x5c /home/jmherruzo/LEGO/nxtOSEK/ecrobot/../ecrobot/libecrobot.a(aic.oram)
                0x0000000000200770                aic_initialise
 .text.aic_clear
                0x00000000002007cc       0x24 /home/jmherruzo/LEGO/nxtOSEK/ecrobot/../ecrobot/libecrobot.a(aic.oram)
                0x00000000002007cc                aic_clear
 .text.aic_mask_off
                0x00000000002007f0       0x24 /home/jmherruzo/LEGO/nxtOSEK/ecrobot/../ecrobot/libecrobot.a(aic.oram)
                0x00000000002007f0                aic_mask_off
 .text.aic_mask_on
                0x0000000000200814       0x24 /home/jmherruzo/LEGO/nxtOSEK/ecrobot/../ecrobot/libecrobot.a(aic.oram)
                0x0000000000200814                aic_mask_on
 .text.aic_set_vector
                0x0000000000200838       0x30 /home/jmherruzo/LEGO/nxtOSEK/ecrobot/../ecrobot/libecrobot.a(aic.oram)
                0x0000000000200838                aic_set_vector
 .text.udp_send_control
                0x0000000000200868       0x5c /home/jmherruzo/LEGO/nxtOSEK/ecrobot/../ecrobot/libecrobot.a(udp.oram)
 .text.udp_isr_C
                0x00000000002008c4      0x99c /home/jmherruzo/LEGO/nxtOSEK/ecrobot/../ecrobot/libecrobot.a(udp.oram)
                0x00000000002008c4                udp_isr_C
 .text.twi_status
                0x0000000000201260       0x20 /home/jmherruzo/LEGO/nxtOSEK/ecrobot/../ecrobot/libecrobot.a(twi.oram)
                0x0000000000201260                twi_status
 .text.twi_isr_C
                0x0000000000201280       0xbc /home/jmherruzo/LEGO/nxtOSEK/ecrobot/../ecrobot/libecrobot.a(twi.oram)
                0x0000000000201280                twi_isr_C
 .text.twi_start_read
                0x000000000020133c       0x58 /home/jmherruzo/LEGO/nxtOSEK/ecrobot/../ecrobot/libecrobot.a(twi.oram)
                0x000000000020133c                twi_start_read
 .text.twi_start_write
                0x0000000000201394       0x58 /home/jmherruzo/LEGO/nxtOSEK/ecrobot/../ecrobot/libecrobot.a(twi.oram)
                0x0000000000201394                twi_start_write
 .text.twi_reset
                0x00000000002013ec       0xb8 /home/jmherruzo/LEGO/nxtOSEK/ecrobot/../ecrobot/libecrobot.a(twi.oram)
                0x00000000002013ec                twi_reset
 .text.twi_init
                0x00000000002014a4       0x4c /home/jmherruzo/LEGO/nxtOSEK/ecrobot/../ecrobot/libecrobot.a(twi.oram)
                0x00000000002014a4                twi_init
 .text.spi_isr_C
                0x00000000002014f0       0x90 /home/jmherruzo/LEGO/nxtOSEK/ecrobot/../ecrobot/libecrobot.a(nxt_spi.oram)
                0x00000000002014f0                spi_isr_C
 .text.nxt_spi_write
                0x0000000000201580       0x78 /home/jmherruzo/LEGO/nxtOSEK/ecrobot/../ecrobot/libecrobot.a(nxt_spi.oram)
                0x0000000000201580                nxt_spi_write
 .text.nxt_spi_set_display
                0x00000000002015f8       0x10 /home/jmherruzo/LEGO/nxtOSEK/ecrobot/../ecrobot/libecrobot.a(nxt_spi.oram)
                0x00000000002015f8                nxt_spi_set_display
 .text.nxt_spi_refresh
                0x0000000000201608       0x24 /home/jmherruzo/LEGO/nxtOSEK/ecrobot/../ecrobot/libecrobot.a(nxt_spi.oram)
                0x0000000000201608                nxt_spi_refresh
 .text.nxt_spi_init
                0x000000000020162c      0x128 /home/jmherruzo/LEGO/nxtOSEK/ecrobot/../ecrobot/libecrobot.a(nxt_spi.oram)
                0x000000000020162c                nxt_spi_init
 .text.nxt_motor_get_count
                0x0000000000201754       0x14 /home/jmherruzo/LEGO/nxtOSEK/ecrobot/../ecrobot/libecrobot.a(nxt_motors.oram)
                0x0000000000201754                nxt_motor_get_count
 .text.nxt_motor_set_count
                0x0000000000201768       0x10 /home/jmherruzo/LEGO/nxtOSEK/ecrobot/../ecrobot/libecrobot.a(nxt_motors.oram)
                0x0000000000201768                nxt_motor_set_count
 .text.nxt_motor_1kHz_process
                0x0000000000201778       0x28 /home/jmherruzo/LEGO/nxtOSEK/ecrobot/../ecrobot/libecrobot.a(nxt_motors.oram)
                0x0000000000201778                nxt_motor_1kHz_process
 .text.nxt_motor_quad_decode
                0x00000000002017a0       0x48 /home/jmherruzo/LEGO/nxtOSEK/ecrobot/../ecrobot/libecrobot.a(nxt_motors.oram)
                0x00000000002017a0                nxt_motor_quad_decode
 .text.nxt_motor_init
                0x00000000002017e8       0x64 /home/jmherruzo/LEGO/nxtOSEK/ecrobot/../ecrobot/libecrobot.a(nxt_motors.oram)
                0x00000000002017e8                nxt_motor_init
 .text.nxt_motor_isr_C
                0x000000000020184c       0x88 /home/jmherruzo/LEGO/nxtOSEK/ecrobot/../ecrobot/libecrobot.a(nxt_motors.oram)
                0x000000000020184c                nxt_motor_isr_C
 .text.nxt_motor_set_speed
                0x00000000002018d4       0x30 /home/jmherruzo/LEGO/nxtOSEK/ecrobot/../ecrobot/libecrobot.a(nxt_motors.oram)
                0x00000000002018d4                nxt_motor_set_speed
 .text.data_abort_C
                0x0000000000201904       0x7c /home/jmherruzo/LEGO/nxtOSEK/ecrobot/../ecrobot/libecrobot.a(data_abort.oram)
                0x0000000000201904                data_abort_C
 .text.display_goto_xy
                0x0000000000201980       0x14 /home/jmherruzo/LEGO/nxtOSEK/ecrobot/../ecrobot/libecrobot.a(display.oram)
                0x0000000000201980                display_goto_xy
 .text.display_char
                0x0000000000201994       0x54 /home/jmherruzo/LEGO/nxtOSEK/ecrobot/../ecrobot/libecrobot.a(display.oram)
                0x0000000000201994                display_char
 .text.display_string
                0x00000000002019e8       0x40 /home/jmherruzo/LEGO/nxtOSEK/ecrobot/../ecrobot/libecrobot.a(display.oram)
                0x00000000002019e8                display_string
 .text.display_hex
                0x0000000000201a28       0x50 /home/jmherruzo/LEGO/nxtOSEK/ecrobot/../ecrobot/libecrobot.a(display.oram)
                0x0000000000201a28                display_hex
 .text.display_unsigned_worker
                0x0000000000201a78       0x74 /home/jmherruzo/LEGO/nxtOSEK/ecrobot/../ecrobot/libecrobot.a(display.oram)
 .text.display_unsigned
                0x0000000000201aec        0xc /home/jmherruzo/LEGO/nxtOSEK/ecrobot/../ecrobot/libecrobot.a(display.oram)
                0x0000000000201aec                display_unsigned
 .text.display_int
                0x0000000000201af8       0x14 /home/jmherruzo/LEGO/nxtOSEK/ecrobot/../ecrobot/libecrobot.a(display.oram)
                0x0000000000201af8                display_int
 .text.display_bitmap_copy
                0x0000000000201b0c       0x60 /home/jmherruzo/LEGO/nxtOSEK/ecrobot/../ecrobot/libecrobot.a(display.oram)
                0x0000000000201b0c                display_bitmap_copy
 .text.display_force_update
                0x0000000000201b6c        0xc /home/jmherruzo/LEGO/nxtOSEK/ecrobot/../ecrobot/libecrobot.a(display.oram)
                0x0000000000201b6c                display_force_update
 .text.display_update
                0x0000000000201b78       0x14 /home/jmherruzo/LEGO/nxtOSEK/ecrobot/../ecrobot/libecrobot.a(display.oram)
                0x0000000000201b78                display_update
 .text.display_clear
                0x0000000000201b8c       0x24 /home/jmherruzo/LEGO/nxtOSEK/ecrobot/../ecrobot/libecrobot.a(display.oram)
                0x0000000000201b8c                display_clear
 .text.display_init
                0x0000000000201bb0       0x64 /home/jmherruzo/LEGO/nxtOSEK/ecrobot/../ecrobot/libecrobot.a(display.oram)
                0x0000000000201bb0                display_init
 .text.i2c_timer_isr_C
                0x0000000000201c14      0x2e0 /home/jmherruzo/LEGO/nxtOSEK/ecrobot/../ecrobot/libecrobot.a(i2c.oram)
                0x0000000000201c14                i2c_timer_isr_C
 .text.i2c_disable
                0x0000000000201ef4       0x20 /home/jmherruzo/LEGO/nxtOSEK/ecrobot/../ecrobot/libecrobot.a(i2c.oram)
                0x0000000000201ef4                i2c_disable
 .text.i2c_enable
                0x0000000000201f14       0x44 /home/jmherruzo/LEGO/nxtOSEK/ecrobot/../ecrobot/libecrobot.a(i2c.oram)
                0x0000000000201f14                i2c_enable
 .text.i2c_busy
                0x0000000000201f58       0x20 /home/jmherruzo/LEGO/nxtOSEK/ecrobot/../ecrobot/libecrobot.a(i2c.oram)
                0x0000000000201f58                i2c_busy
 .text.i2c_start_transaction
                0x0000000000201f78      0x10c /home/jmherruzo/LEGO/nxtOSEK/ecrobot/../ecrobot/libecrobot.a(i2c.oram)
                0x0000000000201f78                i2c_start_transaction
 .text.i2c_init
                0x0000000000202084       0xac /home/jmherruzo/LEGO/nxtOSEK/ecrobot/../ecrobot/libecrobot.a(i2c.oram)
                0x0000000000202084                i2c_init
 .text.set_vol  0x0000000000202130       0xa8 /home/jmherruzo/LEGO/nxtOSEK/ecrobot/../ecrobot/libecrobot.a(sound.oram)
 .text.sound_freq_vol
                0x00000000002021d8      0x1a0 /home/jmherruzo/LEGO/nxtOSEK/ecrobot/../ecrobot/libecrobot.a(sound.oram)
                0x00000000002021d8                sound_freq_vol
 .text.sound_fill_sample_buffer
                0x0000000000202378       0xe8 /home/jmherruzo/LEGO/nxtOSEK/ecrobot/../ecrobot/libecrobot.a(sound.oram)
                0x0000000000202378                sound_fill_sample_buffer
 .text.sound_isr_C
                0x0000000000202460      0x12c /home/jmherruzo/LEGO/nxtOSEK/ecrobot/../ecrobot/libecrobot.a(sound.oram)
                0x0000000000202460                sound_isr_C
 .text.sound_init
                0x000000000020258c       0xa0 /home/jmherruzo/LEGO/nxtOSEK/ecrobot/../ecrobot/libecrobot.a(sound.oram)
                0x000000000020258c                sound_init
 .text.bt_init  0x000000000020262c      0x1ac /home/jmherruzo/LEGO/nxtOSEK/ecrobot/../ecrobot/libecrobot.a(bt.oram)
                0x000000000020262c                bt_init
 .text.nxt_avr_power_down
                0x00000000002027d8       0x10 /home/jmherruzo/LEGO/nxtOSEK/ecrobot/../ecrobot/libecrobot.a(nxt_avr.oram)
                0x00000000002027d8                nxt_avr_power_down
 .text.buttons_get
                0x00000000002027e8        0xc /home/jmherruzo/LEGO/nxtOSEK/ecrobot/../ecrobot/libecrobot.a(nxt_avr.oram)
                0x00000000002027e8                buttons_get
 .text.battery_voltage
                0x00000000002027f4       0x24 /home/jmherruzo/LEGO/nxtOSEK/ecrobot/../ecrobot/libecrobot.a(nxt_avr.oram)
                0x00000000002027f4                battery_voltage
 .text.sensor_adc
                0x0000000000202818       0x20 /home/jmherruzo/LEGO/nxtOSEK/ecrobot/../ecrobot/libecrobot.a(nxt_avr.oram)
                0x0000000000202818                sensor_adc
 .text.nxt_avr_set_motor
                0x0000000000202838       0x2c /home/jmherruzo/LEGO/nxtOSEK/ecrobot/../ecrobot/libecrobot.a(nxt_avr.oram)
                0x0000000000202838                nxt_avr_set_motor
 .text.nxt_avr_set_input_power
                0x0000000000202864       0x3c /home/jmherruzo/LEGO/nxtOSEK/ecrobot/../ecrobot/libecrobot.a(nxt_avr.oram)
                0x0000000000202864                nxt_avr_set_input_power
 .text.nxt_avr_init
                0x00000000002028a0       0x68 /home/jmherruzo/LEGO/nxtOSEK/ecrobot/../ecrobot/libecrobot.a(nxt_avr.oram)
                0x00000000002028a0                nxt_avr_init
 .text.nxt_avr_link_init
                0x0000000000202908       0x20 /home/jmherruzo/LEGO/nxtOSEK/ecrobot/../ecrobot/libecrobot.a(nxt_avr.oram)
                0x0000000000202908                nxt_avr_link_init
 .text.nxt_avr_1kHz_update
                0x0000000000202928      0x1d0 /home/jmherruzo/LEGO/nxtOSEK/ecrobot/../ecrobot/libecrobot.a(nxt_avr.oram)
                0x0000000000202928                nxt_avr_1kHz_update
 .text.init_sensors
                0x0000000000202af8       0xb8 /home/jmherruzo/LEGO/nxtOSEK/ecrobot/../ecrobot/libecrobot.a(sensors.oram)
                0x0000000000202af8                init_sensors
 .text.nxt_lcd_update
                0x0000000000202bb0        0xc /home/jmherruzo/LEGO/nxtOSEK/ecrobot/../ecrobot/libecrobot.a(nxt_lcd.oram)
                0x0000000000202bb0                nxt_lcd_update
 .text.nxt_lcd_command
                0x0000000000202bbc       0x18 /home/jmherruzo/LEGO/nxtOSEK/ecrobot/../ecrobot/libecrobot.a(nxt_lcd.oram)
                0x0000000000202bbc                nxt_lcd_command
 .text.nxt_lcd_set_bias_ratio
                0x0000000000202bd4       0x18 /home/jmherruzo/LEGO/nxtOSEK/ecrobot/../ecrobot/libecrobot.a(nxt_lcd.oram)
                0x0000000000202bd4                nxt_lcd_set_bias_ratio
 .text.nxt_lcd_reset
                0x0000000000202bec        0xc /home/jmherruzo/LEGO/nxtOSEK/ecrobot/../ecrobot/libecrobot.a(nxt_lcd.oram)
                0x0000000000202bec                nxt_lcd_reset
 .text.nxt_lcd_power_down
                0x0000000000202bf8        0xc /home/jmherruzo/LEGO/nxtOSEK/ecrobot/../ecrobot/libecrobot.a(nxt_lcd.oram)
                0x0000000000202bf8                nxt_lcd_power_down
 .text.nxt_lcd_set_map_control
                0x0000000000202c04       0x1c /home/jmherruzo/LEGO/nxtOSEK/ecrobot/../ecrobot/libecrobot.a(nxt_lcd.oram)
                0x0000000000202c04                nxt_lcd_set_map_control
 .text.nxt_lcd_enable
                0x0000000000202c20       0x14 /home/jmherruzo/LEGO/nxtOSEK/ecrobot/../ecrobot/libecrobot.a(nxt_lcd.oram)
                0x0000000000202c20                nxt_lcd_enable
 .text.nxt_lcd_set_ram_address_control
                0x0000000000202c34       0x18 /home/jmherruzo/LEGO/nxtOSEK/ecrobot/../ecrobot/libecrobot.a(nxt_lcd.oram)
                0x0000000000202c34                nxt_lcd_set_ram_address_control
 .text.nxt_lcd_set_pot
                0x0000000000202c4c       0x18 /home/jmherruzo/LEGO/nxtOSEK/ecrobot/../ecrobot/libecrobot.a(nxt_lcd.oram)
                0x0000000000202c4c                nxt_lcd_set_pot
 .text.nxt_lcd_set_page_address
                0x0000000000202c64       0x18 /home/jmherruzo/LEGO/nxtOSEK/ecrobot/../ecrobot/libecrobot.a(nxt_lcd.oram)
                0x0000000000202c64                nxt_lcd_set_page_address
 .text.nxt_lcd_set_multiplex_rate
                0x0000000000202c7c       0x18 /home/jmherruzo/LEGO/nxtOSEK/ecrobot/../ecrobot/libecrobot.a(nxt_lcd.oram)
                0x0000000000202c7c                nxt_lcd_set_multiplex_rate
 .text.nxt_lcd_power_up
                0x0000000000202c94       0x48 /home/jmherruzo/LEGO/nxtOSEK/ecrobot/../ecrobot/libecrobot.a(nxt_lcd.oram)
                0x0000000000202c94                nxt_lcd_power_up
 .text.nxt_lcd_init
                0x0000000000202cdc       0x18 /home/jmherruzo/LEGO/nxtOSEK/ecrobot/../ecrobot/libecrobot.a(nxt_lcd.oram)
                0x0000000000202cdc                nxt_lcd_init
 .text.nxt_lcd_set_col
                0x0000000000202cf4       0x24 /home/jmherruzo/LEGO/nxtOSEK/ecrobot/../ecrobot/libecrobot.a(nxt_lcd.oram)
                0x0000000000202cf4                nxt_lcd_set_col
 .text.nxt_lcd_force_update
                0x0000000000202d18       0x30 /home/jmherruzo/LEGO/nxtOSEK/ecrobot/../ecrobot/libecrobot.a(nxt_lcd.oram)
                0x0000000000202d18                nxt_lcd_force_update
 .text.nxt_device_init
                0x0000000000202d48       0x38 /home/jmherruzo/LEGO/nxtOSEK/ecrobot/../ecrobot/libecrobot.a(flash_loader.oram)
                0x0000000000202d48                nxt_device_init
 .text.set_flash_request
                0x0000000000202d80       0x54 /home/jmherruzo/LEGO/nxtOSEK/ecrobot/../ecrobot/libecrobot.a(flash_loader.oram)
                0x0000000000202d80                set_flash_request
 .text          0x0000000000202dd4       0x68 /home/jmherruzo/LEGO/nxtOSEK/ecrobot/../ecrobot/libecrobot.a(interrupts.oram)
                0x0000000000202dd4                interrupts_get_and_disable
                0x0000000000202df8                interrupts_enable
                0x0000000000202e08                fiq_get_and_disable
                0x0000000000202e2c                fiq_enable
 .text.flash_write_page
                0x0000000000202e3c       0xbc /home/jmherruzo/LEGO/nxtOSEK/ecrobot/../ecrobot/libecrobot.a(flashprog.oram)
                0x0000000000202e3c                flash_write_page
                0x0000000000202f00                . = ALIGN (0x10)
 *fill*         0x0000000000202ef8        0x8 00
 *.oram(*.rodata *.rodata.*)
 .rodata.dd     0x0000000000202f00       0x14 /home/jmherruzo/LEGO/nxtOSEK/ecrobot/../ecrobot/libecrobot.a(udp.oram)
 .rodata.ld     0x0000000000202f14        0x4 /home/jmherruzo/LEGO/nxtOSEK/ecrobot/../ecrobot/libecrobot.a(udp.oram)
 .rodata.cfd    0x0000000000202f18       0x20 /home/jmherruzo/LEGO/nxtOSEK/ecrobot/../ecrobot/libecrobot.a(udp.oram)
 .rodata.str1.1
                0x0000000000202f38       0x1d /home/jmherruzo/LEGO/nxtOSEK/ecrobot/../ecrobot/libecrobot.a(data_abort.oram)
 *fill*         0x0000000000202f55        0x3 00
 .rodata.font   0x0000000000202f58      0x280 /home/jmherruzo/LEGO/nxtOSEK/ecrobot/../ecrobot/libecrobot.a(display.oram)
 .rodata.display_buffer
                0x00000000002031d8        0x4 /home/jmherruzo/LEGO/nxtOSEK/ecrobot/../ecrobot/libecrobot.a(display.oram)
 .rodata.str1.1
                0x00000000002031dc       0x67 /home/jmherruzo/LEGO/nxtOSEK/ecrobot/../ecrobot/libecrobot.a(display.oram)
 *fill*         0x0000000000203243        0x1 00
 .rodata.i2c_timer_isr_C
                0x0000000000203244       0x38 /home/jmherruzo/LEGO/nxtOSEK/ecrobot/../ecrobot/libecrobot.a(i2c.oram)
 .rodata.i2c_pin
                0x000000000020327c       0x20 /home/jmherruzo/LEGO/nxtOSEK/ecrobot/../ecrobot/libecrobot.a(i2c.oram)
 .rodata        0x000000000020329c        0x9 /home/jmherruzo/LEGO/nxtOSEK/ecrobot/../ecrobot/libecrobot.a(sound.oram)
 *fill*         0x00000000002032a5        0x3 00
 .rodata.sample_pattern
                0x00000000002032a8       0x84 /home/jmherruzo/LEGO/nxtOSEK/ecrobot/../ecrobot/libecrobot.a(sound.oram)
                0x00000000002032a8                sample_pattern
 .rodata.sine   0x000000000020332c       0x10 /home/jmherruzo/LEGO/nxtOSEK/ecrobot/../ecrobot/libecrobot.a(sound.oram)
                0x000000000020332c                sine
 .rodata.silence
                0x000000000020333c       0x40 /home/jmherruzo/LEGO/nxtOSEK/ecrobot/../ecrobot/libecrobot.a(sound.oram)
                0x000000000020333c                silence
 .rodata.logvol
                0x000000000020337c        0xc /home/jmherruzo/LEGO/nxtOSEK/ecrobot/../ecrobot/libecrobot.a(sound.oram)
                0x000000000020337c                logvol
 .rodata.nxt_avr_1kHz_update
                0x0000000000203388       0x14 /home/jmherruzo/LEGO/nxtOSEK/ecrobot/../ecrobot/libecrobot.a(nxt_avr.oram)
 .rodata.avr_brainwash_string
                0x000000000020339c       0x30 /home/jmherruzo/LEGO/nxtOSEK/ecrobot/../ecrobot/libecrobot.a(nxt_avr.oram)
                0x000000000020339c                avr_brainwash_string
 .rodata.C.58.1911
                0x00000000002033cc       0x10 /home/jmherruzo/LEGO/nxtOSEK/ecrobot/../ecrobot/libecrobot.a(sensors.oram)
 .rodata.C.54.1877
                0x00000000002033dc       0x10 /home/jmherruzo/LEGO/nxtOSEK/ecrobot/../ecrobot/libecrobot.a(sensors.oram)
 .rodata.str1.1
                0x00000000002033ec       0x21 /home/jmherruzo/LEGO/nxtOSEK/ecrobot/../ecrobot/libecrobot.a(flash_loader.oram)
 *fill*         0x000000000020340d        0x3 00
 .rodata.str1.1.stub
                0x0000000000203410       0x10 linker stubs
                0x0000000000203420                . = ALIGN (0x10)
 *fill*         0x0000000000203420        0x0 00
                0x0000000000200040                __ramtext_ram_start__ = ADDR (.ram_text)
                0x0000000000203420                __ramtext_ram_end__ = (ADDR (.ram_text) + SIZEOF (.ram_text))
                0x00000000001082c0                __ramtext_load_start__ = LOADADDR (.ram_text)
                0x000000000010b6a0                __ramtext_load_end__ = (__ramtext_load_start__ + SIZEOF (.ram_text))

.wav_data       0x000000000010b6a0        0x0
 *.owav(*.data *.data.*)
                0x000000000010b6a0                . = ALIGN (0x10)

.bmp_data       0x000000000010b6a0      0x440
 *.obmp(*.data *.data.*)
 .data          0x000000000010b6a0      0x43e /home/jmherruzo/LEGO/nxtOSEK/ecrobot/../ecrobot/libecrobot.a(nxtosek_splash.obmp)
                0x000000000010b6a0                nxtosek_splash_bmp_start
                0x000000000010bade                nxtosek_splash_bmp_end
                0x000000000010bae0                . = ALIGN (0x10)
 *fill*         0x000000000010bade        0x2 00

.spr_data       0x000000000010bae0        0x0
 *.ospr(*.data *.data.*)
                0x000000000010bae0                . = ALIGN (0x10)

.data           0x0000000000203420       0x80 load address 0x000000000010bae0
 *(*.data *.data.*)
 .data.distancia2
                0x0000000000203420        0x4 build/practica_1c.o
                0x0000000000203420                distancia2
 .data.correccion
                0x0000000000203424        0x4 build/practica_1c.o
                0x0000000000203424                correccion
 .data.direccion
                0x0000000000203428        0x4 build/practica_1c.o
                0x0000000000203428                direccion
 .data.distance_state
                0x000000000020342c       0x10 /home/jmherruzo/LEGO/nxtOSEK/ecrobot/../ecrobot/libecrobot.a(ecrobot_interface.o)
 .bss.data.2773
                0x000000000020343c        0x4 /home/jmherruzo/LEGO/nxtOSEK/ecrobot/../ecrobot/libecrobot.a(ecrobot_interface.o)
 .data.deviceStatus
                0x0000000000203440        0x1 /home/jmherruzo/LEGO/nxtOSEK/ecrobot/../ecrobot/libecrobot.a(ecrobot_interface.o)
 *fill*         0x0000000000203441        0x3 00
 .data.named    0x0000000000203444       0x24 /home/jmherruzo/LEGO/nxtOSEK/ecrobot/../ecrobot/libecrobot.a(udp.oram)
 .data.snd      0x0000000000203468       0x1c /home/jmherruzo/LEGO/nxtOSEK/ecrobot/../ecrobot/libecrobot.a(udp.oram)
 .data.configured
                0x0000000000203484        0x4 /home/jmherruzo/LEGO/nxtOSEK/ecrobot/../ecrobot/libecrobot.a(udp.oram)
 .bss.data      0x0000000000203488        0x4 /home/jmherruzo/LEGO/nxtOSEK/ecrobot/../ecrobot/libecrobot.a(nxt_spi.oram)
                0x0000000000203488                data
 .data.mode     0x000000000020348c        0x1 /home/jmherruzo/LEGO/nxtOSEK/ecrobot/../ecrobot/libecrobot.a(nxt_spi.oram)
                0x000000000020348c                mode
 *fill*         0x000000000020348d        0x3 00
 .data.display_auto_update
                0x0000000000203490        0x4 /home/jmherruzo/LEGO/nxtOSEK/ecrobot/../ecrobot/libecrobot.a(display.oram)
                0x0000000000203490                display_auto_update
                0x00000000002034a0                . = ALIGN (0x10)
 *fill*         0x0000000000203494        0xc 00
                0x0000000000203420                __data_ram_start__ = ADDR (.data)
                0x00000000002034a0                __data_ram_end__ = (ADDR (.data) + SIZEOF (.data))
                0x000000000010bae0                __data_load_start__ = LOADADDR (.data)
                0x000000000010bb60                __data_load_end__ = (__data_load_start__ + SIZEOF (.data))

.text           0x000000000010bb60     0x1880
                0x000000000010bb60                . = ALIGN (0x10)
 *(*.text *.text.* *.glue*)
 .glue_7        0x000000000010bb60       0x18 linker stubs
                0x000000000010bb60                __call_posttaskhook_from_arm
                0x000000000010bb6c                __call_pretaskhook_from_arm
 .glue_7t       0x0000000000000000        0x0 linker stubs
 .text.enqueue_alarm
                0x000000000010bb78       0x94 build/kernel/alarm.o
 .text.alarm_initialize
                0x000000000010bc0c       0x98 build/kernel/alarm.o
                0x000000000010bc0c                alarm_initialize
 .text.unlock_cpu
                0x000000000010bca4        0xc build/kernel/alarm.o
 .text.lock_cpu
                0x000000000010bcb0        0xc build/kernel/alarm.o
 .text.SignalCounter
                0x000000000010bcbc      0x128 build/kernel/alarm.o
                0x000000000010bcbc                SignalCounter
 .text.lock_cpu
                0x000000000010bde4        0xc build/kernel/event.o
 .text.WaitEvent
                0x000000000010bdf0       0xa8 build/kernel/event.o
                0x000000000010bdf0                WaitEvent
 .text.ClearEvent
                0x000000000010be98       0x64 build/kernel/event.o
                0x000000000010be98                ClearEvent
 .text.SetEvent
                0x000000000010befc       0xa8 build/kernel/event.o
                0x000000000010befc                SetEvent
 .text.ShutdownOS
                0x000000000010bfa4       0x4c build/kernel/osctl.o
                0x000000000010bfa4                ShutdownOS
 .text.StartOS  0x000000000010bff0       0x58 build/kernel/osctl.o
                0x000000000010bff0                StartOS
 .text.call_pretaskhook
                0x000000000010c048       0x24 build/kernel/osctl.o
                0x000000000010c048                call_pretaskhook
 .text.call_posttaskhook
                0x000000000010c06c       0x24 build/kernel/osctl.o
                0x000000000010c06c                call_posttaskhook
 .text.call_errorhook
                0x000000000010c090       0x78 build/kernel/osctl.o
                0x000000000010c090                call_errorhook
 .text.make_runnable
                0x000000000010c108       0xa4 build/kernel/task.o
                0x000000000010c108                make_runnable
 .text.make_active
                0x000000000010c1ac       0x78 build/kernel/task.o
                0x000000000010c1ac                make_active
 .text.task_initialize
                0x000000000010c224       0x88 build/kernel/task.o
                0x000000000010c224                task_initialize
 .text.search_schedtsk
                0x000000000010c2ac       0x90 build/kernel/task.o
                0x000000000010c2ac                search_schedtsk
 .text.unlock_cpu
                0x000000000010c33c        0xc build/kernel/task_manage.o
 .text.lock_cpu
                0x000000000010c348        0xc build/kernel/task_manage.o
 .text.ActivateTask
                0x000000000010c354       0x8c build/kernel/task_manage.o
                0x000000000010c354                ActivateTask
 .text.TerminateTask
                0x000000000010c3e0       0x74 build/kernel/task_manage.o
                0x000000000010c3e0                TerminateTask
 .text.cpu_initialize
                0x000000000010c454        0x4 build/config/at91sam7s-gnu/cpu_config.o
                0x000000000010c454                cpu_initialize
 .text.cpu_terminate
                0x000000000010c458        0x4 build/config/at91sam7s-gnu/cpu_config.o
                0x000000000010c458                cpu_terminate
 .text.sys_initialize
                0x000000000010c45c        0x4 build/config/at91sam7s-gnu/lego_nxt/sys_config.o
                0x000000000010c45c                sys_initialize
 .text.sys_exit
                0x000000000010c460        0x4 build/config/at91sam7s-gnu/lego_nxt/sys_config.o
                0x000000000010c460                sys_exit
 .text._activate_alarm_Alarma1
                0x000000000010c464        0xc build/./kernel_cfg.o
 .text.object_initialize
                0x000000000010c470       0x10 build/./kernel_cfg.o
                0x000000000010c470                object_initialize
 .text.init_OS_flag
                0x000000000010c480        0xc build/ecrobot_base.o
                0x000000000010c480                init_OS_flag
 .text.set_OS_flag
                0x000000000010c48c        0xc build/ecrobot_base.o
                0x000000000010c48c                set_OS_flag
 .text.get_OS_flag
                0x000000000010c498        0xc build/ecrobot_base.o
                0x000000000010c498                get_OS_flag
 .text.cpp_constructor
                0x000000000010c4a4       0x28 build/ecrobot_base.o
                0x000000000010c4a4                cpp_constructor
 .text.cpp_destructor
                0x000000000010c4cc       0x28 build/ecrobot_base.o
                0x000000000010c4cc                cpp_destructor
 .text.execution_mode
                0x000000000010c4f4       0x14 build/ecrobot_base.o
                0x000000000010c4f4                execution_mode
 .text.check_NXT_buttons
                0x000000000010c508       0x7c build/ecrobot_base.o
                0x000000000010c508                check_NXT_buttons
 .text.add_status_info
                0x000000000010c584       0x68 build/ecrobot_base.o
                0x000000000010c584                add_status_info
 .text.show_main_screen
                0x000000000010c5ec       0x48 build/ecrobot_base.o
                0x000000000010c5ec                show_main_screen
 .text.display_status_bar
                0x000000000010c634       0x5c build/ecrobot_base.o
                0x000000000010c634                display_status_bar
 .text.show_splash_screen
                0x000000000010c690       0x98 build/ecrobot_base.o
                0x000000000010c690                show_splash_screen
 .text.main     0x000000000010c728      0x104 build/ecrobot.o
                0x000000000010c728                main
 .text.TaskMainIzquierda
                0x000000000010c82c       0xb0 build/practica_1c.o
                0x000000000010c82c                TaskMainIzquierda
 .text.TaskMainDerecha
                0x000000000010c8dc       0xd0 build/practica_1c.o
                0x000000000010c8dc                TaskMainDerecha
 .text.TaskMainCorreccion
                0x000000000010c9ac      0x1a4 build/practica_1c.o
                0x000000000010c9ac                TaskMainCorreccion
 .text.TaskMainAvance
                0x000000000010cb50       0x58 build/practica_1c.o
                0x000000000010cb50                TaskMainAvance
 .text.user_1ms_isr_type2
                0x000000000010cba8       0x14 build/practica_1c.o
                0x000000000010cba8                user_1ms_isr_type2
 .text.ecrobot_device_terminate
                0x000000000010cbbc        0xc build/practica_1c.o
                0x000000000010cbbc                ecrobot_device_terminate
 .text.ecrobot_device_initialize
                0x000000000010cbc8        0xc build/practica_1c.o
                0x000000000010cbc8                ecrobot_device_initialize
 .text.ecrobot_get_battery_voltage
                0x000000000010cbd4        0xc /home/jmherruzo/LEGO/nxtOSEK/ecrobot/../ecrobot/libecrobot.a(ecrobot_interface.o)
                0x000000000010cbd4                ecrobot_get_battery_voltage
 .text.ecrobot_get_button_state
                0x000000000010cbe0        0xc /home/jmherruzo/LEGO/nxtOSEK/ecrobot/../ecrobot/libecrobot.a(ecrobot_interface.o)
                0x000000000010cbe0                ecrobot_get_button_state
 .text.ecrobot_setDeviceInitialized
                0x000000000010cbec       0x14 /home/jmherruzo/LEGO/nxtOSEK/ecrobot/../ecrobot/libecrobot.a(ecrobot_interface.o)
                0x000000000010cbec                ecrobot_setDeviceInitialized
 .text.ecrobot_bmp2lcd
                0x000000000010cc00      0x1b4 /home/jmherruzo/LEGO/nxtOSEK/ecrobot/../ecrobot/libecrobot.a(ecrobot_interface.o)
                0x000000000010cc00                ecrobot_bmp2lcd
 .text.ecrobot_sound_tone
                0x000000000010cdb4        0xc /home/jmherruzo/LEGO/nxtOSEK/ecrobot/../ecrobot/libecrobot.a(ecrobot_interface.o)
                0x000000000010cdb4                ecrobot_sound_tone
 .text.ecrobot_get_touch_sensor
                0x000000000010cdc0       0x1c /home/jmherruzo/LEGO/nxtOSEK/ecrobot/../ecrobot/libecrobot.a(ecrobot_interface.o)
                0x000000000010cdc0                ecrobot_get_touch_sensor
 .text.ecrobot_poll_nxtstate
                0x000000000010cddc       0x68 /home/jmherruzo/LEGO/nxtOSEK/ecrobot/../ecrobot/libecrobot.a(ecrobot_interface.o)
                0x000000000010cddc                ecrobot_poll_nxtstate
 .text.ecrobot_init_nxtstate
                0x000000000010ce44       0x28 /home/jmherruzo/LEGO/nxtOSEK/ecrobot/../ecrobot/libecrobot.a(ecrobot_interface.o)
                0x000000000010ce44                ecrobot_init_nxtstate
 .text.ecrobot_term_sonar_sensor
                0x000000000010ce6c       0x20 /home/jmherruzo/LEGO/nxtOSEK/ecrobot/../ecrobot/libecrobot.a(ecrobot_interface.o)
                0x000000000010ce6c                ecrobot_term_sonar_sensor
 .text.ecrobot_get_sonar_sensor
                0x000000000010ce8c       0x48 /home/jmherruzo/LEGO/nxtOSEK/ecrobot/../ecrobot/libecrobot.a(ecrobot_interface.o)
                0x000000000010ce8c                ecrobot_get_sonar_sensor
 .text.ecrobot_init_i2c
                0x000000000010ced4       0x28 /home/jmherruzo/LEGO/nxtOSEK/ecrobot/../ecrobot/libecrobot.a(ecrobot_interface.o)
                0x000000000010ced4                ecrobot_init_i2c
 .text.ecrobot_init_sonar_sensor
                0x000000000010cefc       0x10 /home/jmherruzo/LEGO/nxtOSEK/ecrobot/../ecrobot/libecrobot.a(ecrobot_interface.o)
                0x000000000010cefc                ecrobot_init_sonar_sensor
 .text.StartupHook
                0x000000000010cf0c        0x4 /home/jmherruzo/LEGO/nxtOSEK/ecrobot/../ecrobot/libecrobot.a(osek_hook.o)
                0x000000000010cf0c                StartupHook
 .text.PreTaskHook
                0x000000000010cf10        0x4 /home/jmherruzo/LEGO/nxtOSEK/ecrobot/../ecrobot/libecrobot.a(osek_hook.o)
                0x000000000010cf10                PreTaskHook
 .text.PostTaskHook
                0x000000000010cf14        0x4 /home/jmherruzo/LEGO/nxtOSEK/ecrobot/../ecrobot/libecrobot.a(osek_hook.o)
                0x000000000010cf14                PostTaskHook
 .text.ErrorHook
                0x000000000010cf18        0x4 /home/jmherruzo/LEGO/nxtOSEK/ecrobot/../ecrobot/libecrobot.a(osek_hook.o)
                0x000000000010cf18                ErrorHook
 .text.ShutdownHook
                0x000000000010cf1c        0x4 /home/jmherruzo/LEGO/nxtOSEK/ecrobot/../ecrobot/libecrobot.a(osek_hook.o)
                0x000000000010cf1c                ShutdownHook
 .text          0x000000000010cf20       0x8c /home/jmherruzo/LEGO/gnuarm/lib/gcc/arm-elf/4.4.2/thumb/interwork/libgcc.a(_udivsi3.o)
                0x000000000010cf20                __udivsi3
                0x000000000010cf20                __aeabi_uidiv
                0x000000000010cf9c                __aeabi_uidivmod
 .text          0x000000000010cfac       0xa4 /home/jmherruzo/LEGO/gnuarm/lib/gcc/arm-elf/4.4.2/thumb/interwork/libgcc.a(_divsi3.o)
                0x000000000010cfac                __aeabi_idiv
                0x000000000010cfac                __divsi3
                0x000000000010d040                __aeabi_idivmod
 .text          0x000000000010d050       0xc8 /home/jmherruzo/LEGO/gnuarm/lib/gcc/arm-elf/4.4.2/thumb/interwork/libgcc.a(_umodsi3.o)
                0x000000000010d050                __umodsi3
 .text          0x000000000010d118       0xd8 /home/jmherruzo/LEGO/gnuarm/lib/gcc/arm-elf/4.4.2/thumb/interwork/libgcc.a(_modsi3.o)
                0x000000000010d118                __modsi3
 .text          0x000000000010d1f0        0x4 /home/jmherruzo/LEGO/gnuarm/lib/gcc/arm-elf/4.4.2/thumb/interwork/libgcc.a(_dvmd_tls.o)
                0x000000000010d1f0                __aeabi_ldiv0
                0x000000000010d1f0                __div0
                0x000000000010d1f0                __aeabi_idiv0
 .text          0x000000000010d1f4       0x98 /home/jmherruzo/LEGO/gnuarm/lib/gcc/arm-elf/4.4.2/../../../../arm-elf/lib/thumb/interwork/libc.a(lib_a-memset.o)
                0x000000000010d1f4                memset
 .text          0x000000000010d28c       0x10 /home/jmherruzo/LEGO/gnuarm/lib/gcc/arm-elf/4.4.2/../../../../arm-elf/lib/thumb/interwork/libc.a(lib_a-strcpy.o)
                0x000000000010d28c                strcpy
 .text          0x000000000010d29c       0x10 /home/jmherruzo/LEGO/gnuarm/lib/gcc/arm-elf/4.4.2/../../../../arm-elf/lib/thumb/interwork/libc.a(lib_a-strlen.o)
                0x000000000010d29c                strlen
                0x000000000010d2b0                . = ALIGN (0x10)
 *fill*         0x000000000010d2ac        0x4 00
 *(*.rodata *.rodata.*)
 .rodata.search_table.1033
                0x000000000010d2b0       0x10 build/kernel/task.o
 .rodata.Avance
                0x000000000010d2c0        0x1 build/./kernel_cfg.o
                0x000000000010d2c0                Avance
 *fill*         0x000000000010d2c1        0x3 00
 .rodata.alminib_cback
                0x000000000010d2c4        0x4 build/./kernel_cfg.o
                0x000000000010d2c4                alminib_cback
 .rodata.alminib_cntid
                0x000000000010d2c8        0x4 build/./kernel_cfg.o
                0x000000000010d2c8                alminib_cntid
 .rodata.tinib_maxact
                0x000000000010d2cc        0x4 build/./kernel_cfg.o
                0x000000000010d2cc                tinib_maxact
 .rodata.Derecha
                0x000000000010d2d0        0x1 build/./kernel_cfg.o
                0x000000000010d2d0                Derecha
 *fill*         0x000000000010d2d1        0x3 00
 .rodata.cntinib_tickbase
                0x000000000010d2d4        0x4 build/./kernel_cfg.o
                0x000000000010d2d4                cntinib_tickbase
 .rodata.Giro   0x000000000010d2d8        0x4 build/./kernel_cfg.o
                0x000000000010d2d8                Giro
 .rodata.tnum_task
                0x000000000010d2dc        0x1 build/./kernel_cfg.o
                0x000000000010d2dc                tnum_task
 *fill*         0x000000000010d2dd        0x3 00
 .rodata.cntinib_maxval
                0x000000000010d2e0        0x4 build/./kernel_cfg.o
                0x000000000010d2e0                cntinib_maxval
 .rodata.Izquierda
                0x000000000010d2e4        0x1 build/./kernel_cfg.o
                0x000000000010d2e4                Izquierda
 *fill*         0x000000000010d2e5        0x3 00
 .rodata.tinib_stksz
                0x000000000010d2e8        0x8 build/./kernel_cfg.o
                0x000000000010d2e8                tinib_stksz
 .rodata.alminib_cycle
                0x000000000010d2f0        0x4 build/./kernel_cfg.o
                0x000000000010d2f0                alminib_cycle
 .rodata.tinib_inipri
                0x000000000010d2f4        0x4 build/./kernel_cfg.o
                0x000000000010d2f4                tinib_inipri
 .rodata.Contador
                0x000000000010d2f8        0x1 build/./kernel_cfg.o
                0x000000000010d2f8                Contador
 *fill*         0x000000000010d2f9        0x3 00
 .rodata.cntinib_maxval2
                0x000000000010d2fc        0x4 build/./kernel_cfg.o
                0x000000000010d2fc                cntinib_maxval2
 .rodata.tinib_stk
                0x000000000010d300       0x10 build/./kernel_cfg.o
                0x000000000010d300                tinib_stk
 .rodata.tnum_exttask
                0x000000000010d310        0x1 build/./kernel_cfg.o
                0x000000000010d310                tnum_exttask
 .rodata.tnum_counter
                0x000000000010d311        0x1 build/./kernel_cfg.o
                0x000000000010d311                tnum_counter
 *fill*         0x000000000010d312        0x2 00
 .rodata.tinib_exepri
                0x000000000010d314        0x4 build/./kernel_cfg.o
                0x000000000010d314                tinib_exepri
 .rodata.tinib_autoact
                0x000000000010d318        0x4 build/./kernel_cfg.o
                0x000000000010d318                tinib_autoact
 .rodata.alminib_almval
                0x000000000010d31c        0x4 build/./kernel_cfg.o
                0x000000000010d31c                alminib_almval
 .rodata.tnum_alarm
                0x000000000010d320        0x1 build/./kernel_cfg.o
                0x000000000010d320                tnum_alarm
 *fill*         0x000000000010d321        0x3 00
 .rodata.tinib_task
                0x000000000010d324       0x10 build/./kernel_cfg.o
                0x000000000010d324                tinib_task
 .rodata.alminib_autosta
                0x000000000010d334        0x4 build/./kernel_cfg.o
                0x000000000010d334                alminib_autosta
 .rodata.str1.1
                0x000000000010d338       0x6c build/ecrobot_base.o
 .rodata.exec_addr
                0x000000000010d3a4        0x4 build/ecrobot_base.o
                0x000000000010d3a4                exec_addr
 .rodata.str1.1
                0x000000000010d3a8        0x2 build/practica_1c.o
 *fill*         0x000000000010d3aa        0x6 00
 .rodata.str1.1.stub
                0x000000000010d3b0       0x30 linker stubs
                0x000000000010d3e0                . = ALIGN (0x10)
 *fill*         0x000000000010d3e0        0x0 00
 *(*.gnu.linkonce.* .gcc_except_table)
                0x000000000010d3e0                . = ALIGN (0x10)

.vfp11_veneer   0x00000000002034a0        0x0
 .vfp11_veneer  0x0000000000000000        0x0 linker stubs

.v4_bx          0x00000000002034a0        0x0
 .v4_bx         0x0000000000000000        0x0 linker stubs

.tors           0x000000000010d3e0        0x0
                0x000000000010d3e0                . = ALIGN (0x10)
                0x000000000010d3e0                __ctor_begin = .
 *(*.ctors*)
                0x000000000010d3e0                __ctor_end = .
                0x000000000010d3e0                . = ALIGN (0x10)
                0x000000000010d3e0                __dtor_begin = .
 *(*.dtors*)
                0x000000000010d3e0                __dtor_end = .
                0x000000000010d3e0                . = ALIGN (0x10)
                0x000000000010d3e0                __rom_end__ = __dtor_end

.bss            0x00000000002034a0     0x1660
 *(*.bss *.bss.*)
 .bss.ready_queue_first
                0x00000000002034a0       0x10 build/kernel/task.o
 .bss.ready_primap
                0x00000000002034b0        0x2 build/kernel/task.o
 *fill*         0x00000000002034b2        0x2 00
 .bss.ready_queue_last
                0x00000000002034b4       0x10 build/kernel/task.o
 .bss._stack_Izquierda
                0x00000000002034c4      0x200 build/./kernel_cfg.o
 .bss._stack_Avance
                0x00000000002036c4      0x200 build/./kernel_cfg.o
 .bss._stack_Correccion
                0x00000000002038c4      0x200 build/./kernel_cfg.o
 .bss._stack_Derecha
                0x0000000000203ac4      0x200 build/./kernel_cfg.o
 .bss.last_act_time.2783
                0x0000000000203cc4        0x4 build/ecrobot_base.o
 .bss.status_bar_position
                0x0000000000203cc8        0x4 build/ecrobot_base.o
 .bss.lcd.2705  0x0000000000203ccc      0x320 build/ecrobot_base.o
 .bss.status_bar
                0x0000000000203fec       0x10 build/ecrobot_base.o
 .bss.OS_flag   0x0000000000203ffc        0x4 build/ecrobot_base.o
 .bss.correccionB
                0x0000000000204000        0x4 build/practica_1c.o
                0x0000000000204000                correccionB
 .bss.correccionC
                0x0000000000204004        0x4 build/practica_1c.o
                0x0000000000204004                correccionC
 .bss.ecrobot_inputs
                0x0000000000204008        0x8 /home/jmherruzo/LEGO/nxtOSEK/ecrobot/../ecrobot/libecrobot.a(ecrobot_interface.o)
 .bss.buttons_states
                0x0000000000204010       0x14 /home/jmherruzo/LEGO/nxtOSEK/ecrobot/../ecrobot/libecrobot.a(ecrobot_interface.o)
 .bss.buttons_i
                0x0000000000204024        0x4 /home/jmherruzo/LEGO/nxtOSEK/ecrobot/../ecrobot/libecrobot.a(ecrobot_interface.o)
 .bss.systick_ms
                0x0000000000204028        0x4 /home/jmherruzo/LEGO/nxtOSEK/ecrobot/../ecrobot/libecrobot.a(systick.oram)
 .bss.newAddress
                0x000000000020402c        0x4 /home/jmherruzo/LEGO/nxtOSEK/ecrobot/../ecrobot/libecrobot.a(udp.oram)
 .bss.outCnt    0x0000000000204030        0x4 /home/jmherruzo/LEGO/nxtOSEK/ecrobot/../ecrobot/libecrobot.a(udp.oram)
 .bss.currentConfig
                0x0000000000204034        0x1 /home/jmherruzo/LEGO/nxtOSEK/ecrobot/../ecrobot/libecrobot.a(udp.oram)
 *fill*         0x0000000000204035        0x3 00
 .bss.outPtr    0x0000000000204038        0x4 /home/jmherruzo/LEGO/nxtOSEK/ecrobot/../ecrobot/libecrobot.a(udp.oram)
 .bss.currentFeatures
                0x000000000020403c        0x4 /home/jmherruzo/LEGO/nxtOSEK/ecrobot/../ecrobot/libecrobot.a(udp.oram)
 .bss.delayedEnable
                0x0000000000204040        0x1 /home/jmherruzo/LEGO/nxtOSEK/ecrobot/../ecrobot/libecrobot.a(udp.oram)
 *fill*         0x0000000000204041        0x3 00
 .bss.currentRxBank
                0x0000000000204044        0x4 /home/jmherruzo/LEGO/nxtOSEK/ecrobot/../ecrobot/libecrobot.a(udp.oram)
 .bss.twi_state
                0x0000000000204048        0x4 /home/jmherruzo/LEGO/nxtOSEK/ecrobot/../ecrobot/libecrobot.a(twi.oram)
 .bss.twi_ptr   0x000000000020404c        0x4 /home/jmherruzo/LEGO/nxtOSEK/ecrobot/../ecrobot/libecrobot.a(twi.oram)
 .bss.twi_pending
                0x0000000000204050        0x4 /home/jmherruzo/LEGO/nxtOSEK/ecrobot/../ecrobot/libecrobot.a(twi.oram)
 .bss.twi_mask  0x0000000000204054        0x4 /home/jmherruzo/LEGO/nxtOSEK/ecrobot/../ecrobot/libecrobot.a(twi.oram)
 .bss.dirty     0x0000000000204058        0x1 /home/jmherruzo/LEGO/nxtOSEK/ecrobot/../ecrobot/libecrobot.a(nxt_spi.oram)
                0x0000000000204058                dirty
 .bss.page      0x0000000000204059        0x1 /home/jmherruzo/LEGO/nxtOSEK/ecrobot/../ecrobot/libecrobot.a(nxt_spi.oram)
                0x0000000000204059                page
 *fill*         0x000000000020405a        0x2 00
 .bss.display   0x000000000020405c        0x4 /home/jmherruzo/LEGO/nxtOSEK/ecrobot/../ecrobot/libecrobot.a(nxt_spi.oram)
                0x000000000020405c                display
 .bss.motor     0x0000000000204060       0x30 /home/jmherruzo/LEGO/nxtOSEK/ecrobot/../ecrobot/libecrobot.a(nxt_motors.oram)
 .bss.nxt_motor_initialised
                0x0000000000204090        0x4 /home/jmherruzo/LEGO/nxtOSEK/ecrobot/../ecrobot/libecrobot.a(nxt_motors.oram)
 .bss.interrupts_this_period
                0x0000000000204094        0x4 /home/jmherruzo/LEGO/nxtOSEK/ecrobot/../ecrobot/libecrobot.a(nxt_motors.oram)
 .bss.display_array
                0x0000000000204098      0x388 /home/jmherruzo/LEGO/nxtOSEK/ecrobot/../ecrobot/libecrobot.a(display.oram)
 .bss.display_tick
                0x0000000000204420        0x4 /home/jmherruzo/LEGO/nxtOSEK/ecrobot/../ecrobot/libecrobot.a(display.oram)
                0x0000000000204420                display_tick
 .bss.i2c_port  0x0000000000204424      0x170 /home/jmherruzo/LEGO/nxtOSEK/ecrobot/../ecrobot/libecrobot.a(i2c.oram)
 .bss.i2c_int_count
                0x0000000000204594        0x4 /home/jmherruzo/LEGO/nxtOSEK/ecrobot/../ecrobot/libecrobot.a(i2c.oram)
 .bss.sound_mode
                0x0000000000204598        0x1 /home/jmherruzo/LEGO/nxtOSEK/ecrobot/../ecrobot/libecrobot.a(sound.oram)
                0x0000000000204598                sound_mode
 *fill*         0x0000000000204599        0x3 00
 .bss.in_buf    0x000000000020459c      0x100 /home/jmherruzo/LEGO/nxtOSEK/ecrobot/../ecrobot/libecrobot.a(bt.oram)
 .bss.out_buf_ptr
                0x000000000020469c        0x1 /home/jmherruzo/LEGO/nxtOSEK/ecrobot/../ecrobot/libecrobot.a(bt.oram)
 *fill*         0x000000000020469d        0x3 00
 .bss.buf_ptr   0x00000000002046a0        0x4 /home/jmherruzo/LEGO/nxtOSEK/ecrobot/../ecrobot/libecrobot.a(bt.oram)
 .bss.in_buf_in_ptr
                0x00000000002046a4        0x1 /home/jmherruzo/LEGO/nxtOSEK/ecrobot/../ecrobot/libecrobot.a(bt.oram)
 *fill*         0x00000000002046a5        0x3 00
 .bss.in_buf_idx
                0x00000000002046a8        0x4 /home/jmherruzo/LEGO/nxtOSEK/ecrobot/../ecrobot/libecrobot.a(bt.oram)
 .bss.update_count
                0x00000000002046ac        0x4 /home/jmherruzo/LEGO/nxtOSEK/ecrobot/../ecrobot/libecrobot.a(nxt_avr.oram)
 .bss.debounce_state
                0x00000000002046b0        0x2 /home/jmherruzo/LEGO/nxtOSEK/ecrobot/../ecrobot/libecrobot.a(nxt_avr.oram)
 .bss.button_state
                0x00000000002046b2        0x2 /home/jmherruzo/LEGO/nxtOSEK/ecrobot/../ecrobot/libecrobot.a(nxt_avr.oram)
 .bss.from_buf  0x00000000002046b4        0x4 /home/jmherruzo/LEGO/nxtOSEK/ecrobot/../ecrobot/libecrobot.a(nxt_avr.oram)
 .bss.io_from_avr
                0x00000000002046b8        0x4 /home/jmherruzo/LEGO/nxtOSEK/ecrobot/../ecrobot/libecrobot.a(nxt_avr.oram)
 .bss.data_from_avr
                0x00000000002046bc       0x1c /home/jmherruzo/LEGO/nxtOSEK/ecrobot/../ecrobot/libecrobot.a(nxt_avr.oram)
 .bss.debounce_cnt
                0x00000000002046d8        0x2 /home/jmherruzo/LEGO/nxtOSEK/ecrobot/../ecrobot/libecrobot.a(nxt_avr.oram)
 *fill*         0x00000000002046da        0x2 00
 .bss.nxt_avr_stats
                0x00000000002046dc       0x14 /home/jmherruzo/LEGO/nxtOSEK/ecrobot/../ecrobot/libecrobot.a(nxt_avr.oram)
 .bss.link_state
                0x00000000002046f0        0x4 /home/jmherruzo/LEGO/nxtOSEK/ecrobot/../ecrobot/libecrobot.a(nxt_avr.oram)
 .bss.io_to_avr
                0x00000000002046f4        0x8 /home/jmherruzo/LEGO/nxtOSEK/ecrobot/../ecrobot/libecrobot.a(nxt_avr.oram)
 .bss.prev_buttons
                0x00000000002046fc        0x2 /home/jmherruzo/LEGO/nxtOSEK/ecrobot/../ecrobot/libecrobot.a(nxt_avr.oram)
 *fill*         0x00000000002046fe        0x2 00
 .bss.data_to_avr
                0x0000000000204700        0xc /home/jmherruzo/LEGO/nxtOSEK/ecrobot/../ecrobot/libecrobot.a(nxt_avr.oram)
 .bss.display   0x000000000020470c        0x4 /home/jmherruzo/LEGO/nxtOSEK/ecrobot/../ecrobot/libecrobot.a(nxt_lcd.oram)
                0x0000000000204710                . = ALIGN (0x10)
                0x0000000000204710                __bss_end__ = .
 COMMON         0x0000000000204710        0x2 build/kernel/interrupt.o
                0x0000000000204710                runisr
                0x0000000000204711                sus_all_cnt
 *fill*         0x0000000000204712        0x2 00
 COMMON         0x0000000000204714       0x10 build/kernel/osctl.o
                0x0000000000204714                callevel
                0x0000000000204715                _errorhook_svcid
                0x0000000000204716                appmode
                0x0000000000204718                _errorhook_par1
                0x000000000020471c                _errorhook_par3
                0x0000000000204720                _errorhook_par2
 COMMON         0x0000000000204724        0x3 build/kernel/task.o
                0x0000000000204724                runtsk
                0x0000000000204725                schedtsk
                0x0000000000204726                nextpri
 *fill*         0x0000000000204727        0x1 00
 COMMON         0x0000000000204728       0x60 build/./kernel_cfg.o
                0x0000000000204728                tcb_waievt
                0x000000000020472c                rescb_prevpri
                0x0000000000204730                almcb_prev
                0x0000000000204734                tcb_lastres
                0x0000000000204738                almcb_almval
                0x000000000020473c                tcxb_pc
                0x000000000020474c                tcb_next
                0x0000000000204750                tcb_curpri
                0x0000000000204754                tcb_tstat
                0x0000000000204758                isrcb_lastres
                0x000000000020475c                cntcb_almque
                0x0000000000204760                rescb_prevres
                0x0000000000204764                tcb_actcnt
                0x0000000000204768                tcb_curevt
                0x000000000020476c                almcb_cycle
                0x0000000000204770                tcxb_sp
                0x0000000000204780                almcb_next
                0x0000000000204784                cntcb_curval
 COMMON         0x0000000000204788        0xc build/practica_1c.o
                0x0000000000204788                speedC
                0x000000000020478c                speedB
                0x0000000000204790                distancia
 COMMON         0x0000000000204794       0x44 /home/jmherruzo/LEGO/nxtOSEK/ecrobot/../ecrobot/libecrobot.a(uart.oram)
                0x0000000000204794                uart
 COMMON         0x00000000002047d8        0x4 /home/jmherruzo/LEGO/nxtOSEK/ecrobot/../ecrobot/libecrobot.a(data_abort.oram)
                0x00000000002047d8                data_abort_pc
 COMMON         0x00000000002047dc        0x8 /home/jmherruzo/LEGO/nxtOSEK/ecrobot/../ecrobot/libecrobot.a(display.oram)
                0x00000000002047dc                display_x
                0x00000000002047e0                display_y
 COMMON         0x00000000002047e4      0x31c /home/jmherruzo/LEGO/nxtOSEK/ecrobot/../ecrobot/libecrobot.a(sound.oram)
                0x00000000002047e4                sample
                0x00000000002034a0                __bss_start__ = ADDR (.bss)
                0x0000000000204b00                __bss_end__ = (ADDR (.bss) + SIZEOF (.bss))
                0x0000000000204b00                PROVIDE (end, .)

.heap_area      0x0000000000204b00     0xb078
                0x000000000020fb78                . = (. + (0x20fb78 - end))
 *fill*         0x0000000000204b00     0xb078 00

.stack          0x000000000020fb78      0x488
                0x000000000020fbf8                . = (. + 0x80)
 *fill*         0x000000000020fb78       0x80 00
                0x000000000020fc00                . = ALIGN (0x10)
 *fill*         0x000000000020fbf8        0x8 00
                0x000000000020fc00                __irq_stack__ = .
                0x000000000020fc00                __system_stack_bottom__ = .
                0x0000000000210000                . = (. + 0x400)
 *fill*         0x000000000020fc00      0x400 00
                0x0000000000210000                . = ALIGN (0x10)
                0x0000000000210000                __system_stack__ = .
                0x0000000000210000                __system_stack_top__ = .
                0x000000000020fb78                __stack_start__ = ADDR (.stack)
                0x0000000000210000                __stack_end__ = (ADDR (.stack) + SIZEOF (.stack))
OUTPUT(Practica_1c_rom.elf elf32-littlearm)

.comment        0x0000000000000000       0x11
 .comment       0x0000000000000000       0x11 build/kernel/alarm.o
                                         0x12 (size before relaxing)
 .comment       0x0000000000000000       0x12 build/kernel/event.o
 .comment       0x0000000000000000       0x12 build/kernel/interrupt.o
 .comment       0x0000000000000000       0x12 build/kernel/osctl.o
 .comment       0x0000000000000000       0x12 build/kernel/resource.o
 .comment       0x0000000000000000       0x12 build/kernel/task.o
 .comment       0x0000000000000000       0x12 build/kernel/task_manage.o
 .comment       0x0000000000000000       0x12 build/config/at91sam7s-gnu/cpu_config.o
 .comment       0x0000000000000000       0x12 build/config/at91sam7s-gnu/lego_nxt/sys_config.o
 .comment       0x0000000000000000       0x12 build/./kernel_cfg.o
 .comment       0x0000000000000000       0x12 build/syscalls.o
 .comment       0x0000000000000000       0x12 build/ecrobot_bluetooth.o
 .comment       0x0000000000000000       0x12 build/ecrobot_base.o
 .comment       0x0000000000000000       0x12 build/ecrobot.o
 .comment       0x0000000000000000       0x12 build/practica_1c.o
 .comment       0x0000000000000000       0x12 build/syslib/at91sam7s-gnu/lego_nxt/hw_sys_timer.oram
 .comment       0x0000000000000000       0x12 /home/jmherruzo/LEGO/nxtOSEK/ecrobot/../ecrobot/libecrobot.a(ecrobot_interface.o)
 .comment       0x0000000000000000       0x12 /home/jmherruzo/LEGO/nxtOSEK/ecrobot/../ecrobot/libecrobot.a(colorsensor.o)
 .comment       0x0000000000000000       0x12 /home/jmherruzo/LEGO/nxtOSEK/ecrobot/../ecrobot/libecrobot.a(osek_hook.o)
 .comment       0x0000000000000000       0x12 /home/jmherruzo/LEGO/nxtOSEK/ecrobot/../ecrobot/libecrobot.a(uart.oram)
 .comment       0x0000000000000000       0x12 /home/jmherruzo/LEGO/nxtOSEK/ecrobot/../ecrobot/libecrobot.a(systick.oram)
 .comment       0x0000000000000000       0x12 /home/jmherruzo/LEGO/nxtOSEK/ecrobot/../ecrobot/libecrobot.a(byte_fifo.oram)
 .comment       0x0000000000000000       0x12 /home/jmherruzo/LEGO/nxtOSEK/ecrobot/../ecrobot/libecrobot.a(aic.oram)
 .comment       0x0000000000000000       0x12 /home/jmherruzo/LEGO/nxtOSEK/ecrobot/../ecrobot/libecrobot.a(udp.oram)
 .comment       0x0000000000000000       0x12 /home/jmherruzo/LEGO/nxtOSEK/ecrobot/../ecrobot/libecrobot.a(twi.oram)
 .comment       0x0000000000000000       0x12 /home/jmherruzo/LEGO/nxtOSEK/ecrobot/../ecrobot/libecrobot.a(nxt_spi.oram)
 .comment       0x0000000000000000       0x12 /home/jmherruzo/LEGO/nxtOSEK/ecrobot/../ecrobot/libecrobot.a(nxt_motors.oram)
 .comment       0x0000000000000000       0x12 /home/jmherruzo/LEGO/nxtOSEK/ecrobot/../ecrobot/libecrobot.a(data_abort.oram)
 .comment       0x0000000000000000       0x12 /home/jmherruzo/LEGO/nxtOSEK/ecrobot/../ecrobot/libecrobot.a(display.oram)
 .comment       0x0000000000000000       0x12 /home/jmherruzo/LEGO/nxtOSEK/ecrobot/../ecrobot/libecrobot.a(i2c.oram)
 .comment       0x0000000000000000       0x12 /home/jmherruzo/LEGO/nxtOSEK/ecrobot/../ecrobot/libecrobot.a(sound.oram)
 .comment       0x0000000000000000       0x12 /home/jmherruzo/LEGO/nxtOSEK/ecrobot/../ecrobot/libecrobot.a(bt.oram)
 .comment       0x0000000000000000       0x12 /home/jmherruzo/LEGO/nxtOSEK/ecrobot/../ecrobot/libecrobot.a(nxt_avr.oram)
 .comment       0x0000000000000000       0x12 /home/jmherruzo/LEGO/nxtOSEK/ecrobot/../ecrobot/libecrobot.a(sensors.oram)
 .comment       0x0000000000000000       0x12 /home/jmherruzo/LEGO/nxtOSEK/ecrobot/../ecrobot/libecrobot.a(sensors1.oram)
 .comment       0x0000000000000000       0x12 /home/jmherruzo/LEGO/nxtOSEK/ecrobot/../ecrobot/libecrobot.a(nxt_lcd.oram)
 .comment       0x0000000000000000       0x12 /home/jmherruzo/LEGO/nxtOSEK/ecrobot/../ecrobot/libecrobot.a(flash_loader.oram)
 .comment       0x0000000000000000       0x12 /home/jmherruzo/LEGO/nxtOSEK/ecrobot/../ecrobot/libecrobot.a(ecrobot_usb.o)
 .comment       0x0000000000000000       0x12 /home/jmherruzo/LEGO/nxtOSEK/ecrobot/../ecrobot/libecrobot.a(flashprog.oram)
 .comment       0x0000000000000000       0x12 /home/jmherruzo/LEGO/gnuarm/lib/gcc/arm-elf/4.4.2/thumb/interwork/libgcc.a(_muldi3.o)
 .comment       0x0000000000000000       0x12 /home/jmherruzo/LEGO/gnuarm/lib/gcc/arm-elf/4.4.2/thumb/interwork/libgcc.a(_divdi3.o)
 .comment       0x0000000000000000       0x12 /home/jmherruzo/LEGO/gnuarm/lib/gcc/arm-elf/4.4.2/../../../../arm-elf/lib/thumb/interwork/libc.a(lib_a-memcpy.o)
 .comment       0x0000000000000000       0x12 /home/jmherruzo/LEGO/gnuarm/lib/gcc/arm-elf/4.4.2/../../../../arm-elf/lib/thumb/interwork/libc.a(lib_a-memset.o)
 .comment       0x0000000000000000       0x12 /home/jmherruzo/LEGO/gnuarm/lib/gcc/arm-elf/4.4.2/../../../../arm-elf/lib/thumb/interwork/libc.a(lib_a-strcmp.o)
 .comment       0x0000000000000000       0x12 /home/jmherruzo/LEGO/gnuarm/lib/gcc/arm-elf/4.4.2/../../../../arm-elf/lib/thumb/interwork/libc.a(lib_a-strcpy.o)
 .comment       0x0000000000000000       0x12 /home/jmherruzo/LEGO/gnuarm/lib/gcc/arm-elf/4.4.2/../../../../arm-elf/lib/thumb/interwork/libc.a(lib_a-strlen.o)
 .comment       0x0000000000000000       0x12 /home/jmherruzo/LEGO/gnuarm/lib/gcc/arm-elf/4.4.2/../../../../arm-elf/lib/thumb/interwork/libc.a(lib_a-strncpy.o)

.ARM.attributes
                0x0000000000000000       0x10
 .ARM.attributes
                0x0000000000000000       0x10 build/kernel/alarm.o
 .ARM.attributes
                0x0000000000000010       0x10 build/kernel/event.o
 .ARM.attributes
                0x0000000000000020       0x10 build/kernel/interrupt.o
 .ARM.attributes
                0x0000000000000030       0x10 build/kernel/osctl.o
 .ARM.attributes
                0x0000000000000040       0x10 build/kernel/resource.o
 .ARM.attributes
                0x0000000000000050       0x10 build/kernel/task.o
 .ARM.attributes
                0x0000000000000060       0x10 build/kernel/task_manage.o
 .ARM.attributes
                0x0000000000000070       0x10 build/config/at91sam7s-gnu/cpu_config.o
 .ARM.attributes
                0x0000000000000080       0x10 build/config/at91sam7s-gnu/lego_nxt/sys_config.o
 .ARM.attributes
                0x0000000000000090       0x10 build/./kernel_cfg.o
 .ARM.attributes
                0x00000000000000a0       0x10 build/syscalls.o
 .ARM.attributes
                0x00000000000000b0       0x10 build/ecrobot_bluetooth.o
 .ARM.attributes
                0x00000000000000c0       0x10 build/ecrobot_base.o
 .ARM.attributes
                0x00000000000000d0       0x10 build/ecrobot.o
 .ARM.attributes
                0x00000000000000e0       0x10 build/practica_1c.o
 .ARM.attributes
                0x00000000000000f0       0x10 build/syslib/at91sam7s-gnu/lego_nxt/hw_sys_timer.oram
 .ARM.attributes
                0x0000000000000100       0x10 build/nxtvm/platform/nxt/vectors.o
 .ARM.attributes
                0x0000000000000110       0x10 build/config/at91sam7s-gnu/debug.o
 .ARM.attributes
                0x0000000000000120       0x10 build/config/at91sam7s-gnu/lego_nxt/sys_support.o
 .ARM.attributes
                0x0000000000000130       0x10 build/nxt_binary_header.o
 .ARM.attributes
                0x0000000000000140       0x10 build/nxt_entry_point.o
 .ARM.attributes
                0x0000000000000150       0x10 build/ecrobot_init.o
 .ARM.attributes
                0x0000000000000160       0x10 build/config/at91sam7s-gnu/cpu_support.oram
 .ARM.attributes
                0x0000000000000170       0x10 build/config/at91sam7s-gnu/irq.oram
 .ARM.attributes
                0x0000000000000180       0x10 /home/jmherruzo/LEGO/nxtOSEK/ecrobot/../ecrobot/libecrobot.a(ecrobot_interface.o)
 .ARM.attributes
                0x0000000000000190       0x10 /home/jmherruzo/LEGO/nxtOSEK/ecrobot/../ecrobot/libecrobot.a(colorsensor.o)
 .ARM.attributes
                0x00000000000001a0       0x10 /home/jmherruzo/LEGO/nxtOSEK/ecrobot/../ecrobot/libecrobot.a(osek_hook.o)
 .ARM.attributes
                0x00000000000001b0       0x10 /home/jmherruzo/LEGO/nxtOSEK/ecrobot/../ecrobot/libecrobot.a(uart.oram)
 .ARM.attributes
                0x00000000000001c0       0x10 /home/jmherruzo/LEGO/nxtOSEK/ecrobot/../ecrobot/libecrobot.a(systick.oram)
 .ARM.attributes
                0x00000000000001d0       0x10 /home/jmherruzo/LEGO/nxtOSEK/ecrobot/../ecrobot/libecrobot.a(byte_fifo.oram)
 .ARM.attributes
                0x00000000000001e0       0x10 /home/jmherruzo/LEGO/nxtOSEK/ecrobot/../ecrobot/libecrobot.a(aic.oram)
 .ARM.attributes
                0x00000000000001f0       0x10 /home/jmherruzo/LEGO/nxtOSEK/ecrobot/../ecrobot/libecrobot.a(udp.oram)
 .ARM.attributes
                0x0000000000000200       0x10 /home/jmherruzo/LEGO/nxtOSEK/ecrobot/../ecrobot/libecrobot.a(twi.oram)
 .ARM.attributes
                0x0000000000000210       0x10 /home/jmherruzo/LEGO/nxtOSEK/ecrobot/../ecrobot/libecrobot.a(nxt_spi.oram)
 .ARM.attributes
                0x0000000000000220       0x10 /home/jmherruzo/LEGO/nxtOSEK/ecrobot/../ecrobot/libecrobot.a(nxt_motors.oram)
 .ARM.attributes
                0x0000000000000230       0x10 /home/jmherruzo/LEGO/nxtOSEK/ecrobot/../ecrobot/libecrobot.a(data_abort.oram)
 .ARM.attributes
                0x0000000000000240       0x10 /home/jmherruzo/LEGO/nxtOSEK/ecrobot/../ecrobot/libecrobot.a(display.oram)
 .ARM.attributes
                0x0000000000000250       0x10 /home/jmherruzo/LEGO/nxtOSEK/ecrobot/../ecrobot/libecrobot.a(i2c.oram)
 .ARM.attributes
                0x0000000000000260       0x10 /home/jmherruzo/LEGO/nxtOSEK/ecrobot/../ecrobot/libecrobot.a(sound.oram)
 .ARM.attributes
                0x0000000000000270       0x10 /home/jmherruzo/LEGO/nxtOSEK/ecrobot/../ecrobot/libecrobot.a(bt.oram)
 .ARM.attributes
                0x0000000000000280       0x10 /home/jmherruzo/LEGO/nxtOSEK/ecrobot/../ecrobot/libecrobot.a(nxt_avr.oram)
 .ARM.attributes
                0x0000000000000290       0x10 /home/jmherruzo/LEGO/nxtOSEK/ecrobot/../ecrobot/libecrobot.a(sensors.oram)
 .ARM.attributes
                0x00000000000002a0       0x10 /home/jmherruzo/LEGO/nxtOSEK/ecrobot/../ecrobot/libecrobot.a(sensors1.oram)
 .ARM.attributes
                0x00000000000002b0       0x10 /home/jmherruzo/LEGO/nxtOSEK/ecrobot/../ecrobot/libecrobot.a(nxt_lcd.oram)
 .ARM.attributes
                0x00000000000002c0       0x10 /home/jmherruzo/LEGO/nxtOSEK/ecrobot/../ecrobot/libecrobot.a(flash_loader.oram)
 .ARM.attributes
                0x00000000000002d0       0x10 /home/jmherruzo/LEGO/nxtOSEK/ecrobot/../ecrobot/libecrobot.a(interrupts.oram)
 .ARM.attributes
                0x00000000000002e0       0x10 /home/jmherruzo/LEGO/nxtOSEK/ecrobot/../ecrobot/libecrobot.a(ecrobot_usb.o)
 .ARM.attributes
                0x00000000000002f0       0x10 /home/jmherruzo/LEGO/nxtOSEK/ecrobot/../ecrobot/libecrobot.a(flashprog.oram)
 .ARM.attributes
                0x0000000000000300       0x10 /home/jmherruzo/LEGO/gnuarm/lib/gcc/arm-elf/4.4.2/thumb/interwork/libgcc.a(_udivsi3.o)
 .ARM.attributes
                0x0000000000000310       0x10 /home/jmherruzo/LEGO/gnuarm/lib/gcc/arm-elf/4.4.2/thumb/interwork/libgcc.a(_divsi3.o)
 .ARM.attributes
                0x0000000000000320       0x10 /home/jmherruzo/LEGO/gnuarm/lib/gcc/arm-elf/4.4.2/thumb/interwork/libgcc.a(_umodsi3.o)
 .ARM.attributes
                0x0000000000000330       0x10 /home/jmherruzo/LEGO/gnuarm/lib/gcc/arm-elf/4.4.2/thumb/interwork/libgcc.a(_modsi3.o)
 .ARM.attributes
                0x0000000000000340       0x10 /home/jmherruzo/LEGO/gnuarm/lib/gcc/arm-elf/4.4.2/thumb/interwork/libgcc.a(_dvmd_tls.o)
 .ARM.attributes
                0x0000000000000350       0x10 /home/jmherruzo/LEGO/gnuarm/lib/gcc/arm-elf/4.4.2/thumb/interwork/libgcc.a(_arm_addsubdf3.o)
 .ARM.attributes
                0x0000000000000360       0x10 /home/jmherruzo/LEGO/gnuarm/lib/gcc/arm-elf/4.4.2/thumb/interwork/libgcc.a(_arm_muldivdf3.o)
 .ARM.attributes
                0x0000000000000370       0x10 /home/jmherruzo/LEGO/gnuarm/lib/gcc/arm-elf/4.4.2/thumb/interwork/libgcc.a(_arm_cmpdf2.o)
 .ARM.attributes
                0x0000000000000380       0x10 /home/jmherruzo/LEGO/gnuarm/lib/gcc/arm-elf/4.4.2/thumb/interwork/libgcc.a(_muldi3.o)
 .ARM.attributes
                0x0000000000000390       0x10 /home/jmherruzo/LEGO/gnuarm/lib/gcc/arm-elf/4.4.2/thumb/interwork/libgcc.a(_divdi3.o)
 .ARM.attributes
                0x00000000000003a0       0x10 /home/jmherruzo/LEGO/gnuarm/lib/gcc/arm-elf/4.4.2/thumb/interwork/libgcc.a(_clzsi2.o)
 .ARM.attributes
                0x00000000000003b0       0x10 /home/jmherruzo/LEGO/gnuarm/lib/gcc/arm-elf/4.4.2/../../../../arm-elf/lib/thumb/interwork/libc.a(lib_a-memcpy.o)
 .ARM.attributes
                0x00000000000003c0       0x10 /home/jmherruzo/LEGO/gnuarm/lib/gcc/arm-elf/4.4.2/../../../../arm-elf/lib/thumb/interwork/libc.a(lib_a-memset.o)
 .ARM.attributes
                0x00000000000003d0       0x10 /home/jmherruzo/LEGO/gnuarm/lib/gcc/arm-elf/4.4.2/../../../../arm-elf/lib/thumb/interwork/libc.a(lib_a-strcmp.o)
 .ARM.attributes
                0x00000000000003e0       0x10 /home/jmherruzo/LEGO/gnuarm/lib/gcc/arm-elf/4.4.2/../../../../arm-elf/lib/thumb/interwork/libc.a(lib_a-strcpy.o)
 .ARM.attributes
                0x00000000000003f0       0x10 /home/jmherruzo/LEGO/gnuarm/lib/gcc/arm-elf/4.4.2/../../../../arm-elf/lib/thumb/interwork/libc.a(lib_a-strlen.o)
 .ARM.attributes
                0x0000000000000400       0x10 /home/jmherruzo/LEGO/gnuarm/lib/gcc/arm-elf/4.4.2/../../../../arm-elf/lib/thumb/interwork/libc.a(lib_a-strncpy.o)
 .ARM.attributes
                0x0000000000000410       0x10 build/nxtvm/platform/nxt/vectors.o

.debug_frame    0x0000000000000000       0xa0
 .debug_frame   0x0000000000000000       0x28 /home/jmherruzo/LEGO/gnuarm/lib/gcc/arm-elf/4.4.2/thumb/interwork/libgcc.a(_udivsi3.o)
 .debug_frame   0x0000000000000028       0x28 /home/jmherruzo/LEGO/gnuarm/lib/gcc/arm-elf/4.4.2/thumb/interwork/libgcc.a(_divsi3.o)
 .debug_frame   0x0000000000000050       0x28 /home/jmherruzo/LEGO/gnuarm/lib/gcc/arm-elf/4.4.2/thumb/interwork/libgcc.a(_umodsi3.o)
 .debug_frame   0x0000000000000078       0x28 /home/jmherruzo/LEGO/gnuarm/lib/gcc/arm-elf/4.4.2/thumb/interwork/libgcc.a(_modsi3.o)

.debug_line     0x0000000000000000      0xeb9
 .debug_line    0x0000000000000000       0x90 /home/jmherruzo/LEGO/gnuarm/lib/gcc/arm-elf/4.4.2/thumb/interwork/libgcc.a(_udivsi3.o)
 .debug_line    0x0000000000000090       0x9c /home/jmherruzo/LEGO/gnuarm/lib/gcc/arm-elf/4.4.2/thumb/interwork/libgcc.a(_divsi3.o)
 .debug_line    0x000000000000012c       0x88 /home/jmherruzo/LEGO/gnuarm/lib/gcc/arm-elf/4.4.2/thumb/interwork/libgcc.a(_umodsi3.o)
 .debug_line    0x00000000000001b4       0x91 /home/jmherruzo/LEGO/gnuarm/lib/gcc/arm-elf/4.4.2/thumb/interwork/libgcc.a(_modsi3.o)
 .debug_line    0x0000000000000245       0x7a /home/jmherruzo/LEGO/gnuarm/lib/gcc/arm-elf/4.4.2/thumb/interwork/libgcc.a(_dvmd_tls.o)
 .debug_line    0x00000000000002bf      0x182 /home/jmherruzo/LEGO/gnuarm/lib/gcc/arm-elf/4.4.2/thumb/interwork/libgcc.a(_arm_addsubdf3.o)
 .debug_line    0x0000000000000441      0x197 /home/jmherruzo/LEGO/gnuarm/lib/gcc/arm-elf/4.4.2/thumb/interwork/libgcc.a(_arm_muldivdf3.o)
 .debug_line    0x00000000000005d8       0xc4 /home/jmherruzo/LEGO/gnuarm/lib/gcc/arm-elf/4.4.2/thumb/interwork/libgcc.a(_arm_cmpdf2.o)
 .debug_line    0x000000000000069c       0x85 /home/jmherruzo/LEGO/gnuarm/lib/gcc/arm-elf/4.4.2/thumb/interwork/libgcc.a(_muldi3.o)
 .debug_line    0x0000000000000721       0xe6 /home/jmherruzo/LEGO/gnuarm/lib/gcc/arm-elf/4.4.2/thumb/interwork/libgcc.a(_divdi3.o)
 .debug_line    0x0000000000000807       0x87 /home/jmherruzo/LEGO/gnuarm/lib/gcc/arm-elf/4.4.2/thumb/interwork/libgcc.a(_clzsi2.o)
 .debug_line    0x000000000000088e      0x147 /home/jmherruzo/LEGO/gnuarm/lib/gcc/arm-elf/4.4.2/../../../../arm-elf/lib/thumb/interwork/libc.a(lib_a-memcpy.o)
 .debug_line    0x00000000000009d5      0x142 /home/jmherruzo/LEGO/gnuarm/lib/gcc/arm-elf/4.4.2/../../../../arm-elf/lib/thumb/interwork/libc.a(lib_a-memset.o)
 .debug_line    0x0000000000000b17       0xbf /home/jmherruzo/LEGO/gnuarm/lib/gcc/arm-elf/4.4.2/../../../../arm-elf/lib/thumb/interwork/libc.a(lib_a-strcmp.o)
 .debug_line    0x0000000000000bd6       0xbf /home/jmherruzo/LEGO/gnuarm/lib/gcc/arm-elf/4.4.2/../../../../arm-elf/lib/thumb/interwork/libc.a(lib_a-strcpy.o)
 .debug_line    0x0000000000000c95      0x108 /home/jmherruzo/LEGO/gnuarm/lib/gcc/arm-elf/4.4.2/../../../../arm-elf/lib/thumb/interwork/libc.a(lib_a-strlen.o)
 .debug_line    0x0000000000000d9d      0x11c /home/jmherruzo/LEGO/gnuarm/lib/gcc/arm-elf/4.4.2/../../../../arm-elf/lib/thumb/interwork/libc.a(lib_a-strncpy.o)

.debug_info     0x0000000000000000     0x146c
 .debug_info    0x0000000000000000       0xb4 /home/jmherruzo/LEGO/gnuarm/lib/gcc/arm-elf/4.4.2/thumb/interwork/libgcc.a(_udivsi3.o)
 .debug_info    0x00000000000000b4       0xb4 /home/jmherruzo/LEGO/gnuarm/lib/gcc/arm-elf/4.4.2/thumb/interwork/libgcc.a(_divsi3.o)
 .debug_info    0x0000000000000168       0xb4 /home/jmherruzo/LEGO/gnuarm/lib/gcc/arm-elf/4.4.2/thumb/interwork/libgcc.a(_umodsi3.o)
 .debug_info    0x000000000000021c       0xb4 /home/jmherruzo/LEGO/gnuarm/lib/gcc/arm-elf/4.4.2/thumb/interwork/libgcc.a(_modsi3.o)
 .debug_info    0x00000000000002d0       0xb4 /home/jmherruzo/LEGO/gnuarm/lib/gcc/arm-elf/4.4.2/thumb/interwork/libgcc.a(_dvmd_tls.o)
 .debug_info    0x0000000000000384       0xb3 /home/jmherruzo/LEGO/gnuarm/lib/gcc/arm-elf/4.4.2/thumb/interwork/libgcc.a(_arm_addsubdf3.o)
 .debug_info    0x0000000000000437       0xb3 /home/jmherruzo/LEGO/gnuarm/lib/gcc/arm-elf/4.4.2/thumb/interwork/libgcc.a(_arm_muldivdf3.o)
 .debug_info    0x00000000000004ea       0xb3 /home/jmherruzo/LEGO/gnuarm/lib/gcc/arm-elf/4.4.2/thumb/interwork/libgcc.a(_arm_cmpdf2.o)
 .debug_info    0x000000000000059d      0x20e /home/jmherruzo/LEGO/gnuarm/lib/gcc/arm-elf/4.4.2/thumb/interwork/libgcc.a(_muldi3.o)
 .debug_info    0x00000000000007ab      0x669 /home/jmherruzo/LEGO/gnuarm/lib/gcc/arm-elf/4.4.2/thumb/interwork/libgcc.a(_divdi3.o)
 .debug_info    0x0000000000000e14       0xb4 /home/jmherruzo/LEGO/gnuarm/lib/gcc/arm-elf/4.4.2/thumb/interwork/libgcc.a(_clzsi2.o)
 .debug_info    0x0000000000000ec8      0x13e /home/jmherruzo/LEGO/gnuarm/lib/gcc/arm-elf/4.4.2/../../../../arm-elf/lib/thumb/interwork/libc.a(lib_a-memcpy.o)
 .debug_info    0x0000000000001006      0x111 /home/jmherruzo/LEGO/gnuarm/lib/gcc/arm-elf/4.4.2/../../../../arm-elf/lib/thumb/interwork/libc.a(lib_a-memset.o)
 .debug_info    0x0000000000001117       0xaf /home/jmherruzo/LEGO/gnuarm/lib/gcc/arm-elf/4.4.2/../../../../arm-elf/lib/thumb/interwork/libc.a(lib_a-strcmp.o)
 .debug_info    0x00000000000011c6       0xb7 /home/jmherruzo/LEGO/gnuarm/lib/gcc/arm-elf/4.4.2/../../../../arm-elf/lib/thumb/interwork/libc.a(lib_a-strcpy.o)
 .debug_info    0x000000000000127d       0xcb /home/jmherruzo/LEGO/gnuarm/lib/gcc/arm-elf/4.4.2/../../../../arm-elf/lib/thumb/interwork/libc.a(lib_a-strlen.o)
 .debug_info    0x0000000000001348      0x124 /home/jmherruzo/LEGO/gnuarm/lib/gcc/arm-elf/4.4.2/../../../../arm-elf/lib/thumb/interwork/libc.a(lib_a-strncpy.o)

.debug_abbrev   0x0000000000000000      0x674
 .debug_abbrev  0x0000000000000000       0x14 /home/jmherruzo/LEGO/gnuarm/lib/gcc/arm-elf/4.4.2/thumb/interwork/libgcc.a(_udivsi3.o)
 .debug_abbrev  0x0000000000000014       0x14 /home/jmherruzo/LEGO/gnuarm/lib/gcc/arm-elf/4.4.2/thumb/interwork/libgcc.a(_divsi3.o)
 .debug_abbrev  0x0000000000000028       0x14 /home/jmherruzo/LEGO/gnuarm/lib/gcc/arm-elf/4.4.2/thumb/interwork/libgcc.a(_umodsi3.o)
 .debug_abbrev  0x000000000000003c       0x14 /home/jmherruzo/LEGO/gnuarm/lib/gcc/arm-elf/4.4.2/thumb/interwork/libgcc.a(_modsi3.o)
 .debug_abbrev  0x0000000000000050       0x14 /home/jmherruzo/LEGO/gnuarm/lib/gcc/arm-elf/4.4.2/thumb/interwork/libgcc.a(_dvmd_tls.o)
 .debug_abbrev  0x0000000000000064       0x14 /home/jmherruzo/LEGO/gnuarm/lib/gcc/arm-elf/4.4.2/thumb/interwork/libgcc.a(_arm_addsubdf3.o)
 .debug_abbrev  0x0000000000000078       0x14 /home/jmherruzo/LEGO/gnuarm/lib/gcc/arm-elf/4.4.2/thumb/interwork/libgcc.a(_arm_muldivdf3.o)
 .debug_abbrev  0x000000000000008c       0x14 /home/jmherruzo/LEGO/gnuarm/lib/gcc/arm-elf/4.4.2/thumb/interwork/libgcc.a(_arm_cmpdf2.o)
 .debug_abbrev  0x00000000000000a0       0xf5 /home/jmherruzo/LEGO/gnuarm/lib/gcc/arm-elf/4.4.2/thumb/interwork/libgcc.a(_muldi3.o)
 .debug_abbrev  0x0000000000000195      0x169 /home/jmherruzo/LEGO/gnuarm/lib/gcc/arm-elf/4.4.2/thumb/interwork/libgcc.a(_divdi3.o)
 .debug_abbrev  0x00000000000002fe       0x14 /home/jmherruzo/LEGO/gnuarm/lib/gcc/arm-elf/4.4.2/thumb/interwork/libgcc.a(_clzsi2.o)
 .debug_abbrev  0x0000000000000312       0xa0 /home/jmherruzo/LEGO/gnuarm/lib/gcc/arm-elf/4.4.2/../../../../arm-elf/lib/thumb/interwork/libc.a(lib_a-memcpy.o)
 .debug_abbrev  0x00000000000003b2       0xa1 /home/jmherruzo/LEGO/gnuarm/lib/gcc/arm-elf/4.4.2/../../../../arm-elf/lib/thumb/interwork/libc.a(lib_a-memset.o)
 .debug_abbrev  0x0000000000000453       0x76 /home/jmherruzo/LEGO/gnuarm/lib/gcc/arm-elf/4.4.2/../../../../arm-elf/lib/thumb/interwork/libc.a(lib_a-strcmp.o)
 .debug_abbrev  0x00000000000004c9       0x76 /home/jmherruzo/LEGO/gnuarm/lib/gcc/arm-elf/4.4.2/../../../../arm-elf/lib/thumb/interwork/libc.a(lib_a-strcpy.o)
 .debug_abbrev  0x000000000000053f       0x92 /home/jmherruzo/LEGO/gnuarm/lib/gcc/arm-elf/4.4.2/../../../../arm-elf/lib/thumb/interwork/libc.a(lib_a-strlen.o)
 .debug_abbrev  0x00000000000005d1       0xa3 /home/jmherruzo/LEGO/gnuarm/lib/gcc/arm-elf/4.4.2/../../../../arm-elf/lib/thumb/interwork/libc.a(lib_a-strncpy.o)

.debug_aranges  0x0000000000000000      0x220
 .debug_aranges
                0x0000000000000000       0x20 /home/jmherruzo/LEGO/gnuarm/lib/gcc/arm-elf/4.4.2/thumb/interwork/libgcc.a(_udivsi3.o)
 .debug_aranges
                0x0000000000000020       0x20 /home/jmherruzo/LEGO/gnuarm/lib/gcc/arm-elf/4.4.2/thumb/interwork/libgcc.a(_divsi3.o)
 .debug_aranges
                0x0000000000000040       0x20 /home/jmherruzo/LEGO/gnuarm/lib/gcc/arm-elf/4.4.2/thumb/interwork/libgcc.a(_umodsi3.o)
 .debug_aranges
                0x0000000000000060       0x20 /home/jmherruzo/LEGO/gnuarm/lib/gcc/arm-elf/4.4.2/thumb/interwork/libgcc.a(_modsi3.o)
 .debug_aranges
                0x0000000000000080       0x20 /home/jmherruzo/LEGO/gnuarm/lib/gcc/arm-elf/4.4.2/thumb/interwork/libgcc.a(_dvmd_tls.o)
 .debug_aranges
                0x00000000000000a0       0x20 /home/jmherruzo/LEGO/gnuarm/lib/gcc/arm-elf/4.4.2/thumb/interwork/libgcc.a(_arm_addsubdf3.o)
 .debug_aranges
                0x00000000000000c0       0x20 /home/jmherruzo/LEGO/gnuarm/lib/gcc/arm-elf/4.4.2/thumb/interwork/libgcc.a(_arm_muldivdf3.o)
 .debug_aranges
                0x00000000000000e0       0x20 /home/jmherruzo/LEGO/gnuarm/lib/gcc/arm-elf/4.4.2/thumb/interwork/libgcc.a(_arm_cmpdf2.o)
 .debug_aranges
                0x0000000000000100       0x20 /home/jmherruzo/LEGO/gnuarm/lib/gcc/arm-elf/4.4.2/thumb/interwork/libgcc.a(_muldi3.o)
 .debug_aranges
                0x0000000000000120       0x20 /home/jmherruzo/LEGO/gnuarm/lib/gcc/arm-elf/4.4.2/thumb/interwork/libgcc.a(_divdi3.o)
 .debug_aranges
                0x0000000000000140       0x20 /home/jmherruzo/LEGO/gnuarm/lib/gcc/arm-elf/4.4.2/thumb/interwork/libgcc.a(_clzsi2.o)
 .debug_aranges
                0x0000000000000160       0x20 /home/jmherruzo/LEGO/gnuarm/lib/gcc/arm-elf/4.4.2/../../../../arm-elf/lib/thumb/interwork/libc.a(lib_a-memcpy.o)
 .debug_aranges
                0x0000000000000180       0x20 /home/jmherruzo/LEGO/gnuarm/lib/gcc/arm-elf/4.4.2/../../../../arm-elf/lib/thumb/interwork/libc.a(lib_a-memset.o)
 .debug_aranges
                0x00000000000001a0       0x20 /home/jmherruzo/LEGO/gnuarm/lib/gcc/arm-elf/4.4.2/../../../../arm-elf/lib/thumb/interwork/libc.a(lib_a-strcmp.o)
 .debug_aranges
                0x00000000000001c0       0x20 /home/jmherruzo/LEGO/gnuarm/lib/gcc/arm-elf/4.4.2/../../../../arm-elf/lib/thumb/interwork/libc.a(lib_a-strcpy.o)
 .debug_aranges
                0x00000000000001e0       0x20 /home/jmherruzo/LEGO/gnuarm/lib/gcc/arm-elf/4.4.2/../../../../arm-elf/lib/thumb/interwork/libc.a(lib_a-strlen.o)
 .debug_aranges
                0x0000000000000200       0x20 /home/jmherruzo/LEGO/gnuarm/lib/gcc/arm-elf/4.4.2/../../../../arm-elf/lib/thumb/interwork/libc.a(lib_a-strncpy.o)

.debug_loc      0x0000000000000000      0xcd8
 .debug_loc     0x0000000000000000      0x156 /home/jmherruzo/LEGO/gnuarm/lib/gcc/arm-elf/4.4.2/thumb/interwork/libgcc.a(_muldi3.o)
 .debug_loc     0x0000000000000156      0x800 /home/jmherruzo/LEGO/gnuarm/lib/gcc/arm-elf/4.4.2/thumb/interwork/libgcc.a(_divdi3.o)
 .debug_loc     0x0000000000000956      0x13b /home/jmherruzo/LEGO/gnuarm/lib/gcc/arm-elf/4.4.2/../../../../arm-elf/lib/thumb/interwork/libc.a(lib_a-memcpy.o)
 .debug_loc     0x0000000000000a91       0xfc /home/jmherruzo/LEGO/gnuarm/lib/gcc/arm-elf/4.4.2/../../../../arm-elf/lib/thumb/interwork/libc.a(lib_a-memset.o)
 .debug_loc     0x0000000000000b8d       0x13 /home/jmherruzo/LEGO/gnuarm/lib/gcc/arm-elf/4.4.2/../../../../arm-elf/lib/thumb/interwork/libc.a(lib_a-strcmp.o)
 .debug_loc     0x0000000000000ba0       0x13 /home/jmherruzo/LEGO/gnuarm/lib/gcc/arm-elf/4.4.2/../../../../arm-elf/lib/thumb/interwork/libc.a(lib_a-strcpy.o)
 .debug_loc     0x0000000000000bb3       0x26 /home/jmherruzo/LEGO/gnuarm/lib/gcc/arm-elf/4.4.2/../../../../arm-elf/lib/thumb/interwork/libc.a(lib_a-strlen.o)
 .debug_loc     0x0000000000000bd9       0xff /home/jmherruzo/LEGO/gnuarm/lib/gcc/arm-elf/4.4.2/../../../../arm-elf/lib/thumb/interwork/libc.a(lib_a-strncpy.o)

.debug_pubnames
                0x0000000000000000       0xed
 .debug_pubnames
                0x0000000000000000       0x1f /home/jmherruzo/LEGO/gnuarm/lib/gcc/arm-elf/4.4.2/thumb/interwork/libgcc.a(_muldi3.o)
 .debug_pubnames
                0x000000000000001f       0x1f /home/jmherruzo/LEGO/gnuarm/lib/gcc/arm-elf/4.4.2/thumb/interwork/libgcc.a(_divdi3.o)
 .debug_pubnames
                0x000000000000003e       0x1d /home/jmherruzo/LEGO/gnuarm/lib/gcc/arm-elf/4.4.2/../../../../arm-elf/lib/thumb/interwork/libc.a(lib_a-memcpy.o)
 .debug_pubnames
                0x000000000000005b       0x1d /home/jmherruzo/LEGO/gnuarm/lib/gcc/arm-elf/4.4.2/../../../../arm-elf/lib/thumb/interwork/libc.a(lib_a-memset.o)
 .debug_pubnames
                0x0000000000000078       0x1d /home/jmherruzo/LEGO/gnuarm/lib/gcc/arm-elf/4.4.2/../../../../arm-elf/lib/thumb/interwork/libc.a(lib_a-strcmp.o)
 .debug_pubnames
                0x0000000000000095       0x1d /home/jmherruzo/LEGO/gnuarm/lib/gcc/arm-elf/4.4.2/../../../../arm-elf/lib/thumb/interwork/libc.a(lib_a-strcpy.o)
 .debug_pubnames
                0x00000000000000b2       0x1d /home/jmherruzo/LEGO/gnuarm/lib/gcc/arm-elf/4.4.2/../../../../arm-elf/lib/thumb/interwork/libc.a(lib_a-strlen.o)
 .debug_pubnames
                0x00000000000000cf       0x1e /home/jmherruzo/LEGO/gnuarm/lib/gcc/arm-elf/4.4.2/../../../../arm-elf/lib/thumb/interwork/libc.a(lib_a-strncpy.o)

.debug_ranges   0x0000000000000000      0x120
 .debug_ranges  0x0000000000000000       0x40 /home/jmherruzo/LEGO/gnuarm/lib/gcc/arm-elf/4.4.2/thumb/interwork/libgcc.a(_muldi3.o)
 .debug_ranges  0x0000000000000040       0xe0 /home/jmherruzo/LEGO/gnuarm/lib/gcc/arm-elf/4.4.2/thumb/interwork/libgcc.a(_divdi3.o)

.debug_str      0x0000000000000000      0x3a0
 .debug_str     0x0000000000000000      0x147 /home/jmherruzo/LEGO/gnuarm/lib/gcc/arm-elf/4.4.2/thumb/interwork/libgcc.a(_muldi3.o)
                                        0x19b (size before relaxing)
 .debug_str     0x0000000000000147       0x3c /home/jmherruzo/LEGO/gnuarm/lib/gcc/arm-elf/4.4.2/thumb/interwork/libgcc.a(_divdi3.o)
                                        0x1ce (size before relaxing)
 .debug_str     0x0000000000000183       0x78 /home/jmherruzo/LEGO/gnuarm/lib/gcc/arm-elf/4.4.2/../../../../arm-elf/lib/thumb/interwork/libc.a(lib_a-memcpy.o)
                                        0x10d (size before relaxing)
 .debug_str     0x00000000000001fb       0x5e /home/jmherruzo/LEGO/gnuarm/lib/gcc/arm-elf/4.4.2/../../../../arm-elf/lib/thumb/interwork/libc.a(lib_a-memset.o)
                                         0xfa (size before relaxing)
 .debug_str     0x0000000000000259       0x4f /home/jmherruzo/LEGO/gnuarm/lib/gcc/arm-elf/4.4.2/../../../../arm-elf/lib/thumb/interwork/libc.a(lib_a-strcmp.o)
                                         0xe4 (size before relaxing)
 .debug_str     0x00000000000002a8       0x4f /home/jmherruzo/LEGO/gnuarm/lib/gcc/arm-elf/4.4.2/../../../../arm-elf/lib/thumb/interwork/libc.a(lib_a-strcpy.o)
                                         0xe4 (size before relaxing)
 .debug_str     0x00000000000002f7       0x57 /home/jmherruzo/LEGO/gnuarm/lib/gcc/arm-elf/4.4.2/../../../../arm-elf/lib/thumb/interwork/libc.a(lib_a-strlen.o)
                                         0xf3 (size before relaxing)
 .debug_str     0x000000000000034e       0x52 /home/jmherruzo/LEGO/gnuarm/lib/gcc/arm-elf/4.4.2/../../../../arm-elf/lib/thumb/interwork/libc.a(lib_a-strncpy.o)
                                        0x110 (size before relaxing)

Cross Reference Table

Symbol                                            File
ActivateTask                                      build/kernel/task_manage.o
                                                  build/practica_1c.o
                                                  build/./kernel_cfg.o
Alarma1                                           build/./kernel_cfg.o
Avance                                            build/./kernel_cfg.o
                                                  build/practica_1c.o
CancelAlarm                                       build/kernel/alarm.o
ChainTask                                         build/kernel/task_manage.o
ClearEvent                                        build/kernel/event.o
                                                  build/practica_1c.o
Contador                                          build/./kernel_cfg.o
                                                  build/practica_1c.o
Correccion                                        build/./kernel_cfg.o
Derecha                                           build/./kernel_cfg.o
                                                  build/practica_1c.o
DisableAllInterrupts                              build/kernel/interrupt.o
EnableAllInterrupts                               build/kernel/interrupt.o
ErrorHook                                         /home/jmherruzo/LEGO/nxtOSEK/ecrobot/../ecrobot/libecrobot.a(osek_hook.o)
                                                  build/kernel/osctl.o
GetActiveApplicationMode                          build/kernel/osctl.o
GetAlarm                                          build/kernel/alarm.o
GetAlarmBase                                      build/kernel/alarm.o
GetEvent                                          build/kernel/event.o
GetResource                                       build/kernel/resource.o
GetTaskID                                         build/kernel/task_manage.o
GetTaskState                                      build/kernel/task_manage.o
Giro                                              build/./kernel_cfg.o
                                                  build/practica_1c.o
Izquierda                                         build/./kernel_cfg.o
                                                  build/practica_1c.o
NXT_Entry_Point                                   build/nxt_entry_point.o
                                                  build/nxt_binary_header.o
PostTaskHook                                      /home/jmherruzo/LEGO/nxtOSEK/ecrobot/../ecrobot/libecrobot.a(osek_hook.o)
                                                  build/config/at91sam7s-gnu/cpu_support.oram
                                                  build/kernel/osctl.o
PreTaskHook                                       /home/jmherruzo/LEGO/nxtOSEK/ecrobot/../ecrobot/libecrobot.a(osek_hook.o)