Archive member included because of file (symbol)

/home/jmherruzo/LEGO/nxtOSEK/ecrobot/../ecrobot/libecrobot.a(ecrobot_device_hook.o)
                              build/ecrobot.o (ecrobot_device_initialize)
/home/jmherruzo/LEGO/nxtOSEK/ecrobot/../ecrobot/libecrobot.a(ecrobot_interface.o)
                              build/ecrobot_base.o (ecrobot_get_battery_voltage)
/home/jmherruzo/LEGO/nxtOSEK/ecrobot/../ecrobot/libecrobot.a(colorsensor.o)
                              /home/jmherruzo/LEGO/nxtOSEK/ecrobot/../ecrobot/libecrobot.a(ecrobot_interface.o) (colorsensor_light_get)
/home/jmherruzo/LEGO/nxtOSEK/ecrobot/../ecrobot/libecrobot.a(osek_hook.o)
                              build/kernel/osctl.o (StartupHook)
/home/jmherruzo/LEGO/nxtOSEK/ecrobot/../ecrobot/libecrobot.a(uart.oram)
                              build/config/at91sam7s-gnu/irq.oram (uart_isr_C_1)
/home/jmherruzo/LEGO/nxtOSEK/ecrobot/../ecrobot/libecrobot.a(systick.oram)
                              build/config/at91sam7s-gnu/irq.oram (systick_isr_C)
/home/jmherruzo/LEGO/nxtOSEK/ecrobot/../ecrobot/libecrobot.a(byte_fifo.oram)
                              /home/jmherruzo/LEGO/nxtOSEK/ecrobot/../ecrobot/libecrobot.a(uart.oram) (byte_fifo_init)
/home/jmherruzo/LEGO/nxtOSEK/ecrobot/../ecrobot/libecrobot.a(aic.oram)
                              /home/jmherruzo/LEGO/nxtOSEK/ecrobot/../ecrobot/libecrobot.a(uart.oram) (aic_mask_off)
/home/jmherruzo/LEGO/nxtOSEK/ecrobot/../ecrobot/libecrobot.a(udp.oram)
                              build/config/at91sam7s-gnu/irq.oram (udp_isr_C)
/home/jmherruzo/LEGO/nxtOSEK/ecrobot/../ecrobot/libecrobot.a(twi.oram)
                              build/config/at91sam7s-gnu/irq.oram (twi_isr_C)
/home/jmherruzo/LEGO/nxtOSEK/ecrobot/../ecrobot/libecrobot.a(nxt_spi.oram)
                              build/config/at91sam7s-gnu/irq.oram (spi_isr_C)
/home/jmherruzo/LEGO/nxtOSEK/ecrobot/../ecrobot/libecrobot.a(nxt_motors.oram)
                              build/practica1a.o (nxt_motor_get_count)
/home/jmherruzo/LEGO/nxtOSEK/ecrobot/../ecrobot/libecrobot.a(data_abort.oram)
                              build/ecrobot_init.o (data_abort_C)
/home/jmherruzo/LEGO/nxtOSEK/ecrobot/../ecrobot/libecrobot.a(display.oram)
                              build/ecrobot_base.o (display_goto_xy)
/home/jmherruzo/LEGO/nxtOSEK/ecrobot/../ecrobot/libecrobot.a(i2c.oram)
                              build/config/at91sam7s-gnu/irq.oram (i2c_timer_isr_C)
/home/jmherruzo/LEGO/nxtOSEK/ecrobot/../ecrobot/libecrobot.a(sound.oram)
                              /home/jmherruzo/LEGO/nxtOSEK/ecrobot/../ecrobot/libecrobot.a(ecrobot_interface.o) (sound_freq_vol)
/home/jmherruzo/LEGO/nxtOSEK/ecrobot/../ecrobot/libecrobot.a(bt.oram)
                              build/ecrobot_bluetooth.o (bt_pending)
/home/jmherruzo/LEGO/nxtOSEK/ecrobot/../ecrobot/libecrobot.a(nxt_avr.oram)
                              build/ecrobot_base.o (nxt_avr_power_down)
/home/jmherruzo/LEGO/nxtOSEK/ecrobot/../ecrobot/libecrobot.a(sensors.oram)
                              /home/jmherruzo/LEGO/nxtOSEK/ecrobot/../ecrobot/libecrobot.a(ecrobot_interface.o) (set_digi0)
/home/jmherruzo/LEGO/nxtOSEK/ecrobot/../ecrobot/libecrobot.a(sensors1.oram)
                              /home/jmherruzo/LEGO/nxtOSEK/ecrobot/../ecrobot/libecrobot.a(colorsensor.o) (sp_set_mode)
/home/jmherruzo/LEGO/nxtOSEK/ecrobot/../ecrobot/libecrobot.a(nxt_lcd.oram)
                              /home/jmherruzo/LEGO/nxtOSEK/ecrobot/../ecrobot/libecrobot.a(display.oram) (nxt_lcd_update)
/home/jmherruzo/LEGO/nxtOSEK/ecrobot/../ecrobot/libecrobot.a(flash_loader.oram)
                              build/ecrobot.o (nxt_device_init)
/home/jmherruzo/LEGO/nxtOSEK/ecrobot/../ecrobot/libecrobot.a(interrupts.oram)
                              /home/jmherruzo/LEGO/nxtOSEK/ecrobot/../ecrobot/libecrobot.a(uart.oram) (interrupts_get_and_disable)
/home/jmherruzo/LEGO/nxtOSEK/ecrobot/../ecrobot/libecrobot.a(nxtosek_splash.obmp)
                              build/ecrobot_base.o (nxtosek_splash_bmp_start)
/home/jmherruzo/LEGO/nxtOSEK/ecrobot/../ecrobot/libecrobot.a(ecrobot_usb.o)
                              /home/jmherruzo/LEGO/nxtOSEK/ecrobot/../ecrobot/libecrobot.a(flash_loader.oram) (ecrobot_term_usb)
/home/jmherruzo/LEGO/nxtOSEK/ecrobot/../ecrobot/libecrobot.a(flashprog.oram)
                              /home/jmherruzo/LEGO/nxtOSEK/ecrobot/../ecrobot/libecrobot.a(flash_loader.oram) (flash_write_page)
/home/jmherruzo/LEGO/gnuarm/lib/gcc/arm-elf/4.4.2/thumb/interwork/libgcc.a(_udivsi3.o)
                              build/ecrobot_base.o (__udivsi3)
/home/jmherruzo/LEGO/gnuarm/lib/gcc/arm-elf/4.4.2/thumb/interwork/libgcc.a(_divsi3.o)
                              /home/jmherruzo/LEGO/nxtOSEK/ecrobot/../ecrobot/libecrobot.a(uart.oram) (__divsi3)
/home/jmherruzo/LEGO/gnuarm/lib/gcc/arm-elf/4.4.2/thumb/interwork/libgcc.a(_umodsi3.o)
[...]
Memory Configuration

Name             Origin             Length             Attributes
header_ram       0x00000000001ffff0 0x0000000000000010
vector_ram       0x0000000000200000 0x0000000000000040
ram              0x0000000000200040 0x000000000000ffc0
*default*        0x0000000000000000 0xffffffffffffffff

Linker script and memory map

LOAD build/kernel/alarm.o
LOAD build/kernel/event.o
LOAD build/kernel/interrupt.o
LOAD build/kernel/osctl.o
LOAD build/kernel/resource.o
LOAD build/kernel/task.o
LOAD build/kernel/task_manage.o
LOAD build/config/at91sam7s-gnu/cpu_config.o
LOAD build/config/at91sam7s-gnu/lego_nxt/sys_config.o
LOAD build/./kernel_cfg.o
LOAD build/syscalls.o
LOAD build/ecrobot_bluetooth.o
LOAD build/ecrobot_base.o
LOAD build/ecrobot.o
LOAD build/practica1a.o
LOAD build/syslib/at91sam7s-gnu/lego_nxt/hw_sys_timer.oram
LOAD build/nxtvm/platform/nxt/vectors.o
LOAD build/config/at91sam7s-gnu/debug.o
LOAD build/config/at91sam7s-gnu/lego_nxt/sys_support.o
LOAD build/nxt_binary_header.o
LOAD build/nxt_entry_point.o
LOAD build/ecrobot_init.o
LOAD build/config/at91sam7s-gnu/cpu_support.oram
LOAD build/config/at91sam7s-gnu/irq.oram
LOAD /home/jmherruzo/LEGO/nxtOSEK/ecrobot/../c++/liblejososek.a
LOAD /home/jmherruzo/LEGO/nxtOSEK/ecrobot/../ecrobot/libecrobot.a
LOAD /home/jmherruzo/LEGO/gnuarm/lib/gcc/arm-elf/4.4.2/../../../../arm-elf/lib/thumb/interwork/libstdc++.a
LOAD /home/jmherruzo/LEGO/gnuarm/lib/gcc/arm-elf/4.4.2/../../../../arm-elf/lib/thumb/interwork/libm.a
START GROUP
LOAD /home/jmherruzo/LEGO/gnuarm/lib/gcc/arm-elf/4.4.2/thumb/interwork/libgcc.a
LOAD /home/jmherruzo/LEGO/gnuarm/lib/gcc/arm-elf/4.4.2/../../../../arm-elf/lib/thumb/interwork/libc.a
END GROUP
                0x0000000000200000                RAM_BASE = 0x200000
                0x0000000000010000                RAM_SIZE = 0x10000

.header         0x00000000001ffff0       0x10
 *nxt_binary_header.o(*.text *.text.*)
 .text          0x00000000001ffff0       0x10 build/nxt_binary_header.o
                0x0000000000200000                . = ALIGN (0x10)

.vectors        0x0000000000200000       0x40
 vectors.o(*.text *.text.*)
 .text          0x0000000000200000       0x38 build/nxtvm/platform/nxt/vectors.o
                0x0000000000200040                . = ALIGN (0x10)
 *fill*         0x0000000000200038        0x8 00
                0x0000000000200000                __vectors_ram_start__ = ADDR (.vectors)
                0x0000000000200040                __vectors_ram_end__ = (ADDR (.vectors) + SIZEOF (.vectors))
                0x0000000000200000                __vectors_load_start__ = LOADADDR (.vectors)
                0x0000000000200040                __vectors_load_end__ = (LOADADDR (.vectors) + SIZEOF (.vectors))

.entry          0x0000000000200040       0x40
 *nxt_entry_point.o(*.text *.text.*)
 .text          0x0000000000200040       0x38 build/nxt_entry_point.o
                0x0000000000200040                NXT_Entry_Point
                0x0000000000200080                . = ALIGN (0x10)
 *fill*         0x0000000000200078        0x8 00

.init           0x0000000000200080      0x280
 *ecrobot_init.o(*.text *.text.*)
 .text          0x0000000000200080      0x280 build/ecrobot_init.o
                0x0000000000200080                start
                0x00000000002001ec                undef_handler
                0x00000000002001f0                swi_handler
                0x00000000002001f4                prefetch_abort_handler
                0x00000000002001f8                data_abort_handler
                0x0000000000200214                reserved_handler
                0x0000000000200300                . = ALIGN (0x10)

.ram_text       0x0000000000200300     0x2fc0
                0x0000000000200300                . = ALIGN (0x10)
 *.oram(*.text *.text.* *.glue*)
 .text.systick_isr_C1
                0x0000000000200300       0x28 build/syslib/at91sam7s-gnu/lego_nxt/hw_sys_timer.oram
                0x0000000000200300                systick_isr_C1
 *fill*         0x0000000000200328        0x8 00
 .text          0x0000000000200330      0x230 build/config/at91sam7s-gnu/cpu_support.oram
                0x0000000000200330                dispatch
                0x0000000000200370                activate_r
                0x00000000002003a0                exit_and_dispatch
                0x00000000002003b0                start_dispatch
                0x000000000020046c                _interrupt
                0x00000000002004dc                int_return
                0x0000000000200508                disable_int
                0x0000000000200510                enable_int
                0x0000000000200518                nop
 .text          0x0000000000200560      0x2c0 build/config/at91sam7s-gnu/irq.oram
                0x0000000000200560                default_isr
                0x0000000000200560                default_fiq
                0x0000000000200560                spurious_isr
                0x0000000000200564                systick_isr_entry
                0x00000000002005ac                systick_low_priority_entry
                0x00000000002005ec                udp_isr_entry
                0x000000000020062c                spi_isr_entry
                0x000000000020066c                twi_isr_entry
                0x00000000002006ac                sound_isr_entry
                0x00000000002006ec                uart_isr_entry_0
                0x000000000020072c                uart_isr_entry_1
                0x000000000020076c                nxt_motor_isr_entry
                0x00000000002007ac                i2c_timer_isr_entry
 .text.uart_process_isr
                0x0000000000200820       0x88 /home/jmherruzo/LEGO/nxtOSEK/ecrobot/../ecrobot/libecrobot.a(uart.oram)
 .text.uart_isr_C_1
                0x00000000002008a8        0xc /home/jmherruzo/LEGO/nxtOSEK/ecrobot/../ecrobot/libecrobot.a(uart.oram)
                0x00000000002008a8                uart_isr_C_1
 .text.uart_isr_C_0
                0x00000000002008b4        0xc /home/jmherruzo/LEGO/nxtOSEK/ecrobot/../ecrobot/libecrobot.a(uart.oram)
                0x00000000002008b4                uart_isr_C_0
 .text.systick_isr_C
                0x00000000002008c0       0x24 /home/jmherruzo/LEGO/nxtOSEK/ecrobot/../ecrobot/libecrobot.a(systick.oram)
                0x00000000002008c0                systick_isr_C
 .text.systick_get_ms
                0x00000000002008e4        0xc /home/jmherruzo/LEGO/nxtOSEK/ecrobot/../ecrobot/libecrobot.a(systick.oram)
                0x00000000002008e4                systick_get_ms
 .text.systick_wait_ms
                0x00000000002008f0       0x1c /home/jmherruzo/LEGO/nxtOSEK/ecrobot/../ecrobot/libecrobot.a(systick.oram)
                0x00000000002008f0                systick_wait_ms
 .text.systick_wait_ns
                0x000000000020090c       0x1c /home/jmherruzo/LEGO/nxtOSEK/ecrobot/../ecrobot/libecrobot.a(systick.oram)
                0x000000000020090c                systick_wait_ns
 .text.systick_resume
                0x0000000000200928        0xc /home/jmherruzo/LEGO/nxtOSEK/ecrobot/../ecrobot/libecrobot.a(systick.oram)
                0x0000000000200928                systick_resume
 .text.systick_suspend
                0x0000000000200934        0xc /home/jmherruzo/LEGO/nxtOSEK/ecrobot/../ecrobot/libecrobot.a(systick.oram)
                0x0000000000200934                systick_suspend
 .text.systick_init
                0x0000000000200940       0x58 /home/jmherruzo/LEGO/nxtOSEK/ecrobot/../ecrobot/libecrobot.a(systick.oram)
                0x0000000000200940                systick_init
 .text.systick_low_priority_C
                0x0000000000200998       0x1c /home/jmherruzo/LEGO/nxtOSEK/ecrobot/../ecrobot/libecrobot.a(systick.oram)
                0x0000000000200998                systick_low_priority_C
 .text.byte_fifo_put
                0x00000000002009b4       0x50 /home/jmherruzo/LEGO/nxtOSEK/ecrobot/../ecrobot/libecrobot.a(byte_fifo.oram)
                0x00000000002009b4                byte_fifo_put
 .text.byte_fifo_get
                0x0000000000200a04       0x2c /home/jmherruzo/LEGO/nxtOSEK/ecrobot/../ecrobot/libecrobot.a(byte_fifo.oram)
                0x0000000000200a04                byte_fifo_get
 .text.aic_initialise
                0x0000000000200a30       0x5c /home/jmherruzo/LEGO/nxtOSEK/ecrobot/../ecrobot/libecrobot.a(aic.oram)
                0x0000000000200a30                aic_initialise
 .text.aic_clear
                0x0000000000200a8c       0x24 /home/jmherruzo/LEGO/nxtOSEK/ecrobot/../ecrobot/libecrobot.a(aic.oram)
                0x0000000000200a8c                aic_clear
 .text.aic_mask_off
                0x0000000000200ab0       0x24 /home/jmherruzo/LEGO/nxtOSEK/ecrobot/../ecrobot/libecrobot.a(aic.oram)
                0x0000000000200ab0                aic_mask_off
 .text.aic_mask_on
                0x0000000000200ad4       0x24 /home/jmherruzo/LEGO/nxtOSEK/ecrobot/../ecrobot/libecrobot.a(aic.oram)
                0x0000000000200ad4                aic_mask_on
 .text.aic_set_vector
                0x0000000000200af8       0x30 /home/jmherruzo/LEGO/nxtOSEK/ecrobot/../ecrobot/libecrobot.a(aic.oram)
                0x0000000000200af8                aic_set_vector
 .text.udp_send_control
                0x0000000000200b28       0x5c /home/jmherruzo/LEGO/nxtOSEK/ecrobot/../ecrobot/libecrobot.a(udp.oram)
 .text.udp_isr_C
                0x0000000000200b84      0x99c /home/jmherruzo/LEGO/nxtOSEK/ecrobot/../ecrobot/libecrobot.a(udp.oram)
                0x0000000000200b84                udp_isr_C
 .text.twi_status
                0x0000000000201520       0x20 /home/jmherruzo/LEGO/nxtOSEK/ecrobot/../ecrobot/libecrobot.a(twi.oram)
                0x0000000000201520                twi_status
 .text.twi_isr_C
                0x0000000000201540       0xbc /home/jmherruzo/LEGO/nxtOSEK/ecrobot/../ecrobot/libecrobot.a(twi.oram)
                0x0000000000201540                twi_isr_C
 .text.twi_start_read
                0x00000000002015fc       0x58 /home/jmherruzo/LEGO/nxtOSEK/ecrobot/../ecrobot/libecrobot.a(twi.oram)
                0x00000000002015fc                twi_start_read
 .text.twi_start_write
                0x0000000000201654       0x58 /home/jmherruzo/LEGO/nxtOSEK/ecrobot/../ecrobot/libecrobot.a(twi.oram)
                0x0000000000201654                twi_start_write
 .text.twi_reset
                0x00000000002016ac       0xb8 /home/jmherruzo/LEGO/nxtOSEK/ecrobot/../ecrobot/libecrobot.a(twi.oram)
                0x00000000002016ac                twi_reset
 .text.twi_init
                0x0000000000201764       0x4c /home/jmherruzo/LEGO/nxtOSEK/ecrobot/../ecrobot/libecrobot.a(twi.oram)
                0x0000000000201764                twi_init
 .text.spi_isr_C
                0x00000000002017b0       0x90 /home/jmherruzo/LEGO/nxtOSEK/ecrobot/../ecrobot/libecrobot.a(nxt_spi.oram)
                0x00000000002017b0                spi_isr_C
 .text.nxt_spi_write
                0x0000000000201840       0x78 /home/jmherruzo/LEGO/nxtOSEK/ecrobot/../ecrobot/libecrobot.a(nxt_spi.oram)
                0x0000000000201840                nxt_spi_write
 .text.nxt_spi_set_display
                0x00000000002018b8       0x10 /home/jmherruzo/LEGO/nxtOSEK/ecrobot/../ecrobot/libecrobot.a(nxt_spi.oram)
                0x00000000002018b8                nxt_spi_set_display
 .text.nxt_spi_refresh
                0x00000000002018c8       0x24 /home/jmherruzo/LEGO/nxtOSEK/ecrobot/../ecrobot/libecrobot.a(nxt_spi.oram)
                0x00000000002018c8                nxt_spi_refresh
 .text.nxt_spi_init
                0x00000000002018ec      0x128 /home/jmherruzo/LEGO/nxtOSEK/ecrobot/../ecrobot/libecrobot.a(nxt_spi.oram)
                0x00000000002018ec                nxt_spi_init
 .text.nxt_motor_get_count
                0x0000000000201a14       0x14 /home/jmherruzo/LEGO/nxtOSEK/ecrobot/../ecrobot/libecrobot.a(nxt_motors.oram)
                0x0000000000201a14                nxt_motor_get_count
 .text.nxt_motor_set_count
                0x0000000000201a28       0x10 /home/jmherruzo/LEGO/nxtOSEK/ecrobot/../ecrobot/libecrobot.a(nxt_motors.oram)
                0x0000000000201a28                nxt_motor_set_count
 .text.nxt_motor_1kHz_process
                0x0000000000201a38       0x28 /home/jmherruzo/LEGO/nxtOSEK/ecrobot/../ecrobot/libecrobot.a(nxt_motors.oram)
                0x0000000000201a38                nxt_motor_1kHz_process
 .text.nxt_motor_quad_decode
                0x0000000000201a60       0x48 /home/jmherruzo/LEGO/nxtOSEK/ecrobot/../ecrobot/libecrobot.a(nxt_motors.oram)
                0x0000000000201a60                nxt_motor_quad_decode
 .text.nxt_motor_init
                0x0000000000201aa8       0x64 /home/jmherruzo/LEGO/nxtOSEK/ecrobot/../ecrobot/libecrobot.a(nxt_motors.oram)
                0x0000000000201aa8                nxt_motor_init
 .text.nxt_motor_isr_C
                0x0000000000201b0c       0x88 /home/jmherruzo/LEGO/nxtOSEK/ecrobot/../ecrobot/libecrobot.a(nxt_motors.oram)
                0x0000000000201b0c                nxt_motor_isr_C
 .text.nxt_motor_set_speed
                0x0000000000201b94       0x30 /home/jmherruzo/LEGO/nxtOSEK/ecrobot/../ecrobot/libecrobot.a(nxt_motors.oram)
                0x0000000000201b94                nxt_motor_set_speed
 .text.data_abort_C
                0x0000000000201bc4       0x7c /home/jmherruzo/LEGO/nxtOSEK/ecrobot/../ecrobot/libecrobot.a(data_abort.oram)
                0x0000000000201bc4                data_abort_C
 .text.display_goto_xy
                0x0000000000201c40       0x14 /home/jmherruzo/LEGO/nxtOSEK/ecrobot/../ecrobot/libecrobot.a(display.oram)
                0x0000000000201c40                display_goto_xy
 .text.display_char
                0x0000000000201c54       0x54 /home/jmherruzo/LEGO/nxtOSEK/ecrobot/../ecrobot/libecrobot.a(display.oram)
                0x0000000000201c54                display_char
 .text.display_string
                0x0000000000201ca8       0x40 /home/jmherruzo/LEGO/nxtOSEK/ecrobot/../ecrobot/libecrobot.a(display.oram)
                0x0000000000201ca8                display_string
 .text.display_hex
                0x0000000000201ce8       0x50 /home/jmherruzo/LEGO/nxtOSEK/ecrobot/../ecrobot/libecrobot.a(display.oram)
                0x0000000000201ce8                display_hex
 .text.display_unsigned_worker
                0x0000000000201d38       0x74 /home/jmherruzo/LEGO/nxtOSEK/ecrobot/../ecrobot/libecrobot.a(display.oram)
 .text.display_unsigned
                0x0000000000201dac        0xc /home/jmherruzo/LEGO/nxtOSEK/ecrobot/../ecrobot/libecrobot.a(display.oram)
                0x0000000000201dac                display_unsigned
 .text.display_bitmap_copy
                0x0000000000201db8       0x60 /home/jmherruzo/LEGO/nxtOSEK/ecrobot/../ecrobot/libecrobot.a(display.oram)
                0x0000000000201db8                display_bitmap_copy
 .text.display_force_update
                0x0000000000201e18        0xc /home/jmherruzo/LEGO/nxtOSEK/ecrobot/../ecrobot/libecrobot.a(display.oram)
                0x0000000000201e18                display_force_update
 .text.display_update
                0x0000000000201e24       0x14 /home/jmherruzo/LEGO/nxtOSEK/ecrobot/../ecrobot/libecrobot.a(display.oram)
                0x0000000000201e24                display_update
 .text.display_clear
                0x0000000000201e38       0x24 /home/jmherruzo/LEGO/nxtOSEK/ecrobot/../ecrobot/libecrobot.a(display.oram)
                0x0000000000201e38                display_clear
 .text.display_init
                0x0000000000201e5c       0x64 /home/jmherruzo/LEGO/nxtOSEK/ecrobot/../ecrobot/libecrobot.a(display.oram)
                0x0000000000201e5c                display_init
 .text.i2c_timer_isr_C
                0x0000000000201ec0      0x2e0 /home/jmherruzo/LEGO/nxtOSEK/ecrobot/../ecrobot/libecrobot.a(i2c.oram)
                0x0000000000201ec0                i2c_timer_isr_C
 .text.i2c_init
                0x00000000002021a0       0xac /home/jmherruzo/LEGO/nxtOSEK/ecrobot/../ecrobot/libecrobot.a(i2c.oram)
                0x00000000002021a0                i2c_init
 .text.sound_fill_sample_buffer
                0x000000000020224c       0xe8 /home/jmherruzo/LEGO/nxtOSEK/ecrobot/../ecrobot/libecrobot.a(sound.oram)
                0x000000000020224c                sound_fill_sample_buffer
 .text.sound_isr_C
                0x0000000000202334      0x12c /home/jmherruzo/LEGO/nxtOSEK/ecrobot/../ecrobot/libecrobot.a(sound.oram)
                0x0000000000202334                sound_isr_C
 .text.sound_init
                0x0000000000202460       0xa0 /home/jmherruzo/LEGO/nxtOSEK/ecrobot/../ecrobot/libecrobot.a(sound.oram)
                0x0000000000202460                sound_init
 .text.bt_init  0x0000000000202500      0x1ac /home/jmherruzo/LEGO/nxtOSEK/ecrobot/../ecrobot/libecrobot.a(bt.oram)
                0x0000000000202500                bt_init
 .text.nxt_avr_power_down
                0x00000000002026ac       0x10 /home/jmherruzo/LEGO/nxtOSEK/ecrobot/../ecrobot/libecrobot.a(nxt_avr.oram)
                0x00000000002026ac                nxt_avr_power_down
 .text.buttons_get
                0x00000000002026bc        0xc /home/jmherruzo/LEGO/nxtOSEK/ecrobot/../ecrobot/libecrobot.a(nxt_avr.oram)
                0x00000000002026bc                buttons_get
 .text.battery_voltage
                0x00000000002026c8       0x24 /home/jmherruzo/LEGO/nxtOSEK/ecrobot/../ecrobot/libecrobot.a(nxt_avr.oram)
                0x00000000002026c8                battery_voltage
 .text.nxt_avr_set_motor
                0x00000000002026ec       0x2c /home/jmherruzo/LEGO/nxtOSEK/ecrobot/../ecrobot/libecrobot.a(nxt_avr.oram)
                0x00000000002026ec                nxt_avr_set_motor
 .text.nxt_avr_set_input_power
                0x0000000000202718       0x3c /home/jmherruzo/LEGO/nxtOSEK/ecrobot/../ecrobot/libecrobot.a(nxt_avr.oram)
                0x0000000000202718                nxt_avr_set_input_power
 .text.nxt_avr_init
                0x0000000000202754       0x68 /home/jmherruzo/LEGO/nxtOSEK/ecrobot/../ecrobot/libecrobot.a(nxt_avr.oram)
                0x0000000000202754                nxt_avr_init
 .text.nxt_avr_link_init
                0x00000000002027bc       0x20 /home/jmherruzo/LEGO/nxtOSEK/ecrobot/../ecrobot/libecrobot.a(nxt_avr.oram)
                0x00000000002027bc                nxt_avr_link_init
 .text.nxt_avr_1kHz_update
                0x00000000002027dc      0x1d0 /home/jmherruzo/LEGO/nxtOSEK/ecrobot/../ecrobot/libecrobot.a(nxt_avr.oram)
                0x00000000002027dc                nxt_avr_1kHz_update
 .text.init_sensors
                0x00000000002029ac       0xb8 /home/jmherruzo/LEGO/nxtOSEK/ecrobot/../ecrobot/libecrobot.a(sensors.oram)
                0x00000000002029ac                init_sensors
 .text.nxt_lcd_update
                0x0000000000202a64        0xc /home/jmherruzo/LEGO/nxtOSEK/ecrobot/../ecrobot/libecrobot.a(nxt_lcd.oram)
                0x0000000000202a64                nxt_lcd_update
 .text.nxt_lcd_command
                0x0000000000202a70       0x18 /home/jmherruzo/LEGO/nxtOSEK/ecrobot/../ecrobot/libecrobot.a(nxt_lcd.oram)
                0x0000000000202a70                nxt_lcd_command
 .text.nxt_lcd_set_bias_ratio
                0x0000000000202a88       0x18 /home/jmherruzo/LEGO/nxtOSEK/ecrobot/../ecrobot/libecrobot.a(nxt_lcd.oram)
                0x0000000000202a88                nxt_lcd_set_bias_ratio
 .text.nxt_lcd_reset
                0x0000000000202aa0        0xc /home/jmherruzo/LEGO/nxtOSEK/ecrobot/../ecrobot/libecrobot.a(nxt_lcd.oram)
                0x0000000000202aa0                nxt_lcd_reset
 .text.nxt_lcd_power_down
                0x0000000000202aac        0xc /home/jmherruzo/LEGO/nxtOSEK/ecrobot/../ecrobot/libecrobot.a(nxt_lcd.oram)
                0x0000000000202aac                nxt_lcd_power_down
 .text.nxt_lcd_set_map_control
                0x0000000000202ab8       0x1c /home/jmherruzo/LEGO/nxtOSEK/ecrobot/../ecrobot/libecrobot.a(nxt_lcd.oram)
                0x0000000000202ab8                nxt_lcd_set_map_control
 .text.nxt_lcd_enable
                0x0000000000202ad4       0x14 /home/jmherruzo/LEGO/nxtOSEK/ecrobot/../ecrobot/libecrobot.a(nxt_lcd.oram)
                0x0000000000202ad4                nxt_lcd_enable
 .text.nxt_lcd_set_ram_address_control
                0x0000000000202ae8       0x18 /home/jmherruzo/LEGO/nxtOSEK/ecrobot/../ecrobot/libecrobot.a(nxt_lcd.oram)
                0x0000000000202ae8                nxt_lcd_set_ram_address_control
 .text.nxt_lcd_set_pot
                0x0000000000202b00       0x18 /home/jmherruzo/LEGO/nxtOSEK/ecrobot/../ecrobot/libecrobot.a(nxt_lcd.oram)
                0x0000000000202b00                nxt_lcd_set_pot
 .text.nxt_lcd_set_page_address
                0x0000000000202b18       0x18 /home/jmherruzo/LEGO/nxtOSEK/ecrobot/../ecrobot/libecrobot.a(nxt_lcd.oram)
                0x0000000000202b18                nxt_lcd_set_page_address
 .text.nxt_lcd_set_multiplex_rate
                0x0000000000202b30       0x18 /home/jmherruzo/LEGO/nxtOSEK/ecrobot/../ecrobot/libecrobot.a(nxt_lcd.oram)
                0x0000000000202b30                nxt_lcd_set_multiplex_rate
 .text.nxt_lcd_power_up
                0x0000000000202b48       0x48 /home/jmherruzo/LEGO/nxtOSEK/ecrobot/../ecrobot/libecrobot.a(nxt_lcd.oram)
                0x0000000000202b48                nxt_lcd_power_up
 .text.nxt_lcd_init
                0x0000000000202b90       0x18 /home/jmherruzo/LEGO/nxtOSEK/ecrobot/../ecrobot/libecrobot.a(nxt_lcd.oram)
                0x0000000000202b90                nxt_lcd_init
 .text.nxt_lcd_set_col
                0x0000000000202ba8       0x24 /home/jmherruzo/LEGO/nxtOSEK/ecrobot/../ecrobot/libecrobot.a(nxt_lcd.oram)
                0x0000000000202ba8                nxt_lcd_set_col
 .text.nxt_lcd_force_update
                0x0000000000202bcc       0x30 /home/jmherruzo/LEGO/nxtOSEK/ecrobot/../ecrobot/libecrobot.a(nxt_lcd.oram)
                0x0000000000202bcc                nxt_lcd_force_update
 .text.nxt_device_init
                0x0000000000202bfc       0x38 /home/jmherruzo/LEGO/nxtOSEK/ecrobot/../ecrobot/libecrobot.a(flash_loader.oram)
                0x0000000000202bfc                nxt_device_init
 .text.set_flash_request
                0x0000000000202c34       0x54 /home/jmherruzo/LEGO/nxtOSEK/ecrobot/../ecrobot/libecrobot.a(flash_loader.oram)
                0x0000000000202c34                set_flash_request
 .text          0x0000000000202c88       0x68 /home/jmherruzo/LEGO/nxtOSEK/ecrobot/../ecrobot/libecrobot.a(interrupts.oram)
                0x0000000000202c88                interrupts_get_and_disable
                0x0000000000202cac                interrupts_enable
                0x0000000000202cbc                fiq_get_and_disable
                0x0000000000202ce0                fiq_enable
 .text.flash_write_page
                0x0000000000202cf0       0xbc /home/jmherruzo/LEGO/nxtOSEK/ecrobot/../ecrobot/libecrobot.a(flashprog.oram)
                0x0000000000202cf0                flash_write_page
                0x0000000000202db0                . = ALIGN (0x10)
 *fill*         0x0000000000202dac        0x4 00
 *.oram(*.rodata *.rodata.*)
 .rodata.dd     0x0000000000202db0       0x14 /home/jmherruzo/LEGO/nxtOSEK/ecrobot/../ecrobot/libecrobot.a(udp.oram)
 .rodata.ld     0x0000000000202dc4        0x4 /home/jmherruzo/LEGO/nxtOSEK/ecrobot/../ecrobot/libecrobot.a(udp.oram)
 .rodata.cfd    0x0000000000202dc8       0x20 /home/jmherruzo/LEGO/nxtOSEK/ecrobot/../ecrobot/libecrobot.a(udp.oram)
 .rodata.str1.1
                0x0000000000202de8       0x1d /home/jmherruzo/LEGO/nxtOSEK/ecrobot/../ecrobot/libecrobot.a(data_abort.oram)
 *fill*         0x0000000000202e05        0x3 00
 .rodata.font   0x0000000000202e08      0x280 /home/jmherruzo/LEGO/nxtOSEK/ecrobot/../ecrobot/libecrobot.a(display.oram)
 .rodata.display_buffer
                0x0000000000203088        0x4 /home/jmherruzo/LEGO/nxtOSEK/ecrobot/../ecrobot/libecrobot.a(display.oram)
 .rodata.str1.1
                0x000000000020308c       0x67 /home/jmherruzo/LEGO/nxtOSEK/ecrobot/../ecrobot/libecrobot.a(display.oram)
 *fill*         0x00000000002030f3        0x1 00
 .rodata.i2c_timer_isr_C
                0x00000000002030f4       0x38 /home/jmherruzo/LEGO/nxtOSEK/ecrobot/../ecrobot/libecrobot.a(i2c.oram)
 .rodata.i2c_pin
                0x000000000020312c       0x20 /home/jmherruzo/LEGO/nxtOSEK/ecrobot/../ecrobot/libecrobot.a(i2c.oram)
 .rodata        0x000000000020314c        0x9 /home/jmherruzo/LEGO/nxtOSEK/ecrobot/../ecrobot/libecrobot.a(sound.oram)
 *fill*         0x0000000000203155        0x3 00
 .rodata.sample_pattern
                0x0000000000203158       0x84 /home/jmherruzo/LEGO/nxtOSEK/ecrobot/../ecrobot/libecrobot.a(sound.oram)
                0x0000000000203158                sample_pattern
 .rodata.silence
                0x00000000002031dc       0x40 /home/jmherruzo/LEGO/nxtOSEK/ecrobot/../ecrobot/libecrobot.a(sound.oram)
                0x00000000002031dc                silence
 .rodata.nxt_avr_1kHz_update
                0x000000000020321c       0x14 /home/jmherruzo/LEGO/nxtOSEK/ecrobot/../ecrobot/libecrobot.a(nxt_avr.oram)
 .rodata.avr_brainwash_string
                0x0000000000203230       0x30 /home/jmherruzo/LEGO/nxtOSEK/ecrobot/../ecrobot/libecrobot.a(nxt_avr.oram)
                0x0000000000203230                avr_brainwash_string
 .rodata.C.58.1911
                0x0000000000203260       0x10 /home/jmherruzo/LEGO/nxtOSEK/ecrobot/../ecrobot/libecrobot.a(sensors.oram)
 .rodata.C.54.1877
                0x0000000000203270       0x10 /home/jmherruzo/LEGO/nxtOSEK/ecrobot/../ecrobot/libecrobot.a(sensors.oram)
 .rodata.str1.1
                0x0000000000203280       0x21 /home/jmherruzo/LEGO/nxtOSEK/ecrobot/../ecrobot/libecrobot.a(flash_loader.oram)
 *fill*         0x00000000002032a1        0x7 00
 .rodata.str1.1.stub
                0x00000000002032a8       0x10 linker stubs
                0x00000000002032c0                . = ALIGN (0x10)
 *fill*         0x00000000002032b8        0x8 00
                0x0000000000200300                __ramtext_ram_start__ = ADDR (.ram_text)
                0x00000000002032c0                __ramtext_ram_end__ = (ADDR (.ram_text) + SIZEOF (.ram_text))
                0x0000000000200300                __ramtext_load_start__ = LOADADDR (.ram_text)
                0x00000000002032c0                __ramtext_load_end__ = (__ramtext_load_start__ + SIZEOF (.ram_text))

.wav_data       0x00000000002032c0        0x0
 *.owav(*.data *.data.*)
                0x00000000002032c0                . = ALIGN (0x10)

.bmp_data       0x00000000002032c0      0x440
 *.obmp(*.data *.data.*)
 .data          0x00000000002032c0      0x43e /home/jmherruzo/LEGO/nxtOSEK/ecrobot/../ecrobot/libecrobot.a(nxtosek_splash.obmp)
                0x00000000002032c0                nxtosek_splash_bmp_start
                0x00000000002036fe                nxtosek_splash_bmp_end
                0x0000000000203700                . = ALIGN (0x10)
 *fill*         0x00000000002036fe        0x2 00

.spr_data       0x0000000000203700        0x0
 *.ospr(*.data *.data.*)
                0x0000000000203700                . = ALIGN (0x10)

.data           0x0000000000203700      0x8e0
 *(*.data *.data.*)
 .data.speedB   0x0000000000203700        0x4 build/practica1a.o
                0x0000000000203700                speedB
 .data.speedC   0x0000000000203704        0x4 build/practica1a.o
                0x0000000000203704                speedC
 .data.deviceStatus
                0x0000000000203708        0x1 /home/jmherruzo/LEGO/nxtOSEK/ecrobot/../ecrobot/libecrobot.a(ecrobot_interface.o)
 *fill*         0x0000000000203709        0x3 00
 .data.named    0x000000000020370c       0x24 /home/jmherruzo/LEGO/nxtOSEK/ecrobot/../ecrobot/libecrobot.a(udp.oram)
 .data.snd      0x0000000000203730       0x1c /home/jmherruzo/LEGO/nxtOSEK/ecrobot/../ecrobot/libecrobot.a(udp.oram)
 .data.configured
                0x000000000020374c        0x4 /home/jmherruzo/LEGO/nxtOSEK/ecrobot/../ecrobot/libecrobot.a(udp.oram)
 .bss.data      0x0000000000203750        0x4 /home/jmherruzo/LEGO/nxtOSEK/ecrobot/../ecrobot/libecrobot.a(nxt_spi.oram)
                0x0000000000203750                data
 .data.mode     0x0000000000203754        0x1 /home/jmherruzo/LEGO/nxtOSEK/ecrobot/../ecrobot/libecrobot.a(nxt_spi.oram)
                0x0000000000203754                mode
 *fill*         0x0000000000203755        0x3 00
 .data.display_auto_update
                0x0000000000203758        0x4 /home/jmherruzo/LEGO/nxtOSEK/ecrobot/../ecrobot/libecrobot.a(display.oram)
                0x0000000000203758                display_auto_update
 .data          0x000000000020375c      0x428 /home/jmherruzo/LEGO/gnuarm/lib/gcc/arm-elf/4.4.2/../../../../arm-elf/lib/thumb/interwork/libc.a(lib_a-impure.o)
                0x000000000020375c                _impure_ptr
 .data          0x0000000000203b84       0x44 /home/jmherruzo/LEGO/gnuarm/lib/gcc/arm-elf/4.4.2/../../../../arm-elf/lib/thumb/interwork/libc.a(lib_a-locale.o)
                0x0000000000203bc4                __mb_cur_max
 .data          0x0000000000203bc8      0x410 /home/jmherruzo/LEGO/gnuarm/lib/gcc/arm-elf/4.4.2/../../../../arm-elf/lib/thumb/interwork/libc.a(lib_a-mallocr.o)
                0x0000000000203bc8                __malloc_av_
                0x0000000000203fd0                __malloc_sbrk_base
                0x0000000000203fd4                __malloc_trim_threshold
                0x0000000000203fe0                . = ALIGN (0x10)
 *fill*         0x0000000000203fd8        0x8 00
                0x0000000000203700                __data_ram_start__ = ADDR (.data)
                0x0000000000203fe0                __data_ram_end__ = (ADDR (.data) + SIZEOF (.data))
                0x0000000000203700                __data_load_start__ = LOADADDR (.data)
                0x0000000000203fe0                __data_load_end__ = (__data_load_start__ + SIZEOF (.data))

.text           0x0000000000203fe0     0x68f0
                0x0000000000203fe0                . = ALIGN (0x10)
 *(*.text *.text.* *.glue*)
 .glue_7        0x0000000000203fe0       0x18 linker stubs
                0x0000000000203fe0                __call_posttaskhook_from_arm
                0x0000000000203fec                __call_pretaskhook_from_arm
 .glue_7t       0x0000000000000000        0x0 linker stubs
 .text.enqueue_alarm
                0x0000000000203ff8       0x94 build/kernel/alarm.o
 .text.alarm_initialize
                0x000000000020408c       0x98 build/kernel/alarm.o
                0x000000000020408c                alarm_initialize
 .text.unlock_cpu
                0x0000000000204124        0xc build/kernel/alarm.o
 .text.lock_cpu
                0x0000000000204130        0xc build/kernel/alarm.o
 .text.SignalCounter
                0x000000000020413c      0x128 build/kernel/alarm.o
                0x000000000020413c                SignalCounter
 .text.ShutdownOS
                0x0000000000204264       0x4c build/kernel/osctl.o
                0x0000000000204264                ShutdownOS
 .text.StartOS  0x00000000002042b0       0x58 build/kernel/osctl.o
                0x00000000002042b0                StartOS
 .text.call_pretaskhook
                0x0000000000204308       0x24 build/kernel/osctl.o
                0x0000000000204308                call_pretaskhook
 .text.call_posttaskhook
                0x000000000020432c       0x24 build/kernel/osctl.o
                0x000000000020432c                call_posttaskhook
 .text.call_errorhook
                0x0000000000204350       0x78 build/kernel/osctl.o
                0x0000000000204350                call_errorhook
 .text.make_runnable
                0x00000000002043c8       0xa4 build/kernel/task.o
                0x00000000002043c8                make_runnable
 .text.make_active
                0x000000000020446c       0x78 build/kernel/task.o
                0x000000000020446c                make_active
 .text.task_initialize
                0x00000000002044e4       0x88 build/kernel/task.o
                0x00000000002044e4                task_initialize
 .text.search_schedtsk
                0x000000000020456c       0x90 build/kernel/task.o
                0x000000000020456c                search_schedtsk
 .text.unlock_cpu
                0x00000000002045fc        0xc build/kernel/task_manage.o
 .text.lock_cpu
                0x0000000000204608        0xc build/kernel/task_manage.o
 .text.ActivateTask
                0x0000000000204614       0x8c build/kernel/task_manage.o
                0x0000000000204614                ActivateTask
 .text.TerminateTask
                0x00000000002046a0       0x74 build/kernel/task_manage.o
                0x00000000002046a0                TerminateTask
 .text.cpu_initialize
                0x0000000000204714        0x4 build/config/at91sam7s-gnu/cpu_config.o
                0x0000000000204714                cpu_initialize
 .text.cpu_terminate
                0x0000000000204718        0x4 build/config/at91sam7s-gnu/cpu_config.o
                0x0000000000204718                cpu_terminate
 .text.sys_initialize
                0x000000000020471c        0x4 build/config/at91sam7s-gnu/lego_nxt/sys_config.o
                0x000000000020471c                sys_initialize
 .text.sys_exit
                0x0000000000204720        0x4 build/config/at91sam7s-gnu/lego_nxt/sys_config.o
                0x0000000000204720                sys_exit
 .text._activate_alarm_Alarma1
                0x0000000000204724        0xc build/./kernel_cfg.o
 .text.object_initialize
                0x0000000000204730       0x10 build/./kernel_cfg.o
                0x0000000000204730                object_initialize
 .text._sbrk_r  0x0000000000204740       0x20 build/syscalls.o
                0x0000000000204740                _sbrk_r
 .text.init_OS_flag
                0x0000000000204760        0xc build/ecrobot_base.o
                0x0000000000204760                init_OS_flag
 .text.set_OS_flag
                0x000000000020476c        0xc build/ecrobot_base.o
                0x000000000020476c                set_OS_flag
 .text.get_OS_flag
                0x0000000000204778        0xc build/ecrobot_base.o
                0x0000000000204778                get_OS_flag
 .text.cpp_constructor
                0x0000000000204784       0x28 build/ecrobot_base.o
                0x0000000000204784                cpp_constructor
 .text.cpp_destructor
                0x00000000002047ac       0x28 build/ecrobot_base.o
                0x00000000002047ac                cpp_destructor
 .text.execution_mode
                0x00000000002047d4       0x14 build/ecrobot_base.o
                0x00000000002047d4                execution_mode
 .text.check_NXT_buttons
                0x00000000002047e8       0x7c build/ecrobot_base.o
                0x00000000002047e8                check_NXT_buttons
 .text.add_status_info
                0x0000000000204864       0x68 build/ecrobot_base.o
                0x0000000000204864                add_status_info
 .text.show_main_screen
                0x00000000002048cc       0x48 build/ecrobot_base.o
                0x00000000002048cc                show_main_screen
 .text.display_status_bar
                0x0000000000204914       0x5c build/ecrobot_base.o
                0x0000000000204914                display_status_bar
 .text.show_splash_screen
                0x0000000000204970       0x98 build/ecrobot_base.o
                0x0000000000204970                show_splash_screen
 .text.main     0x0000000000204a08      0x104 build/ecrobot.o
                0x0000000000204a08                main
 .text.TaskMainFinal
                0x0000000000204b0c       0x4c build/practica1a.o
                0x0000000000204b0c                TaskMainFinal
 .text.TaskMainCorreccion
                0x0000000000204b58       0x5c build/practica1a.o
                0x0000000000204b58                TaskMainCorreccion
 .text.TaskMainAvance
                0x0000000000204bb4       0x58 build/practica1a.o
                0x0000000000204bb4                TaskMainAvance
 .text.user_1ms_isr_type2
                0x0000000000204c0c       0x14 build/practica1a.o
                0x0000000000204c0c                user_1ms_isr_type2
 .text.ecrobot_device_initialize
                0x0000000000204c20        0x4 /home/jmherruzo/LEGO/nxtOSEK/ecrobot/../ecrobot/libecrobot.a(ecrobot_device_hook.o)
                0x0000000000204c20                ecrobot_device_initialize
 .text.ecrobot_device_terminate
                0x0000000000204c24        0x4 /home/jmherruzo/LEGO/nxtOSEK/ecrobot/../ecrobot/libecrobot.a(ecrobot_device_hook.o)
                0x0000000000204c24                ecrobot_device_terminate
 .text.ecrobot_get_battery_voltage
                0x0000000000204c28        0xc /home/jmherruzo/LEGO/nxtOSEK/ecrobot/../ecrobot/libecrobot.a(ecrobot_interface.o)
                0x0000000000204c28                ecrobot_get_battery_voltage
 .text.ecrobot_get_button_state
                0x0000000000204c34        0xc /home/jmherruzo/LEGO/nxtOSEK/ecrobot/../ecrobot/libecrobot.a(ecrobot_interface.o)
                0x0000000000204c34                ecrobot_get_button_state
 .text.ecrobot_setDeviceInitialized
                0x0000000000204c40       0x14 /home/jmherruzo/LEGO/nxtOSEK/ecrobot/../ecrobot/libecrobot.a(ecrobot_interface.o)
                0x0000000000204c40                ecrobot_setDeviceInitialized
 .text.ecrobot_bmp2lcd
                0x0000000000204c54      0x1b4 /home/jmherruzo/LEGO/nxtOSEK/ecrobot/../ecrobot/libecrobot.a(ecrobot_interface.o)
                0x0000000000204c54                ecrobot_bmp2lcd
 .text.ecrobot_poll_nxtstate
                0x0000000000204e08       0x68 /home/jmherruzo/LEGO/nxtOSEK/ecrobot/../ecrobot/libecrobot.a(ecrobot_interface.o)
                0x0000000000204e08                ecrobot_poll_nxtstate
 .text.ecrobot_init_nxtstate
                0x0000000000204e70       0x28 /home/jmherruzo/LEGO/nxtOSEK/ecrobot/../ecrobot/libecrobot.a(ecrobot_interface.o)
                0x0000000000204e70                ecrobot_init_nxtstate
 .text.StartupHook
                0x0000000000204e98        0x4 /home/jmherruzo/LEGO/nxtOSEK/ecrobot/../ecrobot/libecrobot.a(osek_hook.o)
                0x0000000000204e98                StartupHook
 .text.PreTaskHook
                0x0000000000204e9c        0x4 /home/jmherruzo/LEGO/nxtOSEK/ecrobot/../ecrobot/libecrobot.a(osek_hook.o)
                0x0000000000204e9c                PreTaskHook
 .text.PostTaskHook
                0x0000000000204ea0        0x4 /home/jmherruzo/LEGO/nxtOSEK/ecrobot/../ecrobot/libecrobot.a(osek_hook.o)
                0x0000000000204ea0                PostTaskHook
 .text.ErrorHook
                0x0000000000204ea4        0x4 /home/jmherruzo/LEGO/nxtOSEK/ecrobot/../ecrobot/libecrobot.a(osek_hook.o)
                0x0000000000204ea4                ErrorHook
 .text.ShutdownHook
                0x0000000000204ea8        0x4 /home/jmherruzo/LEGO/nxtOSEK/ecrobot/../ecrobot/libecrobot.a(osek_hook.o)
                0x0000000000204ea8                ShutdownHook
 .text          0x0000000000204eac       0x8c /home/jmherruzo/LEGO/gnuarm/lib/gcc/arm-elf/4.4.2/thumb/interwork/libgcc.a(_udivsi3.o)
                0x0000000000204eac                __udivsi3
                0x0000000000204eac                __aeabi_uidiv
                0x0000000000204f28                __aeabi_uidivmod
 .text          0x0000000000204f38       0xa4 /home/jmherruzo/LEGO/gnuarm/lib/gcc/arm-elf/4.4.2/thumb/interwork/libgcc.a(_divsi3.o)
                0x0000000000204f38                __aeabi_idiv
                0x0000000000204f38                __divsi3
                0x0000000000204fcc                __aeabi_idivmod
 .text          0x0000000000204fdc       0xc8 /home/jmherruzo/LEGO/gnuarm/lib/gcc/arm-elf/4.4.2/thumb/interwork/libgcc.a(_umodsi3.o)
                0x0000000000204fdc                __umodsi3
 .text          0x00000000002050a4       0xd8 /home/jmherruzo/LEGO/gnuarm/lib/gcc/arm-elf/4.4.2/thumb/interwork/libgcc.a(_modsi3.o)
                0x00000000002050a4                __modsi3
 .text          0x000000000020517c        0x4 /home/jmherruzo/LEGO/gnuarm/lib/gcc/arm-elf/4.4.2/thumb/interwork/libgcc.a(_dvmd_tls.o)
                0x000000000020517c                __aeabi_ldiv0
                0x000000000020517c                __div0
                0x000000000020517c                __aeabi_idiv0
 .text          0x0000000000205180      0x430 /home/jmherruzo/LEGO/gnuarm/lib/gcc/arm-elf/4.4.2/thumb/interwork/libgcc.a(_arm_addsubdf3.o)
                0x0000000000205180                __aeabi_drsub
                0x0000000000205188                __aeabi_dsub
                0x0000000000205188                __subdf3
                0x000000000020518c                __adddf3
                0x000000000020518c                __aeabi_dadd
                0x000000000020549c                __aeabi_ui2d
                0x000000000020549c                __floatunsidf
                0x00000000002054c4                __floatsidf
                0x00000000002054c4                __aeabi_i2d
                0x00000000002054f0                __extendsfdf2
                0x00000000002054f0                __aeabi_f2d
                0x0000000000205530                __aeabi_ul2d
                0x0000000000205530                __floatundidf
                0x0000000000205544                __floatdidf
                0x0000000000205544                __aeabi_l2d
 .text          0x00000000002055b0      0x49c /home/jmherruzo/LEGO/gnuarm/lib/gcc/arm-elf/4.4.2/thumb/interwork/libgcc.a(_arm_muldivdf3.o)
                0x00000000002055b0                __aeabi_dmul
                0x00000000002055b0                __muldf3
                0x0000000000205840                __aeabi_ddiv
                0x0000000000205840                __divdf3
 .text          0x0000000000205a4c      0x140 /home/jmherruzo/LEGO/gnuarm/lib/gcc/arm-elf/4.4.2/thumb/interwork/libgcc.a(_arm_cmpdf2.o)
                0x0000000000205a4c                __gtdf2
                0x0000000000205a4c                __gedf2
                0x0000000000205a54                __ltdf2
                0x0000000000205a54                __ledf2
                0x0000000000205a5c                __cmpdf2
                0x0000000000205a5c                __eqdf2
                0x0000000000205a5c                __nedf2
                0x0000000000205ae0                __aeabi_cdrcmple
                0x0000000000205afc                __aeabi_cdcmple
                0x0000000000205afc                __aeabi_cdcmpeq
                0x0000000000205b14                __aeabi_dcmpeq
                0x0000000000205b2c                __aeabi_dcmplt
                0x0000000000205b44                __aeabi_dcmple
                0x0000000000205b5c                __aeabi_dcmpge
                0x0000000000205b74                __aeabi_dcmpgt
 .text          0x0000000000205b8c       0x80 /home/jmherruzo/LEGO/gnuarm/lib/gcc/arm-elf/4.4.2/../../../../arm-elf/lib/thumb/interwork/libc.a(lib_a-memcpy.o)
                0x0000000000205b8c                memcpy
 .text          0x0000000000205c0c       0x98 /home/jmherruzo/LEGO/gnuarm/lib/gcc/arm-elf/4.4.2/../../../../arm-elf/lib/thumb/interwork/libc.a(lib_a-memset.o)
                0x0000000000205c0c                memset
 .text          0x0000000000205ca4       0x84 /home/jmherruzo/LEGO/gnuarm/lib/gcc/arm-elf/4.4.2/../../../../arm-elf/lib/thumb/interwork/libc.a(lib_a-sprintf.o)
                0x0000000000205ca4                sprintf
                0x0000000000205ce8                _sprintf_r
 .text          0x0000000000205d28       0x14 /home/jmherruzo/LEGO/gnuarm/lib/gcc/arm-elf/4.4.2/../../../../arm-elf/lib/thumb/interwork/libc.a(lib_a-strcmp.o)
                0x0000000000205d28                strcmp
 .text          0x0000000000205d3c       0x10 /home/jmherruzo/LEGO/gnuarm/lib/gcc/arm-elf/4.4.2/../../../../arm-elf/lib/thumb/interwork/libc.a(lib_a-strcpy.o)
                0x0000000000205d3c                strcpy
 .text          0x0000000000205d4c       0x10 /home/jmherruzo/LEGO/gnuarm/lib/gcc/arm-elf/4.4.2/../../../../arm-elf/lib/thumb/interwork/libc.a(lib_a-strlen.o)
                0x0000000000205d4c                strlen
 .text          0x0000000000205d5c     0x1338 /home/jmherruzo/LEGO/gnuarm/lib/gcc/arm-elf/4.4.2/../../../../arm-elf/lib/thumb/interwork/libc.a(lib_a-svfprintf.o)
                0x0000000000205d5c                _svfprintf_r
 .text          0x0000000000207094     0x1020 /home/jmherruzo/LEGO/gnuarm/lib/gcc/arm-elf/4.4.2/../../../../arm-elf/lib/thumb/interwork/libc.a(lib_a-dtoa.o)
                0x00000000002071f4                _dtoa_r
 .text          0x00000000002080b4       0x88 /home/jmherruzo/LEGO/gnuarm/lib/gcc/arm-elf/4.4.2/../../../../arm-elf/lib/thumb/interwork/libc.a(lib_a-locale.o)
                0x00000000002080b4                __locale_charset
                0x00000000002080bc                __locale_msgcharset
                0x00000000002080c8                __locale_cjk_lang
                0x00000000002080cc                _localeconv_r
                0x00000000002080d4                localeconv
                0x00000000002080dc                _setlocale_r
                0x0000000000208124                setlocale
 .text          0x000000000020813c      0x51c /home/jmherruzo/LEGO/gnuarm/lib/gcc/arm-elf/4.4.2/../../../../arm-elf/lib/thumb/interwork/libc.a(lib_a-mallocr.o)
                0x000000000020813c                _malloc_r
 .text          0x0000000000208658       0x80 /home/jmherruzo/LEGO/gnuarm/lib/gcc/arm-elf/4.4.2/../../../../arm-elf/lib/thumb/interwork/libc.a(lib_a-memchr.o)
                0x0000000000208658                memchr
 .text          0x00000000002086d8        0x8 /home/jmherruzo/LEGO/gnuarm/lib/gcc/arm-elf/4.4.2/../../../../arm-elf/lib/thumb/interwork/libc.a(lib_a-mlock.o)
                0x00000000002086d8                __malloc_lock
                0x00000000002086dc                __malloc_unlock
 .text          0x00000000002086e0      0x9ac /home/jmherruzo/LEGO/gnuarm/lib/gcc/arm-elf/4.4.2/../../../../arm-elf/lib/thumb/interwork/libc.a(lib_a-mprec.o)
                0x00000000002086e0                _Bfree
                0x00000000002086f4                __hi0bits
                0x0000000000208744                __lo0bits
                0x00000000002087a8                __mcmp
                0x00000000002087e8                __ulp
                0x0000000000208834                __b2d
                0x00000000002088e0                __ratio
                0x0000000000208944                _mprec_log10
                0x0000000000208984                __copybits
                0x00000000002089cc                __any_on
                0x0000000000208a18                _Balloc
                0x0000000000208a6c                __d2b
                0x0000000000208b4c                __mdiff
                0x0000000000208c60                __lshift
                0x0000000000208d20                __multiply
                0x0000000000208e80                __i2b
                0x0000000000208e98                __multadd
                0x0000000000208f38                __pow5mult
                0x0000000000208ff0                __s2b
 .text          0x000000000020908c       0x84 /home/jmherruzo/LEGO/gnuarm/lib/gcc/arm-elf/4.4.2/../../../../arm-elf/lib/thumb/interwork/libc.a(lib_a-s_fpclassify.o)
                0x000000000020908c                __fpclassifyd
 .text          0x0000000000209110      0xa60 /home/jmherruzo/LEGO/gnuarm/lib/gcc/arm-elf/4.4.2/../../../../arm-elf/lib/thumb/interwork/libc.a(lib_a-svfiprintf.o)
                0x0000000000209110                __ssprint_r
                0x0000000000209244                _svfiprintf_r
 .text          0x0000000000209b70       0x5c /home/jmherruzo/LEGO/gnuarm/lib/gcc/arm-elf/4.4.2/../../../../arm-elf/lib/thumb/interwork/libc.a(lib_a-callocr.o)
                0x0000000000209b70                _calloc_r
 .text          0x0000000000209bcc      0x250 /home/jmherruzo/LEGO/gnuarm/lib/gcc/arm-elf/4.4.2/../../../../arm-elf/lib/thumb/interwork/libc.a(lib_a-freer.o)
                0x0000000000209bcc                _malloc_trim_r
                0x0000000000209c70                _free_r
 .text          0x0000000000209e1c       0xa0 /home/jmherruzo/LEGO/gnuarm/lib/gcc/arm-elf/4.4.2/../../../../arm-elf/lib/thumb/interwork/libc.a(lib_a-memmove.o)
                0x0000000000209e1c                memmove
 .text          0x0000000000209ebc      0x354 /home/jmherruzo/LEGO/gnuarm/lib/gcc/arm-elf/4.4.2/../../../../arm-elf/lib/thumb/interwork/libc.a(lib_a-reallocr.o)
                0x0000000000209ebc                _realloc_r
 .text          0x000000000020a210       0x5c /home/jmherruzo/LEGO/gnuarm/lib/gcc/arm-elf/4.4.2/thumb/interwork/libgcc.a(_arm_fixdfsi.o)
                0x000000000020a210                __fixdfsi
                0x000000000020a210                __aeabi_d2iz
                0x000000000020a270                . = ALIGN (0x10)
 *fill*         0x000000000020a26c        0x4 00
 *(*.rodata *.rodata.*)
 .rodata.search_table.1033
                0x000000000020a270       0x10 build/kernel/task.o
 .rodata.alminib_cback
                0x000000000020a280        0x4 build/./kernel_cfg.o
                0x000000000020a280                alminib_cback
 .rodata.alminib_cntid
                0x000000000020a284        0x4 build/./kernel_cfg.o
                0x000000000020a284                alminib_cntid
 .rodata.tinib_maxact
                0x000000000020a288        0x4 build/./kernel_cfg.o
                0x000000000020a288                tinib_maxact
 .rodata.cntinib_tickbase
                0x000000000020a28c        0x4 build/./kernel_cfg.o
                0x000000000020a28c                cntinib_tickbase
 .rodata.tnum_task
                0x000000000020a290        0x1 build/./kernel_cfg.o
                0x000000000020a290                tnum_task
 *fill*         0x000000000020a291        0x3 00
 .rodata.cntinib_maxval
                0x000000000020a294        0x4 build/./kernel_cfg.o
                0x000000000020a294                cntinib_maxval
 .rodata.alminib_almval
                0x000000000020a298        0x4 build/./kernel_cfg.o
                0x000000000020a298                alminib_almval
 .rodata.tinib_stksz
                0x000000000020a29c        0x8 build/./kernel_cfg.o
                0x000000000020a29c                tinib_stksz
 .rodata.alminib_cycle
                0x000000000020a2a4        0x4 build/./kernel_cfg.o
                0x000000000020a2a4                alminib_cycle
 .rodata.Final  0x000000000020a2a8        0x1 build/./kernel_cfg.o
                0x000000000020a2a8                Final
 *fill*         0x000000000020a2a9        0x3 00
 .rodata.tinib_inipri
                0x000000000020a2ac        0x4 build/./kernel_cfg.o
                0x000000000020a2ac                tinib_inipri
 .rodata.Contador
                0x000000000020a2b0        0x1 build/./kernel_cfg.o
                0x000000000020a2b0                Contador
 *fill*         0x000000000020a2b1        0x3 00
 .rodata.cntinib_maxval2
                0x000000000020a2b4        0x4 build/./kernel_cfg.o
                0x000000000020a2b4                cntinib_maxval2
 .rodata.tinib_stk
                0x000000000020a2b8        0xc build/./kernel_cfg.o
                0x000000000020a2b8                tinib_stk
 .rodata.tnum_exttask
                0x000000000020a2c4        0x1 build/./kernel_cfg.o
                0x000000000020a2c4                tnum_exttask
 .rodata.tnum_counter
                0x000000000020a2c5        0x1 build/./kernel_cfg.o
                0x000000000020a2c5                tnum_counter
 *fill*         0x000000000020a2c6        0x2 00
 .rodata.tinib_exepri
                0x000000000020a2c8        0x4 build/./kernel_cfg.o
                0x000000000020a2c8                tinib_exepri
 .rodata.tinib_autoact
                0x000000000020a2cc        0x4 build/./kernel_cfg.o
                0x000000000020a2cc                tinib_autoact
 .rodata.tnum_alarm
                0x000000000020a2d0        0x1 build/./kernel_cfg.o
                0x000000000020a2d0                tnum_alarm
 *fill*         0x000000000020a2d1        0x3 00
 .rodata.tinib_task
                0x000000000020a2d4        0xc build/./kernel_cfg.o
                0x000000000020a2d4                tinib_task
 .rodata.alminib_autosta
                0x000000000020a2e0        0x4 build/./kernel_cfg.o
                0x000000000020a2e0                alminib_autosta
 .rodata.str1.1
                0x000000000020a2e4       0x6c build/ecrobot_base.o
 .rodata.exec_addr
                0x000000000020a350        0x4 build/ecrobot_base.o
                0x000000000020a350                exec_addr
 .rodata.str1.1
                0x000000000020a354       0x19 build/practica1a.o
 *fill*         0x000000000020a36d        0x3 00
 .rodata        0x000000000020a370      0x184 /home/jmherruzo/LEGO/gnuarm/lib/gcc/arm-elf/4.4.2/../../../../arm-elf/lib/thumb/interwork/libc.a(lib_a-svfprintf.o)
 .rodata.str1.4
                0x000000000020a4f4       0x42 /home/jmherruzo/LEGO/gnuarm/lib/gcc/arm-elf/4.4.2/../../../../arm-elf/lib/thumb/interwork/libc.a(lib_a-svfprintf.o)
                                         0x44 (size before relaxing)
 *fill*         0x000000000020a536        0x2 00
 .rodata.str1.4
                0x000000000020a538       0x10 /home/jmherruzo/LEGO/gnuarm/lib/gcc/arm-elf/4.4.2/../../../../arm-elf/lib/thumb/interwork/libc.a(lib_a-dtoa.o)
                                         0x14 (size before relaxing)
 .rodata.str1.4
                0x000000000020a548        0x2 /home/jmherruzo/LEGO/gnuarm/lib/gcc/arm-elf/4.4.2/../../../../arm-elf/lib/thumb/interwork/libc.a(lib_a-impure.o)
                                          0x4 (size before relaxing)
 *fill*         0x000000000020a54a        0x2 00
 .rodata        0x000000000020a54c       0x38 /home/jmherruzo/LEGO/gnuarm/lib/gcc/arm-elf/4.4.2/../../../../arm-elf/lib/thumb/interwork/libc.a(lib_a-locale.o)
 .rodata.str1.4
                0x000000000020a584        0xc /home/jmherruzo/LEGO/gnuarm/lib/gcc/arm-elf/4.4.2/../../../../arm-elf/lib/thumb/interwork/libc.a(lib_a-locale.o)
                                         0x14 (size before relaxing)
 .rodata        0x000000000020a590      0x124 /home/jmherruzo/LEGO/gnuarm/lib/gcc/arm-elf/4.4.2/../../../../arm-elf/lib/thumb/interwork/libc.a(lib_a-mprec.o)
                0x000000000020a590                __mprec_tens
                0x000000000020a664                __mprec_bigtens
                0x000000000020a68c                __mprec_tinytens
 .rodata        0x000000000020a6b4      0x184 /home/jmherruzo/LEGO/gnuarm/lib/gcc/arm-elf/4.4.2/../../../../arm-elf/lib/thumb/interwork/libc.a(lib_a-svfiprintf.o)
 .rodata.stub   0x000000000020a838       0x90 linker stubs
 .rodata.str1.4
                0x0000000000000000       0x30 /home/jmherruzo/LEGO/gnuarm/lib/gcc/arm-elf/4.4.2/../../../../arm-elf/lib/thumb/interwork/libc.a(lib_a-svfiprintf.o)
                0x000000000020a8d0                . = ALIGN (0x10)
 *fill*         0x000000000020a8c8        0x8 00
 *(*.gnu.linkonce.* .gcc_except_table)
                0x000000000020a8d0                . = ALIGN (0x10)

.vfp11_veneer   0x0000000000203fe0        0x0
 .vfp11_veneer  0x0000000000000000        0x0 linker stubs

.v4_bx          0x0000000000203fe0        0x0
 .v4_bx         0x0000000000000000        0x0 linker stubs

.tors           0x000000000020a8d0        0x0
                0x000000000020a8d0                . = ALIGN (0x10)
                0x000000000020a8d0                __ctor_begin = .
 *(*.ctors*)
                0x000000000020a8d0                __ctor_end = .
                0x000000000020a8d0                . = ALIGN (0x10)
                0x000000000020a8d0                __dtor_begin = .
 *(*.dtors*)
                0x000000000020a8d0                __dtor_end = .
                0x000000000020a8d0                . = ALIGN (0x10)

.bss            0x000000000020a8d0     0x14b0
 *(*.bss *.bss.*)
 .bss.ready_queue_first
                0x000000000020a8d0       0x10 build/kernel/task.o
 .bss.ready_primap
                0x000000000020a8e0        0x2 build/kernel/task.o
 *fill*         0x000000000020a8e2        0x2 00
 .bss.ready_queue_last
                0x000000000020a8e4       0x10 build/kernel/task.o
 .bss._stack_Avance
                0x000000000020a8f4      0x200 build/./kernel_cfg.o
 .bss._stack_Correccion
                0x000000000020aaf4      0x200 build/./kernel_cfg.o
 .bss._stack_Final
                0x000000000020acf4      0x200 build/./kernel_cfg.o
 .bss.heap_ptr  0x000000000020aef4        0x4 build/syscalls.o
 .bss.last_act_time.2783
                0x000000000020aef8        0x4 build/ecrobot_base.o
 .bss.status_bar_position
                0x000000000020aefc        0x4 build/ecrobot_base.o
 .bss.lcd.2705  0x000000000020af00      0x320 build/ecrobot_base.o
 .bss.status_bar
                0x000000000020b220       0x10 build/ecrobot_base.o
 .bss.OS_flag   0x000000000020b230        0x4 build/ecrobot_base.o
 .bss.ecrobot_inputs
                0x000000000020b234        0x8 /home/jmherruzo/LEGO/nxtOSEK/ecrobot/../ecrobot/libecrobot.a(ecrobot_interface.o)
 .bss.buttons_states
                0x000000000020b23c       0x14 /home/jmherruzo/LEGO/nxtOSEK/ecrobot/../ecrobot/libecrobot.a(ecrobot_interface.o)
 .bss.buttons_i
                0x000000000020b250        0x4 /home/jmherruzo/LEGO/nxtOSEK/ecrobot/../ecrobot/libecrobot.a(ecrobot_interface.o)
 .bss.systick_ms
                0x000000000020b254        0x4 /home/jmherruzo/LEGO/nxtOSEK/ecrobot/../ecrobot/libecrobot.a(systick.oram)
 .bss.newAddress
                0x000000000020b258        0x4 /home/jmherruzo/LEGO/nxtOSEK/ecrobot/../ecrobot/libecrobot.a(udp.oram)
 .bss.outCnt    0x000000000020b25c        0x4 /home/jmherruzo/LEGO/nxtOSEK/ecrobot/../ecrobot/libecrobot.a(udp.oram)
 .bss.currentConfig
                0x000000000020b260        0x1 /home/jmherruzo/LEGO/nxtOSEK/ecrobot/../ecrobot/libecrobot.a(udp.oram)
 *fill*         0x000000000020b261        0x3 00
 .bss.outPtr    0x000000000020b264        0x4 /home/jmherruzo/LEGO/nxtOSEK/ecrobot/../ecrobot/libecrobot.a(udp.oram)
 .bss.currentFeatures
                0x000000000020b268        0x4 /home/jmherruzo/LEGO/nxtOSEK/ecrobot/../ecrobot/libecrobot.a(udp.oram)
 .bss.delayedEnable
                0x000000000020b26c        0x1 /home/jmherruzo/LEGO/nxtOSEK/ecrobot/../ecrobot/libecrobot.a(udp.oram)
 *fill*         0x000000000020b26d        0x3 00
 .bss.currentRxBank
                0x000000000020b270        0x4 /home/jmherruzo/LEGO/nxtOSEK/ecrobot/../ecrobot/libecrobot.a(udp.oram)
 .bss.twi_state
                0x000000000020b274        0x4 /home/jmherruzo/LEGO/nxtOSEK/ecrobot/../ecrobot/libecrobot.a(twi.oram)
 .bss.twi_ptr   0x000000000020b278        0x4 /home/jmherruzo/LEGO/nxtOSEK/ecrobot/../ecrobot/libecrobot.a(twi.oram)
 .bss.twi_pending
                0x000000000020b27c        0x4 /home/jmherruzo/LEGO/nxtOSEK/ecrobot/../ecrobot/libecrobot.a(twi.oram)
 .bss.twi_mask  0x000000000020b280        0x4 /home/jmherruzo/LEGO/nxtOSEK/ecrobot/../ecrobot/libecrobot.a(twi.oram)
 .bss.dirty     0x000000000020b284        0x1 /home/jmherruzo/LEGO/nxtOSEK/ecrobot/../ecrobot/libecrobot.a(nxt_spi.oram)
                0x000000000020b284                dirty
 .bss.page      0x000000000020b285        0x1 /home/jmherruzo/LEGO/nxtOSEK/ecrobot/../ecrobot/libecrobot.a(nxt_spi.oram)
                0x000000000020b285                page
 *fill*         0x000000000020b286        0x2 00
 .bss.display   0x000000000020b288        0x4 /home/jmherruzo/LEGO/nxtOSEK/ecrobot/../ecrobot/libecrobot.a(nxt_spi.oram)
                0x000000000020b288                display
 .bss.motor     0x000000000020b28c       0x30 /home/jmherruzo/LEGO/nxtOSEK/ecrobot/../ecrobot/libecrobot.a(nxt_motors.oram)
 .bss.nxt_motor_initialised
                0x000000000020b2bc        0x4 /home/jmherruzo/LEGO/nxtOSEK/ecrobot/../ecrobot/libecrobot.a(nxt_motors.oram)
 .bss.interrupts_this_period
                0x000000000020b2c0        0x4 /home/jmherruzo/LEGO/nxtOSEK/ecrobot/../ecrobot/libecrobot.a(nxt_motors.oram)
 .bss.display_array
                0x000000000020b2c4      0x388 /home/jmherruzo/LEGO/nxtOSEK/ecrobot/../ecrobot/libecrobot.a(display.oram)
 .bss.display_tick
                0x000000000020b64c        0x4 /home/jmherruzo/LEGO/nxtOSEK/ecrobot/../ecrobot/libecrobot.a(display.oram)
                0x000000000020b64c                display_tick
 .bss.i2c_port  0x000000000020b650      0x170 /home/jmherruzo/LEGO/nxtOSEK/ecrobot/../ecrobot/libecrobot.a(i2c.oram)
 .bss.i2c_int_count
                0x000000000020b7c0        0x4 /home/jmherruzo/LEGO/nxtOSEK/ecrobot/../ecrobot/libecrobot.a(i2c.oram)
 .bss.sound_mode
                0x000000000020b7c4        0x1 /home/jmherruzo/LEGO/nxtOSEK/ecrobot/../ecrobot/libecrobot.a(sound.oram)
                0x000000000020b7c4                sound_mode
 *fill*         0x000000000020b7c5        0x3 00
 .bss.in_buf    0x000000000020b7c8      0x100 /home/jmherruzo/LEGO/nxtOSEK/ecrobot/../ecrobot/libecrobot.a(bt.oram)
 .bss.out_buf_ptr
                0x000000000020b8c8        0x1 /home/jmherruzo/LEGO/nxtOSEK/ecrobot/../ecrobot/libecrobot.a(bt.oram)
 *fill*         0x000000000020b8c9        0x3 00
 .bss.buf_ptr   0x000000000020b8cc        0x4 /home/jmherruzo/LEGO/nxtOSEK/ecrobot/../ecrobot/libecrobot.a(bt.oram)
 .bss.in_buf_in_ptr
                0x000000000020b8d0        0x1 /home/jmherruzo/LEGO/nxtOSEK/ecrobot/../ecrobot/libecrobot.a(bt.oram)
 *fill*         0x000000000020b8d1        0x3 00
 .bss.in_buf_idx
                0x000000000020b8d4        0x4 /home/jmherruzo/LEGO/nxtOSEK/ecrobot/../ecrobot/libecrobot.a(bt.oram)
 .bss.update_count
                0x000000000020b8d8        0x4 /home/jmherruzo/LEGO/nxtOSEK/ecrobot/../ecrobot/libecrobot.a(nxt_avr.oram)
 .bss.debounce_state
                0x000000000020b8dc        0x2 /home/jmherruzo/LEGO/nxtOSEK/ecrobot/../ecrobot/libecrobot.a(nxt_avr.oram)
 .bss.button_state
                0x000000000020b8de        0x2 /home/jmherruzo/LEGO/nxtOSEK/ecrobot/../ecrobot/libecrobot.a(nxt_avr.oram)
 .bss.from_buf  0x000000000020b8e0        0x4 /home/jmherruzo/LEGO/nxtOSEK/ecrobot/../ecrobot/libecrobot.a(nxt_avr.oram)
 .bss.io_from_avr
                0x000000000020b8e4        0x4 /home/jmherruzo/LEGO/nxtOSEK/ecrobot/../ecrobot/libecrobot.a(nxt_avr.oram)
 .bss.data_from_avr
                0x000000000020b8e8       0x1c /home/jmherruzo/LEGO/nxtOSEK/ecrobot/../ecrobot/libecrobot.a(nxt_avr.oram)
 .bss.debounce_cnt
                0x000000000020b904        0x2 /home/jmherruzo/LEGO/nxtOSEK/ecrobot/../ecrobot/libecrobot.a(nxt_avr.oram)
 *fill*         0x000000000020b906        0x2 00
 .bss.nxt_avr_stats
                0x000000000020b908       0x14 /home/jmherruzo/LEGO/nxtOSEK/ecrobot/../ecrobot/libecrobot.a(nxt_avr.oram)
 .bss.link_state
                0x000000000020b91c        0x4 /home/jmherruzo/LEGO/nxtOSEK/ecrobot/../ecrobot/libecrobot.a(nxt_avr.oram)
 .bss.io_to_avr
                0x000000000020b920        0x8 /home/jmherruzo/LEGO/nxtOSEK/ecrobot/../ecrobot/libecrobot.a(nxt_avr.oram)
 .bss.prev_buttons
                0x000000000020b928        0x2 /home/jmherruzo/LEGO/nxtOSEK/ecrobot/../ecrobot/libecrobot.a(nxt_avr.oram)
 *fill*         0x000000000020b92a        0x2 00
 .bss.data_to_avr
                0x000000000020b92c        0xc /home/jmherruzo/LEGO/nxtOSEK/ecrobot/../ecrobot/libecrobot.a(nxt_avr.oram)
 .bss.display   0x000000000020b938        0x4 /home/jmherruzo/LEGO/nxtOSEK/ecrobot/../ecrobot/libecrobot.a(nxt_lcd.oram)
 .bss           0x000000000020b93c       0x34 /home/jmherruzo/LEGO/gnuarm/lib/gcc/arm-elf/4.4.2/../../../../arm-elf/lib/thumb/interwork/libc.a(lib_a-mallocr.o)
                0x000000000020b93c                __malloc_top_pad
                0x000000000020b940                __malloc_current_mallinfo
                0x000000000020b968                __malloc_max_sbrked_mem
                0x000000000020b96c                __malloc_max_total_mem
                0x000000000020b970                . = ALIGN (0x10)
                0x000000000020b970                __bss_end__ = .
 COMMON         0x000000000020b970        0x2 build/kernel/interrupt.o
                0x000000000020b970                runisr
                0x000000000020b971                sus_all_cnt
 *fill*         0x000000000020b972        0x2 00
 COMMON         0x000000000020b974       0x10 build/kernel/osctl.o
                0x000000000020b974                callevel
                0x000000000020b975                _errorhook_svcid
                0x000000000020b976                appmode
                0x000000000020b978                _errorhook_par1
                0x000000000020b97c                _errorhook_par3
                0x000000000020b980                _errorhook_par2
 COMMON         0x000000000020b984        0x3 build/kernel/task.o
                0x000000000020b984                runtsk
                0x000000000020b985                schedtsk
                0x000000000020b986                nextpri
 *fill*         0x000000000020b987        0x1 00
 COMMON         0x000000000020b988       0x58 build/./kernel_cfg.o
                0x000000000020b988                tcb_waievt
                0x000000000020b98c                rescb_prevpri
                0x000000000020b990                almcb_prev
                0x000000000020b994                tcb_lastres
                0x000000000020b998                almcb_almval
                0x000000000020b99c                tcxb_pc
                0x000000000020b9a8                tcb_next
                0x000000000020b9ac                tcb_curpri
                0x000000000020b9b0                tcb_tstat
                0x000000000020b9b4                isrcb_lastres
                0x000000000020b9b8                cntcb_almque
                0x000000000020b9bc                rescb_prevres
                0x000000000020b9c0                tcb_actcnt
                0x000000000020b9c4                tcb_curevt
                0x000000000020b9c8                almcb_cycle
                0x000000000020b9cc                tcxb_sp
                0x000000000020b9d8                almcb_next
                0x000000000020b9dc                cntcb_curval
 COMMON         0x000000000020b9e0       0x32 build/practica1a.o
                0x000000000020b9e0                str
 *fill*         0x000000000020ba12        0x2 00
 COMMON         0x000000000020ba14       0x44 /home/jmherruzo/LEGO/nxtOSEK/ecrobot/../ecrobot/libecrobot.a(uart.oram)
                0x000000000020ba14                uart
 COMMON         0x000000000020ba58        0x4 /home/jmherruzo/LEGO/nxtOSEK/ecrobot/../ecrobot/libecrobot.a(data_abort.oram)
                0x000000000020ba58                data_abort_pc
 COMMON         0x000000000020ba5c        0x8 /home/jmherruzo/LEGO/nxtOSEK/ecrobot/../ecrobot/libecrobot.a(display.oram)
                0x000000000020ba5c                display_x
                0x000000000020ba60                display_y
 COMMON         0x000000000020ba64      0x31c /home/jmherruzo/LEGO/nxtOSEK/ecrobot/../ecrobot/libecrobot.a(sound.oram)
                0x000000000020ba64                sample
                0x000000000020a8d0                __bss_start__ = ADDR (.bss)
                0x000000000020bd80                __bss_end__ = (ADDR (.bss) + SIZEOF (.bss))
                0x000000000020bd80                PROVIDE (end, .)

.heap_area      0x000000000020bd80     0x3df8
                0x000000000020fb78                . = (. + (0x20fb78 - end))
 *fill*         0x000000000020bd80     0x3df8 00

.stack          0x000000000020fb78      0x488
                0x000000000020fbf8                . = (. + 0x80)
 *fill*         0x000000000020fb78       0x80 00
                0x000000000020fc00                . = ALIGN (0x10)
 *fill*         0x000000000020fbf8        0x8 00
                0x000000000020fc00                __irq_stack__ = .
                0x000000000020fc00                __system_stack_bottom__ = .
                0x0000000000210000                . = (. + 0x400)
 *fill*         0x000000000020fc00      0x400 00
                0x0000000000210000                . = ALIGN (0x10)
                0x0000000000210000                __system_stack__ = .
                0x0000000000210000                __system_stack_top__ = .
                0x000000000020fb78                __stack_start__ = ADDR (.stack)
                0x0000000000210000                __stack_end__ = (ADDR (.stack) + SIZEOF (.stack))
OUTPUT(practica1a_rxe.elf elf32-littlearm)

.comment        0x0000000000000000       0x11
 .comment       0x0000000000000000       0x11 build/kernel/alarm.o
                                         0x12 (size before relaxing)
 .comment       0x0000000000000000       0x12 build/kernel/event.o
 .comment       0x0000000000000000       0x12 build/kernel/interrupt.o
 .comment       0x0000000000000000       0x12 build/kernel/osctl.o
 .comment       0x0000000000000000       0x12 build/kernel/resource.o
 .comment       0x0000000000000000       0x12 build/kernel/task.o
 .comment       0x0000000000000000       0x12 build/kernel/task_manage.o
 .comment       0x0000000000000000       0x12 build/config/at91sam7s-gnu/cpu_config.o
 .comment       0x0000000000000000       0x12 build/config/at91sam7s-gnu/lego_nxt/sys_config.o
 .comment       0x0000000000000000       0x12 build/./kernel_cfg.o
 .comment       0x0000000000000000       0x12 build/syscalls.o
 .comment       0x0000000000000000       0x12 build/ecrobot_bluetooth.o
 .comment       0x0000000000000000       0x12 build/ecrobot_base.o
 .comment       0x0000000000000000       0x12 build/ecrobot.o
 .comment       0x0000000000000000       0x12 build/practica1a.o
 .comment       0x0000000000000000       0x12 build/syslib/at91sam7s-gnu/lego_nxt/hw_sys_timer.oram
 .comment       0x0000000000000000       0x12 /home/jmherruzo/LEGO/nxtOSEK/ecrobot/../ecrobot/libecrobot.a(ecrobot_device_hook.o)
 .comment       0x0000000000000000       0x12 /home/jmherruzo/LEGO/nxtOSEK/ecrobot/../ecrobot/libecrobot.a(ecrobot_interface.o)
 .comment       0x0000000000000000       0x12 /home/jmherruzo/LEGO/nxtOSEK/ecrobot/../ecrobot/libecrobot.a(colorsensor.o)
 .comment       0x0000000000000000       0x12 /home/jmherruzo/LEGO/nxtOSEK/ecrobot/../ecrobot/libecrobot.a(osek_hook.o)
 .comment       0x0000000000000000       0x12 /home/jmherruzo/LEGO/nxtOSEK/ecrobot/../ecrobot/libecrobot.a(uart.oram)
 .comment       0x0000000000000000       0x12 /home/jmherruzo/LEGO/nxtOSEK/ecrobot/../ecrobot/libecrobot.a(systick.oram)
 .comment       0x0000000000000000       0x12 /home/jmherruzo/LEGO/nxtOSEK/ecrobot/../ecrobot/libecrobot.a(byte_fifo.oram)
 .comment       0x0000000000000000       0x12 /home/jmherruzo/LEGO/nxtOSEK/ecrobot/../ecrobot/libecrobot.a(aic.oram)
 .comment       0x0000000000000000       0x12 /home/jmherruzo/LEGO/nxtOSEK/ecrobot/../ecrobot/libecrobot.a(udp.oram)
 .comment       0x0000000000000000       0x12 /home/jmherruzo/LEGO/nxtOSEK/ecrobot/../ecrobot/libecrobot.a(twi.oram)
 .comment       0x0000000000000000       0x12 /home/jmherruzo/LEGO/nxtOSEK/ecrobot/../ecrobot/libecrobot.a(nxt_spi.oram)
 .comment       0x0000000000000000       0x12 /home/jmherruzo/LEGO/nxtOSEK/ecrobot/../ecrobot/libecrobot.a(nxt_motors.oram)
 .comment       0x0000000000000000       0x12 /home/jmherruzo/LEGO/nxtOSEK/ecrobot/../ecrobot/libecrobot.a(data_abort.oram)
 .comment       0x0000000000000000       0x12 /home/jmherruzo/LEGO/nxtOSEK/ecrobot/../ecrobot/libecrobot.a(display.oram)
 .comment       0x0000000000000000       0x12 /home/jmherruzo/LEGO/nxtOSEK/ecrobot/../ecrobot/libecrobot.a(i2c.oram)
 .comment       0x0000000000000000       0x12 /home/jmherruzo/LEGO/nxtOSEK/ecrobot/../ecrobot/libecrobot.a(sound.oram)
 .comment       0x0000000000000000       0x12 /home/jmherruzo/LEGO/nxtOSEK/ecrobot/../ecrobot/libecrobot.a(bt.oram)
 .comment       0x0000000000000000       0x12 /home/jmherruzo/LEGO/nxtOSEK/ecrobot/../ecrobot/libecrobot.a(nxt_avr.oram)
 .comment       0x0000000000000000       0x12 /home/jmherruzo/LEGO/nxtOSEK/ecrobot/../ecrobot/libecrobot.a(sensors.oram)
 .comment       0x0000000000000000       0x12 /home/jmherruzo/LEGO/nxtOSEK/ecrobot/../ecrobot/libecrobot.a(sensors1.oram)
 .comment       0x0000000000000000       0x12 /home/jmherruzo/LEGO/nxtOSEK/ecrobot/../ecrobot/libecrobot.a(nxt_lcd.oram)
 .comment       0x0000000000000000       0x12 /home/jmherruzo/LEGO/nxtOSEK/ecrobot/../ecrobot/libecrobot.a(flash_loader.oram)
 .comment       0x0000000000000000       0x12 /home/jmherruzo/LEGO/nxtOSEK/ecrobot/../ecrobot/libecrobot.a(ecrobot_usb.o)
 .comment       0x0000000000000000       0x12 /home/jmherruzo/LEGO/nxtOSEK/ecrobot/../ecrobot/libecrobot.a(flashprog.oram)
 .comment       0x0000000000000000       0x12 /home/jmherruzo/LEGO/gnuarm/lib/gcc/arm-elf/4.4.2/thumb/interwork/libgcc.a(_muldi3.o)
 .comment       0x0000000000000000       0x12 /home/jmherruzo/LEGO/gnuarm/lib/gcc/arm-elf/4.4.2/thumb/interwork/libgcc.a(_divdi3.o)
 .comment       0x0000000000000000       0x12 /home/jmherruzo/LEGO/gnuarm/lib/gcc/arm-elf/4.4.2/../../../../arm-elf/lib/thumb/interwork/libc.a(lib_a-memcpy.o)
 .comment       0x0000000000000000       0x12 /home/jmherruzo/LEGO/gnuarm/lib/gcc/arm-elf/4.4.2/../../../../arm-elf/lib/thumb/interwork/libc.a(lib_a-memset.o)
 .comment       0x0000000000000000       0x12 /home/jmherruzo/LEGO/gnuarm/lib/gcc/arm-elf/4.4.2/../../../../arm-elf/lib/thumb/interwork/libc.a(lib_a-sprintf.o)
 .comment       0x0000000000000000       0x12 /home/jmherruzo/LEGO/gnuarm/lib/gcc/arm-elf/4.4.2/../../../../arm-elf/lib/thumb/interwork/libc.a(lib_a-strcmp.o)
 .comment       0x0000000000000000       0x12 /home/jmherruzo/LEGO/gnuarm/lib/gcc/arm-elf/4.4.2/../../../../arm-elf/lib/thumb/interwork/libc.a(lib_a-strcpy.o)
 .comment       0x0000000000000000       0x12 /home/jmherruzo/LEGO/gnuarm/lib/gcc/arm-elf/4.4.2/../../../../arm-elf/lib/thumb/interwork/libc.a(lib_a-strlen.o)
 .comment       0x0000000000000000       0x12 /home/jmherruzo/LEGO/gnuarm/lib/gcc/arm-elf/4.4.2/../../../../arm-elf/lib/thumb/interwork/libc.a(lib_a-strncpy.o)
 .comment       0x0000000000000000       0x12 /home/jmherruzo/LEGO/gnuarm/lib/gcc/arm-elf/4.4.2/../../../../arm-elf/lib/thumb/interwork/libc.a(lib_a-svfprintf.o)
 .comment       0x0000000000000000       0x12 /home/jmherruzo/LEGO/gnuarm/lib/gcc/arm-elf/4.4.2/../../../../arm-elf/lib/thumb/interwork/libc.a(lib_a-dtoa.o)
 .comment       0x0000000000000000       0x12 /home/jmherruzo/LEGO/gnuarm/lib/gcc/arm-elf/4.4.2/../../../../arm-elf/lib/thumb/interwork/libc.a(lib_a-impure.o)
 .comment       0x0000000000000000       0x12 /home/jmherruzo/LEGO/gnuarm/lib/gcc/arm-elf/4.4.2/../../../../arm-elf/lib/thumb/interwork/libc.a(lib_a-locale.o)
 .comment       0x0000000000000000       0x12 /home/jmherruzo/LEGO/gnuarm/lib/gcc/arm-elf/4.4.2/../../../../arm-elf/lib/thumb/interwork/libc.a(lib_a-mallocr.o)
 .comment       0x0000000000000000       0x12 /home/jmherruzo/LEGO/gnuarm/lib/gcc/arm-elf/4.4.2/../../../../arm-elf/lib/thumb/interwork/libc.a(lib_a-memchr.o)
 .comment       0x0000000000000000       0x12 /home/jmherruzo/LEGO/gnuarm/lib/gcc/arm-elf/4.4.2/../../../../arm-elf/lib/thumb/interwork/libc.a(lib_a-mlock.o)
 .comment       0x0000000000000000       0x12 /home/jmherruzo/LEGO/gnuarm/lib/gcc/arm-elf/4.4.2/../../../../arm-elf/lib/thumb/interwork/libc.a(lib_a-mprec.o)
 .comment       0x0000000000000000       0x12 /home/jmherruzo/LEGO/gnuarm/lib/gcc/arm-elf/4.4.2/../../../../arm-elf/lib/thumb/interwork/libc.a(lib_a-s_fpclassify.o)
 .comment       0x0000000000000000       0x12 /home/jmherruzo/LEGO/gnuarm/lib/gcc/arm-elf/4.4.2/../../../../arm-elf/lib/thumb/interwork/libc.a(lib_a-svfiprintf.o)
 .comment       0x0000000000000000       0x12 /home/jmherruzo/LEGO/gnuarm/lib/gcc/arm-elf/4.4.2/../../../../arm-elf/lib/thumb/interwork/libc.a(lib_a-callocr.o)
 .comment       0x0000000000000000       0x12 /home/jmherruzo/LEGO/gnuarm/lib/gcc/arm-elf/4.4.2/../../../../arm-elf/lib/thumb/interwork/libc.a(lib_a-freer.o)
 .comment       0x0000000000000000       0x12 /home/jmherruzo/LEGO/gnuarm/lib/gcc/arm-elf/4.4.2/../../../../arm-elf/lib/thumb/interwork/libc.a(lib_a-memmove.o)
 .comment       0x0000000000000000       0x12 /home/jmherruzo/LEGO/gnuarm/lib/gcc/arm-elf/4.4.2/../../../../arm-elf/lib/thumb/interwork/libc.a(lib_a-reallocr.o)

.ARM.attributes
                0x0000000000000000       0x10
 .ARM.attributes
                0x0000000000000000       0x10 build/kernel/alarm.o
 .ARM.attributes
                0x0000000000000010       0x10 build/kernel/event.o
 .ARM.attributes
                0x0000000000000020       0x10 build/kernel/interrupt.o
 .ARM.attributes
                0x0000000000000030       0x10 build/kernel/osctl.o
 .ARM.attributes
                0x0000000000000040       0x10 build/kernel/resource.o
 .ARM.attributes
                0x0000000000000050       0x10 build/kernel/task.o
 .ARM.attributes
                0x0000000000000060       0x10 build/kernel/task_manage.o
 .ARM.attributes
                0x0000000000000070       0x10 build/config/at91sam7s-gnu/cpu_config.o
 .ARM.attributes
                0x0000000000000080       0x10 build/config/at91sam7s-gnu/lego_nxt/sys_config.o
 .ARM.attributes
                0x0000000000000090       0x10 build/./kernel_cfg.o
 .ARM.attributes
                0x00000000000000a0       0x10 build/syscalls.o
 .ARM.attributes
                0x00000000000000b0       0x10 build/ecrobot_bluetooth.o
 .ARM.attributes
                0x00000000000000c0       0x10 build/ecrobot_base.o
 .ARM.attributes
                0x00000000000000d0       0x10 build/ecrobot.o
 .ARM.attributes
                0x00000000000000e0       0x10 build/practica1a.o
 .ARM.attributes
                0x00000000000000f0       0x10 build/syslib/at91sam7s-gnu/lego_nxt/hw_sys_timer.oram
 .ARM.attributes
                0x0000000000000100       0x10 build/nxtvm/platform/nxt/vectors.o
 .ARM.attributes
                0x0000000000000110       0x10 build/config/at91sam7s-gnu/debug.o
 .ARM.attributes
                0x0000000000000120       0x10 build/config/at91sam7s-gnu/lego_nxt/sys_support.o
 .ARM.attributes
                0x0000000000000130       0x10 build/nxt_binary_header.o
 .ARM.attributes
                0x0000000000000140       0x10 build/nxt_entry_point.o
 .ARM.attributes
                0x0000000000000150       0x10 build/ecrobot_init.o
 .ARM.attributes
                0x0000000000000160       0x10 build/config/at91sam7s-gnu/cpu_support.oram
 .ARM.attributes
                0x0000000000000170       0x10 build/config/at91sam7s-gnu/irq.oram
 .ARM.attributes
                0x0000000000000180       0x10 /home/jmherruzo/LEGO/nxtOSEK/ecrobot/../ecrobot/libecrobot.a(ecrobot_device_hook.o)
 .ARM.attributes
                0x0000000000000190       0x10 /home/jmherruzo/LEGO/nxtOSEK/ecrobot/../ecrobot/libecrobot.a(ecrobot_interface.o)
 .ARM.attributes
                0x00000000000001a0       0x10 /home/jmherruzo/LEGO/nxtOSEK/ecrobot/../ecrobot/libecrobot.a(colorsensor.o)
 .ARM.attributes
                0x00000000000001b0       0x10 /home/jmherruzo/LEGO/nxtOSEK/ecrobot/../ecrobot/libecrobot.a(osek_hook.o)
 .ARM.attributes
                0x00000000000001c0       0x10 /home/jmherruzo/LEGO/nxtOSEK/ecrobot/../ecrobot/libecrobot.a(uart.oram)
 .ARM.attributes
                0x00000000000001d0       0x10 /home/jmherruzo/LEGO/nxtOSEK/ecrobot/../ecrobot/libecrobot.a(systick.oram)
 .ARM.attributes
                0x00000000000001e0       0x10 /home/jmherruzo/LEGO/nxtOSEK/ecrobot/../ecrobot/libecrobot.a(byte_fifo.oram)
 .ARM.attributes
                0x00000000000001f0       0x10 /home/jmherruzo/LEGO/nxtOSEK/ecrobot/../ecrobot/libecrobot.a(aic.oram)
 .ARM.attributes
                0x0000000000000200       0x10 /home/jmherruzo/LEGO/nxtOSEK/ecrobot/../ecrobot/libecrobot.a(udp.oram)
 .ARM.attributes
                0x0000000000000210       0x10 /home/jmherruzo/LEGO/nxtOSEK/ecrobot/../ecrobot/libecrobot.a(twi.oram)
 .ARM.attributes
                0x0000000000000220       0x10 /home/jmherruzo/LEGO/nxtOSEK/ecrobot/../ecrobot/libecrobot.a(nxt_spi.oram)
 .ARM.attributes
                0x0000000000000230       0x10 /home/jmherruzo/LEGO/nxtOSEK/ecrobot/../ecrobot/libecrobot.a(nxt_motors.oram)
 .ARM.attributes
                0x0000000000000240       0x10 /home/jmherruzo/LEGO/nxtOSEK/ecrobot/../ecrobot/libecrobot.a(data_abort.oram)
 .ARM.attributes
                0x0000000000000250       0x10 /home/jmherruzo/LEGO/nxtOSEK/ecrobot/../ecrobot/libecrobot.a(display.oram)
 .ARM.attributes
                0x0000000000000260       0x10 /home/jmherruzo/LEGO/nxtOSEK/ecrobot/../ecrobot/libecrobot.a(i2c.oram)
 .ARM.attributes
                0x0000000000000270       0x10 /home/jmherruzo/LEGO/nxtOSEK/ecrobot/../ecrobot/libecrobot.a(sound.oram)
 .ARM.attributes
                0x0000000000000280       0x10 /home/jmherruzo/LEGO/nxtOSEK/ecrobot/../ecrobot/libecrobot.a(bt.oram)
 .ARM.attributes
                0x0000000000000290       0x10 /home/jmherruzo/LEGO/nxtOSEK/ecrobot/../ecrobot/libecrobot.a(nxt_avr.oram)
 .ARM.attributes
                0x00000000000002a0       0x10 /home/jmherruzo/LEGO/nxtOSEK/ecrobot/../ecrobot/libecrobot.a(sensors.oram)
 .ARM.attributes
                0x00000000000002b0       0x10 /home/jmherruzo/LEGO/nxtOSEK/ecrobot/../ecrobot/libecrobot.a(sensors1.oram)
 .ARM.attributes
                0x00000000000002c0       0x10 /home/jmherruzo/LEGO/nxtOSEK/ecrobot/../ecrobot/libecrobot.a(nxt_lcd.oram)
 .ARM.attributes
                0x00000000000002d0       0x10 /home/jmherruzo/LEGO/nxtOSEK/ecrobot/../ecrobot/libecrobot.a(flash_loader.oram)
 .ARM.attributes
                0x00000000000002e0       0x10 /home/jmherruzo/LEGO/nxtOSEK/ecrobot/../ecrobot/libecrobot.a(interrupts.oram)
 .ARM.attributes
                0x00000000000002f0       0x10 /home/jmherruzo/LEGO/nxtOSEK/ecrobot/../ecrobot/libecrobot.a(ecrobot_usb.o)
 .ARM.attributes
                0x0000000000000300       0x10 /home/jmherruzo/LEGO/nxtOSEK/ecrobot/../ecrobot/libecrobot.a(flashprog.oram)
 .ARM.attributes
                0x0000000000000310       0x10 /home/jmherruzo/LEGO/gnuarm/lib/gcc/arm-elf/4.4.2/thumb/interwork/libgcc.a(_udivsi3.o)
 .ARM.attributes
                0x0000000000000320       0x10 /home/jmherruzo/LEGO/gnuarm/lib/gcc/arm-elf/4.4.2/thumb/interwork/libgcc.a(_divsi3.o)
 .ARM.attributes
                0x0000000000000330       0x10 /home/jmherruzo/LEGO/gnuarm/lib/gcc/arm-elf/4.4.2/thumb/interwork/libgcc.a(_umodsi3.o)
 .ARM.attributes
                0x0000000000000340       0x10 /home/jmherruzo/LEGO/gnuarm/lib/gcc/arm-elf/4.4.2/thumb/interwork/libgcc.a(_modsi3.o)
 .ARM.attributes
                0x0000000000000350       0x10 /home/jmherruzo/LEGO/gnuarm/lib/gcc/arm-elf/4.4.2/thumb/interwork/libgcc.a(_dvmd_tls.o)
 .ARM.attributes
                0x0000000000000360       0x10 /home/jmherruzo/LEGO/gnuarm/lib/gcc/arm-elf/4.4.2/thumb/interwork/libgcc.a(_arm_addsubdf3.o)
 .ARM.attributes
                0x0000000000000370       0x10 /home/jmherruzo/LEGO/gnuarm/lib/gcc/arm-elf/4.4.2/thumb/interwork/libgcc.a(_arm_muldivdf3.o)
 .ARM.attributes
                0x0000000000000380       0x10 /home/jmherruzo/LEGO/gnuarm/lib/gcc/arm-elf/4.4.2/thumb/interwork/libgcc.a(_arm_cmpdf2.o)
 .ARM.attributes
                0x0000000000000390       0x10 /home/jmherruzo/LEGO/gnuarm/lib/gcc/arm-elf/4.4.2/thumb/interwork/libgcc.a(_muldi3.o)
 .ARM.attributes
                0x00000000000003a0       0x10 /home/jmherruzo/LEGO/gnuarm/lib/gcc/arm-elf/4.4.2/thumb/interwork/libgcc.a(_divdi3.o)
 .ARM.attributes
                0x00000000000003b0       0x10 /home/jmherruzo/LEGO/gnuarm/lib/gcc/arm-elf/4.4.2/thumb/interwork/libgcc.a(_clzsi2.o)
 .ARM.attributes
                0x00000000000003c0       0x10 /home/jmherruzo/LEGO/gnuarm/lib/gcc/arm-elf/4.4.2/../../../../arm-elf/lib/thumb/interwork/libc.a(lib_a-memcpy.o)
 .ARM.attributes
                0x00000000000003d0       0x10 /home/jmherruzo/LEGO/gnuarm/lib/gcc/arm-elf/4.4.2/../../../../arm-elf/lib/thumb/interwork/libc.a(lib_a-memset.o)
 .ARM.attributes
                0x00000000000003e0       0x10 /home/jmherruzo/LEGO/gnuarm/lib/gcc/arm-elf/4.4.2/../../../../arm-elf/lib/thumb/interwork/libc.a(lib_a-sprintf.o)
 .ARM.attributes
                0x00000000000003f0       0x10 /home/jmherruzo/LEGO/gnuarm/lib/gcc/arm-elf/4.4.2/../../../../arm-elf/lib/thumb/interwork/libc.a(lib_a-strcmp.o)
 .ARM.attributes
                0x0000000000000400       0x10 /home/jmherruzo/LEGO/gnuarm/lib/gcc/arm-elf/4.4.2/../../../../arm-elf/lib/thumb/interwork/libc.a(lib_a-strcpy.o)
 .ARM.attributes
                0x0000000000000410       0x10 /home/jmherruzo/LEGO/gnuarm/lib/gcc/arm-elf/4.4.2/../../../../arm-elf/lib/thumb/interwork/libc.a(lib_a-strlen.o)
 .ARM.attributes
                0x0000000000000420       0x10 /home/jmherruzo/LEGO/gnuarm/lib/gcc/arm-elf/4.4.2/../../../../arm-elf/lib/thumb/interwork/libc.a(lib_a-strncpy.o)
 .ARM.attributes
                0x0000000000000430       0x10 /home/jmherruzo/LEGO/gnuarm/lib/gcc/arm-elf/4.4.2/../../../../arm-elf/lib/thumb/interwork/libc.a(lib_a-svfprintf.o)
 .ARM.attributes
                0x0000000000000440       0x10 /home/jmherruzo/LEGO/gnuarm/lib/gcc/arm-elf/4.4.2/../../../../arm-elf/lib/thumb/interwork/libc.a(lib_a-dtoa.o)
 .ARM.attributes
                0x0000000000000450       0x10 /home/jmherruzo/LEGO/gnuarm/lib/gcc/arm-elf/4.4.2/../../../../arm-elf/lib/thumb/interwork/libc.a(lib_a-impure.o)
 .ARM.attributes
                0x0000000000000460       0x10 /home/jmherruzo/LEGO/gnuarm/lib/gcc/arm-elf/4.4.2/../../../../arm-elf/lib/thumb/interwork/libc.a(lib_a-locale.o)
 .ARM.attributes
                0x0000000000000470       0x10 /home/jmherruzo/LEGO/gnuarm/lib/gcc/arm-elf/4.4.2/../../../../arm-elf/lib/thumb/interwork/libc.a(lib_a-mallocr.o)
 .ARM.attributes
                0x0000000000000480       0x10 /home/jmherruzo/LEGO/gnuarm/lib/gcc/arm-elf/4.4.2/../../../../arm-elf/lib/thumb/interwork/libc.a(lib_a-memchr.o)
 .ARM.attributes
                0x0000000000000490       0x10 /home/jmherruzo/LEGO/gnuarm/lib/gcc/arm-elf/4.4.2/../../../../arm-elf/lib/thumb/interwork/libc.a(lib_a-mlock.o)
 .ARM.attributes
                0x00000000000004a0       0x10 /home/jmherruzo/LEGO/gnuarm/lib/gcc/arm-elf/4.4.2/../../../../arm-elf/lib/thumb/interwork/libc.a(lib_a-mprec.o)
 .ARM.attributes
                0x00000000000004b0       0x10 /home/jmherruzo/LEGO/gnuarm/lib/gcc/arm-elf/4.4.2/../../../../arm-elf/lib/thumb/interwork/libc.a(lib_a-s_fpclassify.o)
 .ARM.attributes
                0x00000000000004c0       0x10 /home/jmherruzo/LEGO/gnuarm/lib/gcc/arm-elf/4.4.2/../../../../arm-elf/lib/thumb/interwork/libc.a(lib_a-svfiprintf.o)
 .ARM.attributes
                0x00000000000004d0       0x10 /home/jmherruzo/LEGO/gnuarm/lib/gcc/arm-elf/4.4.2/../../../../arm-elf/lib/thumb/interwork/libc.a(lib_a-callocr.o)
 .ARM.attributes
                0x00000000000004e0       0x10 /home/jmherruzo/LEGO/gnuarm/lib/gcc/arm-elf/4.4.2/../../../../arm-elf/lib/thumb/interwork/libc.a(lib_a-freer.o)
 .ARM.attributes
                0x00000000000004f0       0x10 /home/jmherruzo/LEGO/gnuarm/lib/gcc/arm-elf/4.4.2/../../../../arm-elf/lib/thumb/interwork/libc.a(lib_a-memmove.o)
 .ARM.attributes
                0x0000000000000500       0x10 /home/jmherruzo/LEGO/gnuarm/lib/gcc/arm-elf/4.4.2/../../../../arm-elf/lib/thumb/interwork/libc.a(lib_a-reallocr.o)
 .ARM.attributes
                0x0000000000000510       0x10 /home/jmherruzo/LEGO/gnuarm/lib/gcc/arm-elf/4.4.2/thumb/interwork/libgcc.a(_arm_fixdfsi.o)
 .ARM.attributes
                0x0000000000000520       0x10 build/nxtvm/platform/nxt/vectors.o

.debug_frame    0x0000000000000000       0xa0
 .debug_frame   0x0000000000000000       0x28 /home/jmherruzo/LEGO/gnuarm/lib/gcc/arm-elf/4.4.2/thumb/interwork/libgcc.a(_udivsi3.o)
 .debug_frame   0x0000000000000028       0x28 /home/jmherruzo/LEGO/gnuarm/lib/gcc/arm-elf/4.4.2/thumb/interwork/libgcc.a(_divsi3.o)
 .debug_frame   0x0000000000000050       0x28 /home/jmherruzo/LEGO/gnuarm/lib/gcc/arm-elf/4.4.2/thumb/interwork/libgcc.a(_umodsi3.o)
 .debug_frame   0x0000000000000078       0x28 /home/jmherruzo/LEGO/gnuarm/lib/gcc/arm-elf/4.4.2/thumb/interwork/libgcc.a(_modsi3.o)

.debug_line     0x0000000000000000     0x30f5
 .debug_line    0x0000000000000000       0x90 /home/jmherruzo/LEGO/gnuarm/lib/gcc/arm-elf/4.4.2/thumb/interwork/libgcc.a(_udivsi3.o)
 .debug_line    0x0000000000000090       0x9c /home/jmherruzo/LEGO/gnuarm/lib/gcc/arm-elf/4.4.2/thumb/interwork/libgcc.a(_divsi3.o)
 .debug_line    0x000000000000012c       0x88 /home/jmherruzo/LEGO/gnuarm/lib/gcc/arm-elf/4.4.2/thumb/interwork/libgcc.a(_umodsi3.o)
 .debug_line    0x00000000000001b4       0x91 /home/jmherruzo/LEGO/gnuarm/lib/gcc/arm-elf/4.4.2/thumb/interwork/libgcc.a(_modsi3.o)
 .debug_line    0x0000000000000245       0x7a /home/jmherruzo/LEGO/gnuarm/lib/gcc/arm-elf/4.4.2/thumb/interwork/libgcc.a(_dvmd_tls.o)
 .debug_line    0x00000000000002bf      0x182 /home/jmherruzo/LEGO/gnuarm/lib/gcc/arm-elf/4.4.2/thumb/interwork/libgcc.a(_arm_addsubdf3.o)
 .debug_line    0x0000000000000441      0x197 /home/jmherruzo/LEGO/gnuarm/lib/gcc/arm-elf/4.4.2/thumb/interwork/libgcc.a(_arm_muldivdf3.o)
 .debug_line    0x00000000000005d8       0xc4 /home/jmherruzo/LEGO/gnuarm/lib/gcc/arm-elf/4.4.2/thumb/interwork/libgcc.a(_arm_cmpdf2.o)
 .debug_line    0x000000000000069c       0x85 /home/jmherruzo/LEGO/gnuarm/lib/gcc/arm-elf/4.4.2/thumb/interwork/libgcc.a(_muldi3.o)
 .debug_line    0x0000000000000721       0xe6 /home/jmherruzo/LEGO/gnuarm/lib/gcc/arm-elf/4.4.2/thumb/interwork/libgcc.a(_divdi3.o)
 .debug_line    0x0000000000000807       0x87 /home/jmherruzo/LEGO/gnuarm/lib/gcc/arm-elf/4.4.2/thumb/interwork/libgcc.a(_clzsi2.o)
 .debug_line    0x000000000000088e      0x147 /home/jmherruzo/LEGO/gnuarm/lib/gcc/arm-elf/4.4.2/../../../../arm-elf/lib/thumb/interwork/libc.a(lib_a-memcpy.o)
 .debug_line    0x00000000000009d5      0x142 /home/jmherruzo/LEGO/gnuarm/lib/gcc/arm-elf/4.4.2/../../../../arm-elf/lib/thumb/interwork/libc.a(lib_a-memset.o)
 .debug_line    0x0000000000000b17      0x19c /home/jmherruzo/LEGO/gnuarm/lib/gcc/arm-elf/4.4.2/../../../../arm-elf/lib/thumb/interwork/libc.a(lib_a-sprintf.o)
 .debug_line    0x0000000000000cb3       0xbf /home/jmherruzo/LEGO/gnuarm/lib/gcc/arm-elf/4.4.2/../../../../arm-elf/lib/thumb/interwork/libc.a(lib_a-strcmp.o)
 .debug_line    0x0000000000000d72       0xbf /home/jmherruzo/LEGO/gnuarm/lib/gcc/arm-elf/4.4.2/../../../../arm-elf/lib/thumb/interwork/libc.a(lib_a-strcpy.o)
 .debug_line    0x0000000000000e31      0x108 /home/jmherruzo/LEGO/gnuarm/lib/gcc/arm-elf/4.4.2/../../../../arm-elf/lib/thumb/interwork/libc.a(lib_a-strlen.o)
 .debug_line    0x0000000000000f39      0x11c /home/jmherruzo/LEGO/gnuarm/lib/gcc/arm-elf/4.4.2/../../../../arm-elf/lib/thumb/interwork/libc.a(lib_a-strncpy.o)
 .debug_line    0x0000000000001055      0x50b /home/jmherruzo/LEGO/gnuarm/lib/gcc/arm-elf/4.4.2/../../../../arm-elf/lib/thumb/interwork/libc.a(lib_a-svfprintf.o)
 .debug_line    0x0000000000001560      0x4cd /home/jmherruzo/LEGO/gnuarm/lib/gcc/arm-elf/4.4.2/../../../../arm-elf/lib/thumb/interwork/libc.a(lib_a-dtoa.o)
 .debug_line    0x0000000000001a2d      0x108 /home/jmherruzo/LEGO/gnuarm/lib/gcc/arm-elf/4.4.2/../../../../arm-elf/lib/thumb/interwork/libc.a(lib_a-impure.o)
 .debug_line    0x0000000000001b35      0x193 /home/jmherruzo/LEGO/gnuarm/lib/gcc/arm-elf/4.4.2/../../../../arm-elf/lib/thumb/interwork/libc.a(lib_a-locale.o)
 .debug_line    0x0000000000001cc8      0x279 /home/jmherruzo/LEGO/gnuarm/lib/gcc/arm-elf/4.4.2/../../../../arm-elf/lib/thumb/interwork/libc.a(lib_a-mallocr.o)
 .debug_line    0x0000000000001f41      0x126 /home/jmherruzo/LEGO/gnuarm/lib/gcc/arm-elf/4.4.2/../../../../arm-elf/lib/thumb/interwork/libc.a(lib_a-memchr.o)
 .debug_line    0x0000000000002067      0x11a /home/jmherruzo/LEGO/gnuarm/lib/gcc/arm-elf/4.4.2/../../../../arm-elf/lib/thumb/interwork/libc.a(lib_a-mlock.o)
 .debug_line    0x0000000000002181      0x451 /home/jmherruzo/LEGO/gnuarm/lib/gcc/arm-elf/4.4.2/../../../../arm-elf/lib/thumb/interwork/libc.a(lib_a-mprec.o)
 .debug_line    0x00000000000025d2      0x12e /home/jmherruzo/LEGO/gnuarm/lib/gcc/arm-elf/4.4.2/../../../../arm-elf/lib/thumb/interwork/libc.a(lib_a-s_fpclassify.o)
 .debug_line    0x0000000000002700      0x3a8 /home/jmherruzo/LEGO/gnuarm/lib/gcc/arm-elf/4.4.2/../../../../arm-elf/lib/thumb/interwork/libc.a(lib_a-svfiprintf.o)
 .debug_line    0x0000000000002aa8      0x124 /home/jmherruzo/LEGO/gnuarm/lib/gcc/arm-elf/4.4.2/../../../../arm-elf/lib/thumb/interwork/libc.a(lib_a-callocr.o)
 .debug_line    0x0000000000002bcc      0x18d /home/jmherruzo/LEGO/gnuarm/lib/gcc/arm-elf/4.4.2/../../../../arm-elf/lib/thumb/interwork/libc.a(lib_a-freer.o)
 .debug_line    0x0000000000002d59      0x155 /home/jmherruzo/LEGO/gnuarm/lib/gcc/arm-elf/4.4.2/../../../../arm-elf/lib/thumb/interwork/libc.a(lib_a-memmove.o)
 .debug_line    0x0000000000002eae      0x1b8 /home/jmherruzo/LEGO/gnuarm/lib/gcc/arm-elf/4.4.2/../../../../arm-elf/lib/thumb/interwork/libc.a(lib_a-reallocr.o)
 .debug_line    0x0000000000003066       0x8f /home/jmherruzo/LEGO/gnuarm/lib/gcc/arm-elf/4.4.2/thumb/interwork/libgcc.a(_arm_fixdfsi.o)

.debug_info     0x0000000000000000     0xb0a6
 .debug_info    0x0000000000000000       0xb4 /home/jmherruzo/LEGO/gnuarm/lib/gcc/arm-elf/4.4.2/thumb/interwork/libgcc.a(_udivsi3.o)
 .debug_info    0x00000000000000b4       0xb4 /home/jmherruzo/LEGO/gnuarm/lib/gcc/arm-elf/4.4.2/thumb/interwork/libgcc.a(_divsi3.o)
 .debug_info    0x0000000000000168       0xb4 /home/jmherruzo/LEGO/gnuarm/lib/gcc/arm-elf/4.4.2/thumb/interwork/libgcc.a(_umodsi3.o)
 .debug_info    0x000000000000021c       0xb4 /home/jmherruzo/LEGO/gnuarm/lib/gcc/arm-elf/4.4.2/thumb/interwork/libgcc.a(_modsi3.o)
 .debug_info    0x00000000000002d0       0xb4 /home/jmherruzo/LEGO/gnuarm/lib/gcc/arm-elf/4.4.2/thumb/interwork/libgcc.a(_dvmd_tls.o)
 .debug_info    0x0000000000000384       0xb3 /home/jmherruzo/LEGO/gnuarm/lib/gcc/arm-elf/4.4.2/thumb/interwork/libgcc.a(_arm_addsubdf3.o)